<html>
<body>
<pre>
<h1>µVision Build Log</h1>
<h2>Tool Versions:</h2>
IDE-Version: µVision V5.14.0.0
Copyright (C) 2015 ARM Ltd and ARM Germany GmbH. All rights reserved.
License Information: John Doe, None, LIC=TA3Z9-4QUJ5-D1SPR-KBERY-TT558-ZT3FQ
 
Tool Versions:
Toolchain:       MDK-ARM Professional  Version: 5.14.0.0
Toolchain Path:  D:\Program Files\Keil uVision 5\ARM\ARMCC\Bin
C Compiler:      Armcc.exe V5.05 update 1 (build 106)
Assembler:       Armasm.exe V5.05 update 1 (build 106)
Linker/Locator:  ArmLink.exe V5.05 update 1 (build 106)
Library Manager: ArmAr.exe V5.05 update 1 (build 106)
Hex Converter:   FromElf.exe V5.05 update 1 (build 106)
CPU DLL:         SARMCM3.DLL V5.14.0.0
Dialog DLL:      DCM.DLL V1.13.1.0
Target DLL:      STLink\ST-LINKIII-KEIL_SWO.dll V2.0.14.0_KEIL
Dialog DLL:      TCM.DLL V1.14.4.0
 
<h2>Project:</h2>
D:\STM32F4\Završni rad\Project\LCD_menu.uvproj
Project File Date:  05/10/2015

<h2>Output:</h2>
Build target 'Target 1'
compiling menu_touch.c...
..\00-STM32F4xx_STANDARD_PERIPHERAL_DRIVERS\CMSIS\Device\ST\STM32F4xx\Include\stm32f4xx.h(93): warning:  #47-D: incompatible redefinition of macro "STM32F40_41xxx"
    #define STM32F40_41xxx
.\User\XPT2046.h(22): warning:  #1295-D: Deprecated declaration XPT2046_Init - give arg types
  void XPT2046_Init();
.\User\XPT2046.h(24): warning:  #1295-D: Deprecated declaration XPT2046_read_x - give arg types
  uint16_t XPT2046_read_x();
.\User\XPT2046.h(25): warning:  #1295-D: Deprecated declaration XPT2046_read_y - give arg types
  uint16_t XPT2046_read_y();
.\User\XPT2046.h(26): warning:  #1295-D: Deprecated declaration XPT2046_read - give arg types
  uint16_t XPT2046_read();
.\User\XPT2046.h(27): warning:  #1295-D: Deprecated declaration XPT2046_pressed - give arg types
  uint8_t XPT2046_pressed();
.\User\XPT2046.h(28): warning:  #1295-D: Deprecated declaration XPT2046_round_read - give arg types
  void XPT2046_round_read();
.\User\XPT2046.h(29): warning:  #1295-D: Deprecated declaration XPT2046_to_240_320 - give arg types
  void XPT2046_to_240_320();
.\User\XPT2046.h(32): warning:  #1-D: last line of file ends without a newline
  #endif
..\Menu\menu_touch.h(15): warning:  #1295-D: Deprecated declaration menu_touch_init - give arg types
  void menu_touch_init();
..\Menu\menu_touch.h(17): warning:  #1295-D: Deprecated declaration menu_touch_pressed - give arg types
  uint8_t menu_touch_pressed();
..\Menu\menu_touch.h(20): warning:  #1-D: last line of file ends without a newline
  #endif
..\Menu\menu_touch.c(54): warning:  #1-D: last line of file ends without a newline
  }
..\Menu\menu_touch.c: 13 warnings, 0 errors
linking...
Program Size: Code=19922 RO-data=5858 RW-data=2200 ZI-data=37632  
FromELF: creating hex file...
".\Build\LCD_menu.axf" - 0 Error(s), 13 Warning(s).
</pre>
</body>
</html>
