Component: ARM Compiler 5.05 update 1 (build 106) Tool: armlink [4d0efa]

==============================================================================

Section Cross References

    startup_stm32f40xx.o(STACK) refers (Special) to heapauxi.o(.text) for __use_two_region_memory
    startup_stm32f40xx.o(HEAP) refers (Special) to heapauxi.o(.text) for __use_two_region_memory
    startup_stm32f40xx.o(RESET) refers (Special) to heapauxi.o(.text) for __use_two_region_memory
    startup_stm32f40xx.o(RESET) refers to startup_stm32f40xx.o(STACK) for __initial_sp
    startup_stm32f40xx.o(RESET) refers to startup_stm32f40xx.o(.text) for Reset_Handler
    startup_stm32f40xx.o(RESET) refers to stm32f4xx_it.o(.text) for NMI_Handler
    startup_stm32f40xx.o(RESET) refers to port.o(.emb_text) for SVC_Handler
    startup_stm32f40xx.o(RESET) refers to port.o(.text) for SysTick_Handler
    startup_stm32f40xx.o(RESET) refers to usart.o(.text) for USART1_IRQHandler
    startup_stm32f40xx.o(.text) refers (Special) to heapauxi.o(.text) for __use_two_region_memory
    startup_stm32f40xx.o(.text) refers to system_stm32f4xx.o(.text) for SystemInit
    startup_stm32f40xx.o(.text) refers to __main.o(!!!main) for __main
    startup_stm32f40xx.o(.text) refers to startup_stm32f40xx.o(HEAP) for Heap_Mem
    startup_stm32f40xx.o(.text) refers to startup_stm32f40xx.o(STACK) for Stack_Mem
    system_stm32f4xx.o(.text) refers to system_stm32f4xx.o(.data) for .data
    main.o(.text) refers to tasks.o(.text) for vTaskDelay
    main.o(.text) refers to usart.o(.text) for USART_puts
    main.o(.text) refers to menu_system.o(.text) for cycle_menu
    main.o(.text) refers to tm_stm32f4_ili9341.o(.text) for TM_ILI9341_Init
    main.o(.text) refers to xpt2046.o(.text) for XPT2046_Init
    main.o(.text) refers to main.o(.data) for .data
    main.o(.text) refers to tm_stm32f4_fonts.o(.data) for TM_Font_11x18
    main.o(.data) refers to menu_functions.o(.text) for verzija
    main.o(.data) refers to menu_functions.o(.text) for LED
    main.o(.data) refers to main.o(.data) for Version_Info
    main.o(.data) refers to main.o(.data) for Author_Info
    main.o(.data) refers to menu_functions.o(.text) for terminal
    main.o(.data) refers to menu_functions.o(.text) for apocalypse
    main.o(.data) refers to menu_functions.o(.text) for touch
    main.o(.data) refers to main.o(.data) for LED_Main_Menu
    main.o(.data) refers to main.o(.data) for Voltmeter_Main_Menu
    main.o(.data) refers to main.o(.data) for Clock_Main_Menu
    main.o(.data) refers to main.o(.data) for Terminal_Main_Menu
    main.o(.data) refers to main.o(.data) for Calculator_Main_Menu
    main.o(.data) refers to main.o(.data) for Notepad_Main_Menu
    main.o(.data) refers to main.o(.data) for WorldDomination_Main_Menu
    main.o(.data) refers to main.o(.data) for Apocalypse_Main_Menu
    main.o(.data) refers to main.o(.data) for Info_Main_Menu
    main.o(.data) refers to main.o(.data) for Touch_Main_Menu
    usart.o(.text) refers to stm32f4xx_rcc.o(.text) for RCC_APB2PeriphClockCmd
    usart.o(.text) refers to stm32f4xx_gpio.o(.text) for GPIO_Init
    usart.o(.text) refers to stm32f4xx_usart.o(.text) for USART_Init
    usart.o(.text) refers to misc.o(.text) for NVIC_Init
    usart.o(.text) refers to menu_event.o(.data) for menu_event_key
    xpt2046.o(.text) refers to tm_stm32f4_gpio.o(.text) for TM_GPIO_Init
    xpt2046.o(.text) refers to stm32f4xx_gpio.o(.text) for GPIO_SetBits
    xpt2046.o(.text) refers to tm_stm32f4_spi.o(.text) for TM_SPI_Init
    xpt2046.o(.text) refers to dflt_clz.o(x$fpl$dflt) for __aeabi_i2d
    xpt2046.o(.text) refers to ddiv.o(x$fpl$ddiv) for __aeabi_ddiv
    xpt2046.o(.text) refers to dfixu.o(x$fpl$dfixu) for __aeabi_d2uiz
    xpt2046.o(.text) refers to xpt2046.o(.data) for .data
    tm_stm32f4_ili9341.o(.text) refers to stm32f4xx_gpio.o(.text) for GPIO_SetBits
    tm_stm32f4_ili9341.o(.text) refers to tm_stm32f4_spi.o(.text) for TM_SPI_Send
    tm_stm32f4_ili9341.o(.text) refers to tm_stm32f4_gpio.o(.text) for TM_GPIO_Init
    tm_stm32f4_ili9341.o(.text) refers to tm_stm32f4_ili9341.o(.data) for .data
    tm_stm32f4_spi.o(.text) refers to tm_stm32f4_gpio.o(.text) for TM_GPIO_InitAlternate
    tm_stm32f4_spi.o(.text) refers to stm32f4xx_spi.o(.text) for SPI_StructInit
    tm_stm32f4_spi.o(.text) refers to stm32f4xx_rcc.o(.text) for RCC_GetClocksFreq
    tm_stm32f4_gpio.o(.text) refers to stm32f4xx_gpio.o(.text) for GPIO_Init
    tm_stm32f4_gpio.o(.text) refers to tm_stm32f4_gpio.o(.data) for .data
    tm_stm32f4_fonts.o(.data) refers to tm_stm32f4_fonts.o(.constdata) for TM_Font7x10
    tm_stm32f4_fonts.o(.data) refers to tm_stm32f4_fonts.o(.constdata) for TM_Font11x18
    tm_stm32f4_fonts.o(.data) refers to tm_stm32f4_fonts.o(.constdata) for TM_Font16x26
    tm_stm32f4_delay.o(.text) refers to stm32f4xx_rcc.o(.text) for RCC_HSEConfig
    tm_stm32f4_delay.o(.text) refers to tm_stm32f4_delay.o(.data) for .data
[...]
    ../fplib/fpinit.s                        0x00000000   Number         0  fpinit.o ABSOLUTE
    ../fplib/usenofp.s                       0x00000000   Number         0  usenofp.o ABSOLUTE
    ..\00-STM32F4xx_STANDARD_PERIPHERAL_DRIVERS\STM32F4xx_StdPeriph_Driver\src\misc.c 0x00000000   Number         0  misc.o ABSOLUTE
    ..\00-STM32F4xx_STANDARD_PERIPHERAL_DRIVERS\STM32F4xx_StdPeriph_Driver\src\stm32f4xx_exti.c 0x00000000   Number         0  stm32f4xx_exti.o ABSOLUTE
    ..\00-STM32F4xx_STANDARD_PERIPHERAL_DRIVERS\STM32F4xx_StdPeriph_Driver\src\stm32f4xx_gpio.c 0x00000000   Number         0  stm32f4xx_gpio.o ABSOLUTE
    ..\00-STM32F4xx_STANDARD_PERIPHERAL_DRIVERS\STM32F4xx_StdPeriph_Driver\src\stm32f4xx_rcc.c 0x00000000   Number         0  stm32f4xx_rcc.o ABSOLUTE
    ..\00-STM32F4xx_STANDARD_PERIPHERAL_DRIVERS\STM32F4xx_StdPeriph_Driver\src\stm32f4xx_spi.c 0x00000000   Number         0  stm32f4xx_spi.o ABSOLUTE
    ..\00-STM32F4xx_STANDARD_PERIPHERAL_DRIVERS\STM32F4xx_StdPeriph_Driver\src\stm32f4xx_syscfg.c 0x00000000   Number         0  stm32f4xx_syscfg.o ABSOLUTE
    ..\00-STM32F4xx_STANDARD_PERIPHERAL_DRIVERS\STM32F4xx_StdPeriph_Driver\src\stm32f4xx_usart.c 0x00000000   Number         0  stm32f4xx_usart.o ABSOLUTE
    ..\FreeRTOSV8.2.1\FreeRTOS\Source\list.c 0x00000000   Number         0  list.o ABSOLUTE
    ..\FreeRTOSV8.2.1\FreeRTOS\Source\portable\MemMang\heap_2.c 0x00000000   Number         0  heap_2.o ABSOLUTE
    ..\FreeRTOSV8.2.1\FreeRTOS\Source\portable\RVDS\ARM_CM4F\port.c 0x00000000   Number         0  port.o ABSOLUTE
    ..\FreeRTOSV8.2.1\FreeRTOS\Source\queue.c 0x00000000   Number         0  queue.o ABSOLUTE
    ..\FreeRTOSV8.2.1\FreeRTOS\Source\tasks.c 0x00000000   Number         0  tasks.o ABSOLUTE
    ..\Menu\menu_event.c                     0x00000000   Number         0  menu_event.o ABSOLUTE
    ..\Menu\menu_functions.c                 0x00000000   Number         0  menu_functions.o ABSOLUTE
    ..\Menu\menu_system.c                    0x00000000   Number         0  menu_system.o ABSOLUTE
    ..\STM32F4_Discovery\stm32f4_discovery.c 0x00000000   Number         0  stm32f4_discovery.o ABSOLUTE
    ..\TM\tm_stm32f4_delay.c                 0x00000000   Number         0  tm_stm32f4_delay.o ABSOLUTE
    ..\TM\tm_stm32f4_fonts.c                 0x00000000   Number         0  tm_stm32f4_fonts.o ABSOLUTE
    ..\TM\tm_stm32f4_gpio.c                  0x00000000   Number         0  tm_stm32f4_gpio.o ABSOLUTE
    ..\TM\tm_stm32f4_ili9341.c               0x00000000   Number         0  tm_stm32f4_ili9341.o ABSOLUTE
    ..\TM\tm_stm32f4_spi.c                   0x00000000   Number         0  tm_stm32f4_spi.o ABSOLUTE
    ..\TM\tm_stm32f4_timer_properties.c      0x00000000   Number         0  tm_stm32f4_timer_properties.o ABSOLUTE
    ..\\00-STM32F4xx_STANDARD_PERIPHERAL_DRIVERS\\STM32F4xx_StdPeriph_Driver\\src\\misc.c 0x00000000   Number         0  misc.o ABSOLUTE
    ..\\00-STM32F4xx_STANDARD_PERIPHERAL_DRIVERS\\STM32F4xx_StdPeriph_Driver\\src\\stm32f4xx_exti.c 0x00000000   Number         0  stm32f4xx_exti.o ABSOLUTE
    ..\\00-STM32F4xx_STANDARD_PERIPHERAL_DRIVERS\\STM32F4xx_StdPeriph_Driver\\src\\stm32f4xx_gpio.c 0x00000000   Number         0  stm32f4xx_gpio.o ABSOLUTE
    ..\\00-STM32F4xx_STANDARD_PERIPHERAL_DRIVERS\\STM32F4xx_StdPeriph_Driver\\src\\stm32f4xx_rcc.c 0x00000000   Number         0  stm32f4xx_rcc.o ABSOLUTE
    ..\\00-STM32F4xx_STANDARD_PERIPHERAL_DRIVERS\\STM32F4xx_StdPeriph_Driver\\src\\stm32f4xx_spi.c 0x00000000   Number         0  stm32f4xx_spi.o ABSOLUTE
    ..\\00-STM32F4xx_STANDARD_PERIPHERAL_DRIVERS\\STM32F4xx_StdPeriph_Driver\\src\\stm32f4xx_syscfg.c 0x00000000   Number         0  stm32f4xx_syscfg.o ABSOLUTE
    ..\\00-STM32F4xx_STANDARD_PERIPHERAL_DRIVERS\\STM32F4xx_StdPeriph_Driver\\src\\stm32f4xx_usart.c 0x00000000   Number         0  stm32f4xx_usart.o ABSOLUTE
    ..\\FreeRTOSV8.2.1\\FreeRTOS\\Source\\list.c 0x00000000   Number         0  list.o ABSOLUTE
    ..\\FreeRTOSV8.2.1\\FreeRTOS\\Source\\portable\\MemMang\\heap_2.c 0x00000000   Number         0  heap_2.o ABSOLUTE
    ..\\FreeRTOSV8.2.1\\FreeRTOS\\Source\\portable\\RVDS\\ARM_CM4F\\port.c 0x00000000   Number         0  port.o ABSOLUTE
    ..\\FreeRTOSV8.2.1\\FreeRTOS\\Source\\queue.c 0x00000000   Number         0  queue.o ABSOLUTE
    ..\\FreeRTOSV8.2.1\\FreeRTOS\\Source\\tasks.c 0x00000000   Number         0  tasks.o ABSOLUTE
    ..\\Menu\\menu_functions.c               0x00000000   Number         0  menu_functions.o ABSOLUTE
    ..\\Menu\\menu_system.c                  0x00000000   Number         0  menu_system.o ABSOLUTE
    ..\\STM32F4_Discovery\\stm32f4_discovery.c 0x00000000   Number         0  stm32f4_discovery.o ABSOLUTE
    ..\\TM\\tm_stm32f4_delay.c               0x00000000   Number         0  tm_stm32f4_delay.o ABSOLUTE
    ..\\TM\\tm_stm32f4_fonts.c               0x00000000   Number         0  tm_stm32f4_fonts.o ABSOLUTE
    ..\\TM\\tm_stm32f4_gpio.c                0x00000000   Number         0  tm_stm32f4_gpio.o ABSOLUTE
    ..\\TM\\tm_stm32f4_ili9341.c             0x00000000   Number         0  tm_stm32f4_ili9341.o ABSOLUTE
    ..\\TM\\tm_stm32f4_spi.c                 0x00000000   Number         0  tm_stm32f4_spi.o ABSOLUTE
    ..\\TM\\tm_stm32f4_timer_properties.c    0x00000000   Number         0  tm_stm32f4_timer_properties.o ABSOLUTE
    User\USART.c                             0x00000000   Number         0  usart.o ABSOLUTE
    User\XPT2046.c                           0x00000000   Number         0  xpt2046.o ABSOLUTE
    User\\USART.c                            0x00000000   Number         0  usart.o ABSOLUTE
    User\\XPT2046.c                          0x00000000   Number         0  xpt2046.o ABSOLUTE
    User\\main.c                             0x00000000   Number         0  main.o ABSOLUTE
    User\\stm32f4xx_it.c                     0x00000000   Number         0  stm32f4xx_it.o ABSOLUTE
    User\\system_stm32f4xx.c                 0x00000000   Number         0  system_stm32f4xx.o ABSOLUTE
    User\main.c                              0x00000000   Number         0  main.o ABSOLUTE
    User\stm32f4xx_it.c                      0x00000000   Number         0  stm32f4xx_it.o ABSOLUTE
    User\system_stm32f4xx.c                  0x00000000   Number         0  system_stm32f4xx.o ABSOLUTE
    dc.s                                     0x00000000   Number         0  dc.o ABSOLUTE
    startup_stm32f40xx.s                     0x00000000   Number         0  startup_stm32f40xx.o ABSOLUTE
    RESET                                    0x08000000   Section      392  startup_stm32f40xx.o(RESET)
    !!!main                                  0x08000188   Section        8  __main.o(!!!main)
    !!!scatter                               0x08000190   Section       52  __scatter.o(!!!scatter)
    !!dczerorl2                              0x080001c4   Section       90  __dczerorl2.o(!!dczerorl2)
    !!handler_zi                             0x08000220   Section       28  __scatter_zi.o(!!handler_zi)
    .ARM.Collect$$libinit$$00000000          0x0800023c   Section        2  libinit.o(.ARM.Collect$$libinit$$00000000)
    .ARM.Collect$$libinit$$00000001          0x0800023e   Section        4  libinit2.o(.ARM.Collect$$libinit$$00000001)
    .ARM.Collect$$libinit$$00000004          0x08000242   Section        0  libinit2.o(.ARM.Collect$$libinit$$00000004)
    .ARM.Collect$$libinit$$0000000A          0x08000242   Section        0  libinit2.o(.ARM.Collect$$libinit$$0000000A)
    .ARM.Collect$$libinit$$0000000C          0x08000242   Section        0  libinit2.o(.ARM.Collect$$libinit$$0000000C)
    .ARM.Collect$$libinit$$0000000E          0x08000242   Section        0  libinit2.o(.ARM.Collect$$libinit$$0000000E)
    .ARM.Collect$$libinit$$00000011          0x08000242   Section        0  libinit2.o(.ARM.Collect$$libinit$$00000011)
    .ARM.Collect$$libinit$$00000013          0x08000242   Section        0  libinit2.o(.ARM.Collect$$libinit$$00000013)
    .ARM.Collect$$libinit$$00000015          0x08000242   Section        0  libinit2.o(.ARM.Collect$$libinit$$00000015)
    .ARM.Collect$$libinit$$00000017          0x08000242   Section        0  libinit2.o(.ARM.Collect$$libinit$$00000017)
    .ARM.Collect$$libinit$$00000019          0x08000242   Section        0  libinit2.o(.ARM.Collect$$libinit$$00000019)
    .ARM.Collect$$libinit$$0000001B          0x08000242   Section        0  libinit2.o(.ARM.Collect$$libinit$$0000001B)
    .ARM.Collect$$libinit$$0000001D          0x08000242   Section        0  libinit2.o(.ARM.Collect$$libinit$$0000001D)
    .ARM.Collect$$libinit$$0000001F          0x08000242   Section        0  libinit2.o(.ARM.Collect$$libinit$$0000001F)
    .ARM.Collect$$libinit$$00000021          0x08000242   Section        0  libinit2.o(.ARM.Collect$$libinit$$00000021)
    .ARM.Collect$$libinit$$00000023          0x08000242   Section        0  libinit2.o(.ARM.Collect$$libinit$$00000023)
    .ARM.Collect$$libinit$$00000025          0x08000242   Section        0  libinit2.o(.ARM.Collect$$libinit$$00000025)
    .ARM.Collect$$libinit$$0000002C          0x08000242   Section        0  libinit2.o(.ARM.Collect$$libinit$$0000002C)
    .ARM.Collect$$libinit$$0000002E          0x08000242   Section        0  libinit2.o(.ARM.Collect$$libinit$$0000002E)
    .ARM.Collect$$libinit$$00000030          0x08000242   Section        0  libinit2.o(.ARM.Collect$$libinit$$00000030)
    .ARM.Collect$$libinit$$00000032          0x08000242   Section        0  libinit2.o(.ARM.Collect$$libinit$$00000032)
    .ARM.Collect$$libinit$$00000033          0x08000242   Section        2  libinit2.o(.ARM.Collect$$libinit$$00000033)
    .ARM.Collect$$libshutdown$$00000000      0x08000244   Section        2  libshutdown.o(.ARM.Collect$$libshutdown$$00000000)
    .ARM.Collect$$libshutdown$$00000003      0x08000246   Section        0  libshutdown2.o(.ARM.Collect$$libshutdown$$00000003)
    .ARM.Collect$$libshutdown$$00000006      0x08000246   Section        0  libshutdown2.o(.ARM.Collect$$libshutdown$$00000006)
    .ARM.Collect$$libshutdown$$00000009      0x08000246   Section        0  libshutdown2.o(.ARM.Collect$$libshutdown$$00000009)
    .ARM.Collect$$libshutdown$$0000000B      0x08000246   Section        0  libshutdown2.o(.ARM.Collect$$libshutdown$$0000000B)
    .ARM.Collect$$libshutdown$$0000000E      0x08000246   Section        0  libshutdown2.o(.ARM.Collect$$libshutdown$$0000000E)
    .ARM.Collect$$libshutdown$$0000000F      0x08000246   Section        2  libshutdown2.o(.ARM.Collect$$libshutdown$$0000000F)
    .ARM.Collect$$rtentry$$00000000          0x08000248   Section        0  __rtentry.o(.ARM.Collect$$rtentry$$00000000)
    .ARM.Collect$$rtentry$$00000002          0x08000248   Section        0  __rtentry2.o(.ARM.Collect$$rtentry$$00000002)
    .ARM.Collect$$rtentry$$00000004          0x08000248   Section        6  __rtentry4.o(.ARM.Collect$$rtentry$$00000004)
    .ARM.Collect$$rtentry$$00000009          0x0800024e   Section        0  __rtentry2.o(.ARM.Collect$$rtentry$$00000009)
    .ARM.Collect$$rtentry$$0000000A          0x0800024e   Section        4  __rtentry2.o(.ARM.Collect$$rtentry$$0000000A)
    .ARM.Collect$$rtentry$$0000000C          0x08000252   Section        0  __rtentry2.o(.ARM.Collect$$rtentry$$0000000C)
    .ARM.Collect$$rtentry$$0000000D          0x08000252   Section        8  __rtentry2.o(.ARM.Collect$$rtentry$$0000000D)
    .ARM.Collect$$rtexit$$00000000           0x0800025a   Section        2  rtexit.o(.ARM.Collect$$rtexit$$00000000)
    .ARM.Collect$$rtexit$$00000002           0x0800025c   Section        0  rtexit2.o(.ARM.Collect$$rtexit$$00000002)
    .ARM.Collect$$rtexit$$00000003           0x0800025c   Section        4  rtexit2.o(.ARM.Collect$$rtexit$$00000003)
    .ARM.Collect$$rtexit$$00000004           0x08000260   Section        6  rtexit2.o(.ARM.Collect$$rtexit$$00000004)
    .emb_text                                0x08000268   Section      182  port.o(.emb_text)
    $v0                                      0x08000268   Number         0  port.o(.emb_text)
    .text                                    0x08000320   Section       64  startup_stm32f40xx.o(.text)
    $v0                                      0x08000320   Number         0  startup_stm32f40xx.o(.text)
    .text                                    0x08000360   Section        0  system_stm32f4xx.o(.text)
    SetSysClock                              0x08000361   Thumb Code   162  system_stm32f4xx.o(.text)
    .text                                    0x080004dc   Section        0  main.o(.text)
    .text                                    0x08000594   Section        0  stm32f4xx_it.o(.text)
    .text                                    0x080005a4   Section        0  usart.o(.text)
    .text                                    0x080006ac   Section        0  xpt2046.o(.text)
    .text                                    0x08000878   Section        0  tm_stm32f4_ili9341.o(.text)
    .text                                    0x080010f8   Section        0  tm_stm32f4_spi.o(.text)
    TM_SPIx_Init                             0x0800126f   Thumb Code   288  tm_stm32f4_spi.o(.text)
    .text                                    0x080016bc   Section        0  tm_stm32f4_gpio.o(.text)
    TM_GPIO_INT_EnableClock                  0x080016bd   Thumb Code   190  tm_stm32f4_gpio.o(.text)
    .text                                    0x08001a0c   Section        0  tasks.o(.text)
    prvAddCurrentTaskToDelayedList           0x08001d19   Thumb Code    48  tasks.o(.text)
    prvTaskIsTaskSuspended                   0x08001ea7   Thumb Code    64  tasks.o(.text)
    prvGetExpectedIdleTime                   0x08001fdd   Thumb Code    28  tasks.o(.text)
    prvIdleTask                              0x08001ff9   Thumb Code    80  tasks.o(.text)
    prvResetNextTaskUnblockTime              0x080026f5   Thumb Code    26  tasks.o(.text)
    .text                                    0x0800271c   Section        0  list.o(.text)
    .text                                    0x080027a4   Section        0  heap_2.o(.text)
    .text                                    0x08002898   Section        0  port.o(.text)
    prvTaskExitError                         0x08002899   Thumb Code    36  port.o(.text)
    .text                                    0x08002bb4   Section        0  misc.o(.text)
    .text                                    0x08002c64   Section        0  stm32f4xx_rcc.o(.text)
    .text                                    0x080030e4   Section        0  stm32f4xx_gpio.o(.text)
    .text                                    0x0800331c   Section        0  stm32f4xx_spi.o(.text)
    .text                                    0x08003648   Section        0  stm32f4xx_usart.o(.text)
    .text                                    0x080039a8   Section        0  stm32f4xx_exti.o(.text)
    .text                                    0x08003a88   Section        0  stm32f4xx_syscfg.o(.text)
    .text                                    0x08003b04   Section        0  menu_system.o(.text)
    .text                                    0x08003dc4   Section        0  menu_functions.o(.text)
    .text                                    0x08004374   Section        0  menu_event.o(.text)
    .text                                    0x080043b0   Section        0  stm32f4_discovery.o(.text)
    .text                                    0x080044d8   Section        0  heapauxi.o(.text)
    .text                                    0x080044de   Section       74  sys_stackheap_outer.o(.text)
    .text                                    0x08004528   Section        0  exit.o(.text)
    .text                                    0x08004534   Section        8  libspace.o(.text)
    .text                                    0x0800453c   Section        0  sys_exit.o(.text)
    .text                                    0x08004548   Section        2  use_no_semi.o(.text)
    .text                                    0x0800454a   Section        0  indicate_semi.o(.text)
    x$fpl$ddiv                               0x0800454c   Section      688  ddiv.o(x$fpl$ddiv)
    $v0                                      0x0800454c   Number         0  ddiv.o(x$fpl$ddiv)
    ddiv_entry                               0x08004553   Thumb Code     0  ddiv.o(x$fpl$ddiv)
    x$fpl$dfixu                              0x080047fc   Section       90  dfixu.o(x$fpl$dfixu)
    $v0                                      0x080047fc   Number         0  dfixu.o(x$fpl$dfixu)
    x$fpl$dflt                               0x08004856   Section       46  dflt_clz.o(x$fpl$dflt)
    $v0                                      0x08004856   Number         0  dflt_clz.o(x$fpl$dflt)
    x$fpl$dnaninf                            0x08004884   Section      156  dnaninf.o(x$fpl$dnaninf)
    $v0                                      0x08004884   Number         0  dnaninf.o(x$fpl$dnaninf)
    x$fpl$dretinf                            0x08004920   Section       12  dretinf.o(x$fpl$dretinf)
    $v0                                      0x08004920   Number         0  dretinf.o(x$fpl$dretinf)
    x$fpl$fpinit                             0x0800492c   Section       10  fpinit.o(x$fpl$fpinit)
    $v0                                      0x0800492c   Number         0  fpinit.o(x$fpl$fpinit)
    .constdata                               0x08004936   Section     1900  tm_stm32f4_fonts.o(.constdata)
    x$fpl$usenofp                            0x08004936   Section        0  usenofp.o(x$fpl$usenofp)
    .constdata                               0x080050a2   Section     3420  tm_stm32f4_fonts.o(.constdata)
    .constdata                               0x08005e00   Section       36  stm32f4_discovery.o(.constdata)
    .conststring                             0x08005e24   Section       75  menu_functions.o(.conststring)
    .data                                    0x20000000   Section       20  system_stm32f4xx.o(.data)
    .data                                    0x20000014   Section      160  main.o(.data)
    .data                                    0x200000b4   Section      160  main.o(.data)
    .data                                    0x20000154   Section      160  main.o(.data)
    .data                                    0x200001f4   Section      160  main.o(.data)
    .data                                    0x20000294   Section      160  main.o(.data)
    .data                                    0x20000334   Section      160  main.o(.data)
    .data                                    0x200003d4   Section      160  main.o(.data)
    .data                                    0x20000474   Section      160  main.o(.data)
    .data                                    0x20000514   Section      160  main.o(.data)
    .data                                    0x200005b4   Section      160  main.o(.data)
    .data                                    0x20000654   Section      160  main.o(.data)
    .data                                    0x200006f4   Section      160  main.o(.data)
    .data                                    0x20000794   Section      160  main.o(.data)
    .data                                    0x20000834   Section        4  xpt2046.o(.data)
    .data                                    0x20000838   Section       10  tm_stm32f4_ili9341.o(.data)
    .data                                    0x20000844   Section        8  tm_stm32f4_gpio.o(.data)
    GPIO_InitStruct                          0x20000844   Data           8  tm_stm32f4_gpio.o(.data)
    .data                                    0x2000084c   Section        8  tm_stm32f4_fonts.o(.data)
    .data                                    0x20000854   Section        8  tm_stm32f4_fonts.o(.data)
    .data                                    0x2000085c   Section       52  tasks.o(.data)
    uxCurrentNumberOfTasks                   0x20000860   Data           4  tasks.o(.data)
    xTickCount                               0x20000864   Data           4  tasks.o(.data)
    uxTopReadyPriority                       0x20000868   Data           4  tasks.o(.data)
    xSchedulerRunning                        0x2000086c   Data           4  tasks.o(.data)
    uxPendedTicks                            0x20000870   Data           4  tasks.o(.data)
    xYieldPending                            0x20000874   Data           4  tasks.o(.data)
    xNumOfOverflows                          0x20000878   Data           4  tasks.o(.data)
    uxTaskNumber                             0x2000087c   Data           4  tasks.o(.data)
    xNextTaskUnblockTime                     0x20000880   Data           4  tasks.o(.data)
    uxSchedulerSuspended                     0x20000884   Data           4  tasks.o(.data)
    pxDelayedTaskList                        0x20000888   Data           4  tasks.o(.data)
    pxOverflowDelayedTaskList                0x2000088c   Data           4  tasks.o(.data)
    .data                                    0x20000890   Section       24  heap_2.o(.data)
    xFreeBytesRemaining                      0x20000890   Data           4  heap_2.o(.data)
    xHeapHasBeenInitialised                  0x20000894   Data           4  heap_2.o(.data)
    xStart                                   0x20000898   Data           8  heap_2.o(.data)
    xEnd                                     0x200008a0   Data           8  heap_2.o(.data)
    .data                                    0x200008a8   Section       24  port.o(.data)
    ucMaxSysCallPriority                     0x200008a8   Data           1  port.o(.data)
    uxCriticalNesting                        0x200008ac   Data           4  port.o(.data)
    ulTimerCountsForOneTick                  0x200008b0   Data           4  port.o(.data)
    xMaximumPossibleSuppressedTicks          0x200008b4   Data           4  port.o(.data)
    ulStoppedTimerCompensation               0x200008b8   Data           4  port.o(.data)
    ulMaxPRIGROUPValue                       0x200008bc   Data           4  port.o(.data)
    .data                                    0x200008c0   Section       16  stm32f4xx_rcc.o(.data)
    APBAHBPrescTable                         0x200008c0   Data          16  stm32f4xx_rcc.o(.data)
    .data                                    0x200008d0   Section       21  menu_system.o(.data)
    .data                                    0x200008e6   Section        6  menu_functions.o(.data)
    .data                                    0x200008ec   Section        2  menu_event.o(.data)
    .data                                    0x200008f0   Section       20  stm32f4_discovery.o(.data)
    .bss                                     0x20000904   Section      160  tasks.o(.bss)
    pxReadyTasksLists                        0x20000904   Data          80  tasks.o(.bss)
    xDelayedTaskList1                        0x20000954   Data          20  tasks.o(.bss)
    xDelayedTaskList2                        0x20000968   Data          20  tasks.o(.bss)
    xPendingReadyList                        0x2000097c   Data          20  tasks.o(.bss)
    xSuspendedTaskList                       0x20000990   Data          20  tasks.o(.bss)
    .bss                                     0x200009a4   Section    35840  heap_2.o(.bss)
    ucHeap                                   0x200009a4   Data       35840  heap_2.o(.bss)
    .bss                                     0x200095a4   Section       96  libspace.o(.bss)
    HEAP                                     0x20009608   Section      512  startup_stm32f40xx.o(HEAP)
    Heap_Mem                                 0x20009608   Data         512  startup_stm32f40xx.o(HEAP)
    STACK                                    0x20009808   Section     1024  startup_stm32f40xx.o(STACK)
    Stack_Mem                                0x20009808   Data        1024  startup_stm32f40xx.o(STACK)
    __initial_sp                             0x20009c08   Data           0  startup_stm32f40xx.o(STACK)

    Global Symbols

    Symbol Name                              Value     Ov Type        Size  Object(Section)

    BuildAttributes$$THM_ISAv4$E$P$D$K$B$S$7EM$VFPi3$EXTD16$VFPS$VFMA$PE$A:L22UL41UL21$X:L11$S22US41US21$IEEE1$IW$USESV6$~STKCKD$USESV7$~SHL$OSPACE$ROPI$EBA8$UX$STANDARDLIB$REQ8$PRES8$EABIv2 0x00000000   Number         0  anon$$obj.o ABSOLUTE
    __ARM_use_no_argv                        0x00000000   Number         0  main.o ABSOLUTE
    TM_DELAY_1msHandler                       - Undefined Weak Reference
    TM_SPI_InitCustomPinsCallback             - Undefined Weak Reference
    __ARM_exceptions_init                     - Undefined Weak Reference
    __alloca_initialize                       - Undefined Weak Reference
    __arm_preinit_                            - Undefined Weak Reference
    __cpp_initialize__aeabi_                  - Undefined Weak Reference
    __cxa_finalize                            - Undefined Weak Reference
    __rt_locale                               - Undefined Weak Reference
    __sigvec_lookup                           - Undefined Weak Reference
    _atexit_init                              - Undefined Weak Reference
    _call_atexit_fns                          - Undefined Weak Reference
    _clock_init                               - Undefined Weak Reference
    _fp_trap_init                             - Undefined Weak Reference
    _fp_trap_shutdown                         - Undefined Weak Reference
    _get_lc_collate                           - Undefined Weak Reference
    _get_lc_ctype                             - Undefined Weak Reference
    _get_lc_monetary                          - Undefined Weak Reference
    _get_lc_numeric                           - Undefined Weak Reference
    _get_lc_time                              - Undefined Weak Reference
    _getenv_init                              - Undefined Weak Reference
    _handle_redirection                       - Undefined Weak Reference
    _init_alloc                               - Undefined Weak Reference
    _init_user_alloc                          - Undefined Weak Reference
    _initio                                   - Undefined Weak Reference
    _rand_init                                - Undefined Weak Reference
    _signal_finish                            - Undefined Weak Reference
    _signal_init                              - Undefined Weak Reference
    _terminate_alloc                          - Undefined Weak Reference
    _terminate_user_alloc                     - Undefined Weak Reference
    _terminateio                              - Undefined Weak Reference
    __Vectors_Size                           0x00000188   Number         0  startup_stm32f40xx.o ABSOLUTE
    __Vectors                                0x08000000   Data           4  startup_stm32f40xx.o(RESET)
    __Vectors_End                            0x08000188   Data           0  startup_stm32f40xx.o(RESET)
    __main                                   0x08000189   Thumb Code     8  __main.o(!!!main)
    __scatterload                            0x08000191   Thumb Code     0  __scatter.o(!!!scatter)
    __scatterload_rt2                        0x08000191   Thumb Code    44  __scatter.o(!!!scatter)
    __scatterload_rt2_thumb_only             0x08000191   Thumb Code     0  __scatter.o(!!!scatter)
    __scatterload_null                       0x0800019f   Thumb Code     0  __scatter.o(!!!scatter)
    __decompress                             0x080001c5   Thumb Code    90  __dczerorl2.o(!!dczerorl2)
    __decompress1                            0x080001c5   Thumb Code     0  __dczerorl2.o(!!dczerorl2)
    __scatterload_zeroinit                   0x08000221   Thumb Code    28  __scatter_zi.o(!!handler_zi)
    __rt_lib_init                            0x0800023d   Thumb Code     0  libinit.o(.ARM.Collect$$libinit$$00000000)
    __rt_lib_init_fp_1                       0x0800023f   Thumb Code     0  libinit2.o(.ARM.Collect$$libinit$$00000001)
    __rt_lib_init_alloca_1                   0x08000243   Thumb Code     0  libinit2.o(.ARM.Collect$$libinit$$0000002E)
    __rt_lib_init_argv_1                     0x08000243   Thumb Code     0  libinit2.o(.ARM.Collect$$libinit$$0000002C)
    __rt_lib_init_atexit_1                   0x08000243   Thumb Code     0  libinit2.o(.ARM.Collect$$libinit$$0000001B)
    __rt_lib_init_clock_1                    0x08000243   Thumb Code     0  libinit2.o(.ARM.Collect$$libinit$$00000021)
    __rt_lib_init_cpp_1                      0x08000243   Thumb Code     0  libinit2.o(.ARM.Collect$$libinit$$00000032)
    __rt_lib_init_exceptions_1               0x08000243   Thumb Code     0  libinit2.o(.ARM.Collect$$libinit$$00000030)
    __rt_lib_init_fp_trap_1                  0x08000243   Thumb Code     0  libinit2.o(.ARM.Collect$$libinit$$0000001F)
    __rt_lib_init_getenv_1                   0x08000243   Thumb Code     0  libinit2.o(.ARM.Collect$$libinit$$00000023)
    __rt_lib_init_heap_1                     0x08000243   Thumb Code     0  libinit2.o(.ARM.Collect$$libinit$$0000000A)
    __rt_lib_init_lc_collate_1               0x08000243   Thumb Code     0  libinit2.o(.ARM.Collect$$libinit$$00000011)
    __rt_lib_init_lc_ctype_1                 0x08000243   Thumb Code     0  libinit2.o(.ARM.Collect$$libinit$$00000013)
    __rt_lib_init_lc_monetary_1              0x08000243   Thumb Code     0  libinit2.o(.ARM.Collect$$libinit$$00000015)
    __rt_lib_init_lc_numeric_1               0x08000243   Thumb Code     0  libinit2.o(.ARM.Collect$$libinit$$00000017)
    __rt_lib_init_lc_time_1                  0x08000243   Thumb Code     0  libinit2.o(.ARM.Collect$$libinit$$00000019)
    __rt_lib_init_preinit_1                  0x08000243   Thumb Code     0  libinit2.o(.ARM.Collect$$libinit$$00000004)
    __rt_lib_init_rand_1                     0x08000243   Thumb Code     0  libinit2.o(.ARM.Collect$$libinit$$0000000E)
    __rt_lib_init_return                     0x08000243   Thumb Code     0  libinit2.o(.ARM.Collect$$libinit$$00000033)
    __rt_lib_init_signal_1                   0x08000243   Thumb Code     0  libinit2.o(.ARM.Collect$$libinit$$0000001D)
    __rt_lib_init_stdio_1                    0x08000243   Thumb Code     0  libinit2.o(.ARM.Collect$$libinit$$00000025)
    __rt_lib_init_user_alloc_1               0x08000243   Thumb Code     0  libinit2.o(.ARM.Collect$$libinit$$0000000C)
    __rt_lib_shutdown                        0x08000245   Thumb Code     0  libshutdown.o(.ARM.Collect$$libshutdown$$00000000)
    __rt_lib_shutdown_fp_trap_1              0x08000247   Thumb Code     0  libshutdown2.o(.ARM.Collect$$libshutdown$$00000006)
    __rt_lib_shutdown_heap_1                 0x08000247   Thumb Code     0  libshutdown2.o(.ARM.Collect$$libshutdown$$0000000E)
    __rt_lib_shutdown_return                 0x08000247   Thumb Code     0  libshutdown2.o(.ARM.Collect$$libshutdown$$0000000F)
    __rt_lib_shutdown_signal_1               0x08000247   Thumb Code     0  libshutdown2.o(.ARM.Collect$$libshutdown$$00000009)
    __rt_lib_shutdown_stdio_1                0x08000247   Thumb Code     0  libshutdown2.o(.ARM.Collect$$libshutdown$$00000003)
    __rt_lib_shutdown_user_alloc_1           0x08000247   Thumb Code     0  libshutdown2.o(.ARM.Collect$$libshutdown$$0000000B)
    __rt_entry                               0x08000249   Thumb Code     0  __rtentry.o(.ARM.Collect$$rtentry$$00000000)
    __rt_entry_presh_1                       0x08000249   Thumb Code     0  __rtentry2.o(.ARM.Collect$$rtentry$$00000002)
    __rt_entry_sh                            0x08000249   Thumb Code     0  __rtentry4.o(.ARM.Collect$$rtentry$$00000004)
    __rt_entry_li                            0x0800024f   Thumb Code     0  __rtentry2.o(.ARM.Collect$$rtentry$$0000000A)
    __rt_entry_postsh_1                      0x0800024f   Thumb Code     0  __rtentry2.o(.ARM.Collect$$rtentry$$00000009)
    __rt_entry_main                          0x08000253   Thumb Code     0  __rtentry2.o(.ARM.Collect$$rtentry$$0000000D)
    __rt_entry_postli_1                      0x08000253   Thumb Code     0  __rtentry2.o(.ARM.Collect$$rtentry$$0000000C)
    __rt_exit                                0x0800025b   Thumb Code     0  rtexit.o(.ARM.Collect$$rtexit$$00000000)
    __rt_exit_ls                             0x0800025d   Thumb Code     0  rtexit2.o(.ARM.Collect$$rtexit$$00000003)
    __rt_exit_prels_1                        0x0800025d   Thumb Code     0  rtexit2.o(.ARM.Collect$$rtexit$$00000002)
    __rt_exit_exit                           0x08000261   Thumb Code     0  rtexit2.o(.ARM.Collect$$rtexit$$00000004)
    SVC_Handler                              0x08000269   Thumb Code    28  port.o(.emb_text)
    __asm___6_port_c_39a90d8d__prvStartFirstTask 0x08000289   Thumb Code    28  port.o(.emb_text)
    __asm___6_port_c_39a90d8d__prvEnableVFP  0x080002a9   Thumb Code    16  port.o(.emb_text)
    PendSV_Handler                           0x080002bd   Thumb Code    88  port.o(.emb_text)
    vPortGetIPSR                             0x08000319   Thumb Code     6  port.o(.emb_text)
    Reset_Handler                            0x08000321   Thumb Code     8  startup_stm32f40xx.o(.text)
    ADC_IRQHandler                           0x0800033b   Thumb Code     0  startup_stm32f40xx.o(.text)
    CAN1_RX0_IRQHandler                      0x0800033b   Thumb Code     0  startup_stm32f40xx.o(.text)
    CAN1_RX1_IRQHandler                      0x0800033b   Thumb Code     0  startup_stm32f40xx.o(.text)
    CAN1_SCE_IRQHandler                      0x0800033b   Thumb Code     0  startup_stm32f40xx.o(.text)
    CAN1_TX_IRQHandler                       0x0800033b   Thumb Code     0  startup_stm32f40xx.o(.text)
    CAN2_RX0_IRQHandler                      0x0800033b   Thumb Code     0  startup_stm32f40xx.o(.text)
    CAN2_RX1_IRQHandler                      0x0800033b   Thumb Code     0  startup_stm32f40xx.o(.text)
    CAN2_SCE_IRQHandler                      0x0800033b   Thumb Code     0  startup_stm32f40xx.o(.text)
    CAN2_TX_IRQHandler                       0x0800033b   Thumb Code     0  startup_stm32f40xx.o(.text)
    CRYP_IRQHandler                          0x0800033b   Thumb Code     0  startup_stm32f40xx.o(.text)
    DCMI_IRQHandler                          0x0800033b   Thumb Code     0  startup_stm32f40xx.o(.text)
    DMA1_Stream0_IRQHandler                  0x0800033b   Thumb Code     0  startup_stm32f40xx.o(.text)
    DMA1_Stream1_IRQHandler                  0x0800033b   Thumb Code     0  startup_stm32f40xx.o(.text)
    DMA1_Stream2_IRQHandler                  0x0800033b   Thumb Code     0  startup_stm32f40xx.o(.text)
    DMA1_Stream3_IRQHandler                  0x0800033b   Thumb Code     0  startup_stm32f40xx.o(.text)
    DMA1_Stream4_IRQHandler                  0x0800033b   Thumb Code     0  startup_stm32f40xx.o(.text)
    DMA1_Stream5_IRQHandler                  0x0800033b   Thumb Code     0  startup_stm32f40xx.o(.text)
    DMA1_Stream6_IRQHandler                  0x0800033b   Thumb Code     0  startup_stm32f40xx.o(.text)
    DMA1_Stream7_IRQHandler                  0x0800033b   Thumb Code     0  startup_stm32f40xx.o(.text)
    DMA2_Stream0_IRQHandler                  0x0800033b   Thumb Code     0  startup_stm32f40xx.o(.text)
    DMA2_Stream1_IRQHandler                  0x0800033b   Thumb Code     0  startup_stm32f40xx.o(.text)
    DMA2_Stream2_IRQHandler                  0x0800033b   Thumb Code     0  startup_stm32f40xx.o(.text)
    DMA2_Stream3_IRQHandler                  0x0800033b   Thumb Code     0  startup_stm32f40xx.o(.text)
    DMA2_Stream4_IRQHandler                  0x0800033b   Thumb Code     0  startup_stm32f40xx.o(.text)
    DMA2_Stream5_IRQHandler                  0x0800033b   Thumb Code     0  startup_stm32f40xx.o(.text)
    DMA2_Stream6_IRQHandler                  0x0800033b   Thumb Code     0  startup_stm32f40xx.o(.text)
    DMA2_Stream7_IRQHandler                  0x0800033b   Thumb Code     0  startup_stm32f40xx.o(.text)
    ETH_IRQHandler                           0x0800033b   Thumb Code     0  startup_stm32f40xx.o(.text)
    ETH_WKUP_IRQHandler                      0x0800033b   Thumb Code     0  startup_stm32f40xx.o(.text)
    EXTI0_IRQHandler                         0x0800033b   Thumb Code     0  startup_stm32f40xx.o(.text)
    EXTI15_10_IRQHandler                     0x0800033b   Thumb Code     0  startup_stm32f40xx.o(.text)
    EXTI1_IRQHandler                         0x0800033b   Thumb Code     0  startup_stm32f40xx.o(.text)
    EXTI2_IRQHandler                         0x0800033b   Thumb Code     0  startup_stm32f40xx.o(.text)
    EXTI3_IRQHandler                         0x0800033b   Thumb Code     0  startup_stm32f40xx.o(.text)
    EXTI4_IRQHandler                         0x0800033b   Thumb Code     0  startup_stm32f40xx.o(.text)
    EXTI9_5_IRQHandler                       0x0800033b   Thumb Code     0  startup_stm32f40xx.o(.text)
    FLASH_IRQHandler                         0x0800033b   Thumb Code     0  startup_stm32f40xx.o(.text)
    FPU_IRQHandler                           0x0800033b   Thumb Code     0  startup_stm32f40xx.o(.text)
    FSMC_IRQHandler                          0x0800033b   Thumb Code     0  startup_stm32f40xx.o(.text)
    HASH_RNG_IRQHandler                      0x0800033b   Thumb Code     0  startup_stm32f40xx.o(.text)
    I2C1_ER_IRQHandler                       0x0800033b   Thumb Code     0  startup_stm32f40xx.o(.text)
    I2C1_EV_IRQHandler                       0x0800033b   Thumb Code     0  startup_stm32f40xx.o(.text)
    I2C2_ER_IRQHandler                       0x0800033b   Thumb Code     0  startup_stm32f40xx.o(.text)
    I2C2_EV_IRQHandler                       0x0800033b   Thumb Code     0  startup_stm32f40xx.o(.text)
    I2C3_ER_IRQHandler                       0x0800033b   Thumb Code     0  startup_stm32f40xx.o(.text)
    I2C3_EV_IRQHandler                       0x0800033b   Thumb Code     0  startup_stm32f40xx.o(.text)
    OTG_FS_IRQHandler                        0x0800033b   Thumb Code     0  startup_stm32f40xx.o(.text)
    OTG_FS_WKUP_IRQHandler                   0x0800033b   Thumb Code     0  startup_stm32f40xx.o(.text)
    OTG_HS_EP1_IN_IRQHandler                 0x0800033b   Thumb Code     0  startup_stm32f40xx.o(.text)
    OTG_HS_EP1_OUT_IRQHandler                0x0800033b   Thumb Code     0  startup_stm32f40xx.o(.text)
    OTG_HS_IRQHandler                        0x0800033b   Thumb Code     0  startup_stm32f40xx.o(.text)
    OTG_HS_WKUP_IRQHandler                   0x0800033b   Thumb Code     0  startup_stm32f40xx.o(.text)
    PVD_IRQHandler                           0x0800033b   Thumb Code     0  startup_stm32f40xx.o(.text)
    RCC_IRQHandler                           0x0800033b   Thumb Code     0  startup_stm32f40xx.o(.text)
    RTC_Alarm_IRQHandler                     0x0800033b   Thumb Code     0  startup_stm32f40xx.o(.text)
    RTC_WKUP_IRQHandler                      0x0800033b   Thumb Code     0  startup_stm32f40xx.o(.text)
    SDIO_IRQHandler                          0x0800033b   Thumb Code     0  startup_stm32f40xx.o(.text)
    SPI1_IRQHandler                          0x0800033b   Thumb Code     0  startup_stm32f40xx.o(.text)
    SPI2_IRQHandler                          0x0800033b   Thumb Code     0  startup_stm32f40xx.o(.text)
    SPI3_IRQHandler                          0x0800033b   Thumb Code     0  startup_stm32f40xx.o(.text)
    TAMP_STAMP_IRQHandler                    0x0800033b   Thumb Code     0  startup_stm32f40xx.o(.text)
    TIM1_BRK_TIM9_IRQHandler                 0x0800033b   Thumb Code     0  startup_stm32f40xx.o(.text)
    TIM1_CC_IRQHandler                       0x0800033b   Thumb Code     0  startup_stm32f40xx.o(.text)
    TIM1_TRG_COM_TIM11_IRQHandler            0x0800033b   Thumb Code     0  startup_stm32f40xx.o(.text)
    TIM1_UP_TIM10_IRQHandler                 0x0800033b   Thumb Code     0  startup_stm32f40xx.o(.text)
    TIM2_IRQHandler                          0x0800033b   Thumb Code     0  startup_stm32f40xx.o(.text)
    TIM3_IRQHandler                          0x0800033b   Thumb Code     0  startup_stm32f40xx.o(.text)
    TIM4_IRQHandler                          0x0800033b   Thumb Code     0  startup_stm32f40xx.o(.text)
    TIM5_IRQHandler                          0x0800033b   Thumb Code     0  startup_stm32f40xx.o(.text)
    TIM6_DAC_IRQHandler                      0x0800033b   Thumb Code     0  startup_stm32f40xx.o(.text)
    TIM7_IRQHandler                          0x0800033b   Thumb Code     0  startup_stm32f40xx.o(.text)
    TIM8_BRK_TIM12_IRQHandler                0x0800033b   Thumb Code     0  startup_stm32f40xx.o(.text)
    TIM8_CC_IRQHandler                       0x0800033b   Thumb Code     0  startup_stm32f40xx.o(.text)
    TIM8_TRG_COM_TIM14_IRQHandler            0x0800033b   Thumb Code     0  startup_stm32f40xx.o(.text)
    TIM8_UP_TIM13_IRQHandler                 0x0800033b   Thumb Code     0  startup_stm32f40xx.o(.text)
    UART4_IRQHandler                         0x0800033b   Thumb Code     0  startup_stm32f40xx.o(.text)
    UART5_IRQHandler                         0x0800033b   Thumb Code     0  startup_stm32f40xx.o(.text)
    USART2_IRQHandler                        0x0800033b   Thumb Code     0  startup_stm32f40xx.o(.text)
    USART3_IRQHandler                        0x0800033b   Thumb Code     0  startup_stm32f40xx.o(.text)
    USART6_IRQHandler                        0x0800033b   Thumb Code     0  startup_stm32f40xx.o(.text)
    WWDG_IRQHandler                          0x0800033b   Thumb Code     0  startup_stm32f40xx.o(.text)
    __user_initial_stackheap                 0x0800033d   Thumb Code     0  startup_stm32f40xx.o(.text)
    SystemInit                               0x08000403   Thumb Code    74  system_stm32f4xx.o(.text)
    SystemCoreClockUpdate                    0x0800044d   Thumb Code   108  system_stm32f4xx.o(.text)
    RTOS_test                                0x080004dd   Thumb Code    18  main.o(.text)
    menu_task                                0x080004ef   Thumb Code     8  main.o(.text)
    main                                     0x080004f7   Thumb Code   118  main.o(.text)
    NMI_Handler                              0x08000595   Thumb Code     2  stm32f4xx_it.o(.text)
    HardFault_Handler                        0x08000597   Thumb Code     2  stm32f4xx_it.o(.text)
    MemManage_Handler                        0x08000599   Thumb Code     2  stm32f4xx_it.o(.text)
    BusFault_Handler                         0x0800059b   Thumb Code     2  stm32f4xx_it.o(.text)
    UsageFault_Handler                       0x0800059d   Thumb Code     2  stm32f4xx_it.o(.text)
    DebugMon_Handler                         0x0800059f   Thumb Code     2  stm32f4xx_it.o(.text)
    USART1_Init                              0x080005a5   Thumb Code   174  usart.o(.text)
    USART_puts                               0x08000653   Thumb Code    30  usart.o(.text)
    USART_putc                               0x08000671   Thumb Code    10  usart.o(.text)
    USART1_IRQHandler                        0x0800067b   Thumb Code    34  usart.o(.text)
    XPT2046_Init                             0x080006ad   Thumb Code    64  xpt2046.o(.text)
    XPT2046_GetCoordinates                   0x080006ed   Thumb Code    56  xpt2046.o(.text)
    XPT2046_read_x                           0x08000725   Thumb Code    40  xpt2046.o(.text)
    XPT2046_read_y                           0x0800074d   Thumb Code    40  xpt2046.o(.text)
    XPT2046_read                             0x08000775   Thumb Code    20  xpt2046.o(.text)
    XPT2046_pressed                          0x08000789   Thumb Code    14  xpt2046.o(.text)
    XPT2046_round_read                       0x08000797   Thumb Code   104  xpt2046.o(.text)
    XPT2046_to_240_320                       0x080007ff   Thumb Code    92  xpt2046.o(.text)
    TM_ILI9341_SendData                      0x08000879   Thumb Code    42  tm_stm32f4_ili9341.o(.text)
    TM_ILI9341_SendCommand                   0x080008a3   Thumb Code    42  tm_stm32f4_ili9341.o(.text)
    TM_ILI9341_SetCursorPosition             0x080008cd   Thumb Code    74  tm_stm32f4_ili9341.o(.text)
    TM_ILI9341_Fill                          0x08000917   Thumb Code    64  tm_stm32f4_ili9341.o(.text)
    TM_ILI9341_Delay                         0x08000957   Thumb Code    16  tm_stm32f4_ili9341.o(.text)
    TM_ILI9341_InitLCD                       0x08000967   Thumb Code   588  tm_stm32f4_ili9341.o(.text)
    TM_ILI9341_Init                          0x08000bb3   Thumb Code   112  tm_stm32f4_ili9341.o(.text)
    TM_ILI9341_DisplayOn                     0x08000c23   Thumb Code     4  tm_stm32f4_ili9341.o(.text)
    TM_ILI9341_DisplayOff                    0x08000c27   Thumb Code     4  tm_stm32f4_ili9341.o(.text)
    TM_ILI9341_DrawPixel                     0x08000c2b   Thumb Code    34  tm_stm32f4_ili9341.o(.text)
    TM_ILI9341_Rotate                        0x08000c4d   Thumb Code    98  tm_stm32f4_ili9341.o(.text)
    TM_ILI9341_Putc                          0x08000caf   Thumb Code   142  tm_stm32f4_ili9341.o(.text)
    TM_ILI9341_Puts                          0x08000d3d   Thumb Code    86  tm_stm32f4_ili9341.o(.text)
    TM_ILI9341_GetStringSize                 0x08000d93   Thumb Code    28  tm_stm32f4_ili9341.o(.text)
    TM_ILI9341_DrawLine                      0x08000daf   Thumb Code   190  tm_stm32f4_ili9341.o(.text)
    TM_ILI9341_DrawRectangle                 0x08000e6d   Thumb Code    68  tm_stm32f4_ili9341.o(.text)
    TM_ILI9341_DrawFilledRectangle           0x08000eb1   Thumb Code    40  tm_stm32f4_ili9341.o(.text)
    TM_ILI9341_DrawCircle                    0x08000ed9   Thumb Code   272  tm_stm32f4_ili9341.o(.text)
    TM_ILI9341_DrawFilledCircle              0x08000fe9   Thumb Code   266  tm_stm32f4_ili9341.o(.text)
    TM_ILI9341_SendCommand2                  0x080010f3   Thumb Code     4  tm_stm32f4_ili9341.o(.text)
    TM_SPI6_INT_InitPins                     0x080010f9   Thumb Code    40  tm_stm32f4_spi.o(.text)
    TM_SPI5_INT_InitPins                     0x08001121   Thumb Code    74  tm_stm32f4_spi.o(.text)
    TM_SPI4_INT_InitPins                     0x0800116b   Thumb Code    58  tm_stm32f4_spi.o(.text)
    TM_SPI3_INT_InitPins                     0x080011a5   Thumb Code    58  tm_stm32f4_spi.o(.text)
    TM_SPI2_INT_InitPins                     0x080011df   Thumb Code    88  tm_stm32f4_spi.o(.text)
    TM_SPI1_INT_InitPins                     0x08001237   Thumb Code    56  tm_stm32f4_spi.o(.text)
    TM_SPI_Init                              0x0800138f   Thumb Code   136  tm_stm32f4_spi.o(.text)
    TM_SPI_InitWithMode                      0x08001417   Thumb Code   142  tm_stm32f4_spi.o(.text)
    TM_SPI_InitFull                          0x080014a5   Thumb Code   206  tm_stm32f4_spi.o(.text)
    TM_SPI_GetPrescalerFromMaxFrequency      0x08001573   Thumb Code    78  tm_stm32f4_spi.o(.text)
    TM_SPI_Send                              0x080015c1   Thumb Code    26  tm_stm32f4_spi.o(.text)
    TM_SPI_SendMulti                         0x080015db   Thumb Code    30  tm_stm32f4_spi.o(.text)
    TM_SPI_WriteMulti                        0x080015f9   Thumb Code    28  tm_stm32f4_spi.o(.text)
    TM_SPI_ReadMulti                         0x08001615   Thumb Code    30  tm_stm32f4_spi.o(.text)
    TM_SPI_Send16                            0x08001633   Thumb Code    24  tm_stm32f4_spi.o(.text)
    TM_SPI_SendMulti16                       0x0800164b   Thumb Code    34  tm_stm32f4_spi.o(.text)
    TM_SPI_WriteMulti16                      0x0800166d   Thumb Code    32  tm_stm32f4_spi.o(.text)
    TM_SPI_ReadMulti16                       0x0800168d   Thumb Code    32  tm_stm32f4_spi.o(.text)
    TM_GPIO_Init                             0x0800177b   Thumb Code    52  tm_stm32f4_gpio.o(.text)
    TM_GPIO_InitAlternate                    0x080017af   Thumb Code    96  tm_stm32f4_gpio.o(.text)
    TM_GPIO_DeInit                           0x0800180f   Thumb Code    40  tm_stm32f4_gpio.o(.text)
    TM_GPIO_SetPinAsInput                    0x08001837   Thumb Code    40  tm_stm32f4_gpio.o(.text)
    TM_GPIO_SetPinAsOutput                   0x0800185f   Thumb Code    46  tm_stm32f4_gpio.o(.text)
    TM_GPIO_GetPortSource                    0x0800188d   Thumb Code   124  tm_stm32f4_gpio.o(.text)
    TM_GPIO_GetPinSource                     0x08001909   Thumb Code    18  tm_stm32f4_gpio.o(.text)
    TM_GPIO_INT_DisableClock                 0x0800191b   Thumb Code   188  tm_stm32f4_gpio.o(.text)
    xTaskGenericCreate                       0x08001a0d   Thumb Code   402  tasks.o(.text)
    xTaskIncrementTick                       0x08001b9f   Thumb Code   194  tasks.o(.text)
    xTaskResumeAll                           0x08001c61   Thumb Code   184  tasks.o(.text)
    vTaskSuspendAll                          0x08001d49   Thumb Code    10  tasks.o(.text)
    vTaskDelay                               0x08001d53   Thumb Code    94  tasks.o(.text)
    vTaskSwitchContext                       0x08001db1   Thumb Code    82  tasks.o(.text)
    vTaskSuspend                             0x08001e03   Thumb Code   164  tasks.o(.text)
    vTaskResume                              0x08001ee7   Thumb Code   116  tasks.o(.text)
    xTaskResumeFromISR                       0x08001f5b   Thumb Code   130  tasks.o(.text)
    vTaskStartScheduler                      0x08002049   Thumb Code    80  tasks.o(.text)
    vTaskEndScheduler                        0x08002099   Thumb Code    24  tasks.o(.text)
    xTaskGetTickCount                        0x080020b1   Thumb Code     6  tasks.o(.text)
    xTaskGetTickCountFromISR                 0x080020b7   Thumb Code    12  tasks.o(.text)
    uxTaskGetNumberOfTasks                   0x080020c3   Thumb Code     6  tasks.o(.text)
    vTaskStepTick                            0x080020c9   Thumb Code    36  tasks.o(.text)
    vTaskPlaceOnEventList                    0x080020ed   Thumb Code    90  tasks.o(.text)
    vTaskPlaceOnUnorderedEventList           0x08002147   Thumb Code   118  tasks.o(.text)
    xTaskRemoveFromEventList                 0x080021bd   Thumb Code   114  tasks.o(.text)
    xTaskRemoveFromUnorderedEventList        0x0800222f   Thumb Code   110  tasks.o(.text)
    vTaskSetTimeOutState                     0x0800229d   Thumb Code    30  tasks.o(.text)
    xTaskCheckForTimeOut                     0x080022bb   Thumb Code   128  tasks.o(.text)
    vTaskMissedYield                         0x0800233b   Thumb Code     8  tasks.o(.text)
    eTaskConfirmSleepModeStatus              0x08002343   Thumb Code    38  tasks.o(.text)
    uxTaskResetEventItemValue                0x08002369   Thumb Code    20  tasks.o(.text)
    ulTaskNotifyTake                         0x0800237d   Thumb Code   142  tasks.o(.text)
    xTaskNotifyWait                          0x0800240b   Thumb Code   170  tasks.o(.text)
    xTaskGenericNotify                       0x080024b5   Thumb Code   190  tasks.o(.text)
    xTaskNotifyFromISR                       0x08002573   Thumb Code   218  tasks.o(.text)
    vTaskNotifyGiveFromISR                   0x0800264d   Thumb Code   168  tasks.o(.text)
    vListInitialise                          0x0800271d   Thumb Code    22  list.o(.text)
    vListInitialiseItem                      0x08002733   Thumb Code     6  list.o(.text)
    vListInsertEnd                           0x08002739   Thumb Code    24  list.o(.text)
    vListInsert                              0x08002751   Thumb Code    48  list.o(.text)
    uxListRemove                             0x08002781   Thumb Code    36  list.o(.text)
    pvPortMalloc                             0x080027a5   Thumb Code   172  heap_2.o(.text)
    vPortFree                                0x08002851   Thumb Code    56  heap_2.o(.text)
    xPortGetFreeHeapSize                     0x08002889   Thumb Code     6  heap_2.o(.text)
    vPortInitialiseBlocks                    0x0800288f   Thumb Code     2  heap_2.o(.text)
    pxPortInitialiseStack                    0x080028bd   Thumb Code    36  port.o(.text)
    vPortSetupTimerInterrupt                 0x080028e1   Thumb Code    58  port.o(.text)
    xPortStartScheduler                      0x0800291b   Thumb Code   204  port.o(.text)
    vPortEndScheduler                        0x080029e7   Thumb Code    28  port.o(.text)
    vPortEnterCritical                       0x08002a03   Thumb Code    56  port.o(.text)
    vPortExitCritical                        0x08002a3b   Thumb Code    34  port.o(.text)
    SysTick_Handler                          0x08002a5d   Thumb Code    40  port.o(.text)
    vPortSuppressTicksAndSleep               0x08002a85   Thumb Code   198  port.o(.text)
    vPortValidateInterruptPriority           0x08002b4b   Thumb Code    76  port.o(.text)
    NVIC_PriorityGroupConfig                 0x08002bb5   Thumb Code    10  misc.o(.text)
    NVIC_Init                                0x08002bbf   Thumb Code    96  misc.o(.text)
    NVIC_SetVectorTable                      0x08002c1f   Thumb Code    14  misc.o(.text)
    NVIC_SystemLPConfig                      0x08002c2d   Thumb Code    20  misc.o(.text)
    SysTick_CLKSourceConfig                  0x08002c41   Thumb Code    24  misc.o(.text)
    RCC_DeInit                               0x08002c65   Thumb Code    68  stm32f4xx_rcc.o(.text)
    RCC_HSEConfig                            0x08002ca9   Thumb Code    12  stm32f4xx_rcc.o(.text)
    RCC_GetFlagStatus                        0x08002cb5   Thumb Code    46  stm32f4xx_rcc.o(.text)
    RCC_WaitForHSEStartUp                    0x08002ce3   Thumb Code    44  stm32f4xx_rcc.o(.text)
    RCC_AdjustHSICalibrationValue            0x08002d0f   Thumb Code    16  stm32f4xx_rcc.o(.text)
    RCC_HSICmd                               0x08002d1f   Thumb Code     6  stm32f4xx_rcc.o(.text)
    RCC_LSEConfig                            0x08002d25   Thumb Code    24  stm32f4xx_rcc.o(.text)
    RCC_LSICmd                               0x08002d3d   Thumb Code     6  stm32f4xx_rcc.o(.text)
    RCC_PLLConfig                            0x08002d43   Thumb Code    32  stm32f4xx_rcc.o(.text)
    RCC_PLLCmd                               0x08002d63   Thumb Code     6  stm32f4xx_rcc.o(.text)
    RCC_PLLI2SConfig                         0x08002d69   Thumb Code    14  stm32f4xx_rcc.o(.text)
    RCC_PLLI2SCmd                            0x08002d77   Thumb Code     6  stm32f4xx_rcc.o(.text)
    RCC_PLLSAIConfig                         0x08002d7d   Thumb Code    18  stm32f4xx_rcc.o(.text)
    RCC_PLLSAICmd                            0x08002d8f   Thumb Code     6  stm32f4xx_rcc.o(.text)
    RCC_ClockSecuritySystemCmd               0x08002d95   Thumb Code     6  stm32f4xx_rcc.o(.text)
    RCC_MCO1Config                           0x08002d9b   Thumb Code    18  stm32f4xx_rcc.o(.text)
    RCC_MCO2Config                           0x08002dad   Thumb Code    18  stm32f4xx_rcc.o(.text)
    RCC_SYSCLKConfig                         0x08002dbf   Thumb Code    16  stm32f4xx_rcc.o(.text)
    RCC_GetSYSCLKSource                      0x08002dcf   Thumb Code    12  stm32f4xx_rcc.o(.text)
    RCC_HCLKConfig                           0x08002ddb   Thumb Code    16  stm32f4xx_rcc.o(.text)
    RCC_PCLK1Config                          0x08002deb   Thumb Code    16  stm32f4xx_rcc.o(.text)
    RCC_PCLK2Config                          0x08002dfb   Thumb Code    18  stm32f4xx_rcc.o(.text)
    RCC_GetClocksFreq                        0x08002e0d   Thumb Code   134  stm32f4xx_rcc.o(.text)
    RCC_RTCCLKConfig                         0x08002e93   Thumb Code    42  stm32f4xx_rcc.o(.text)
    RCC_RTCCLKCmd                            0x08002ebd   Thumb Code     8  stm32f4xx_rcc.o(.text)
    RCC_BackupResetCmd                       0x08002ec5   Thumb Code     8  stm32f4xx_rcc.o(.text)
    RCC_I2SCLKConfig                         0x08002ecd   Thumb Code     8  stm32f4xx_rcc.o(.text)
    RCC_SAIBlockACLKConfig                   0x08002ed5   Thumb Code    16  stm32f4xx_rcc.o(.text)
    RCC_SAIBlockBCLKConfig                   0x08002ee5   Thumb Code    16  stm32f4xx_rcc.o(.text)
    RCC_SAIPLLI2SClkDivConfig                0x08002ef5   Thumb Code    18  stm32f4xx_rcc.o(.text)
    RCC_SAIPLLSAIClkDivConfig                0x08002f07   Thumb Code    24  stm32f4xx_rcc.o(.text)
    RCC_LTDCCLKDivConfig                     0x08002f1f   Thumb Code    16  stm32f4xx_rcc.o(.text)
    RCC_TIMCLKPresConfig                     0x08002f2f   Thumb Code     8  stm32f4xx_rcc.o(.text)
    RCC_AHB1PeriphClockCmd                   0x08002f37   Thumb Code    20  stm32f4xx_rcc.o(.text)
    RCC_AHB2PeriphClockCmd                   0x08002f4b   Thumb Code    20  stm32f4xx_rcc.o(.text)
    RCC_AHB3PeriphClockCmd                   0x08002f5f   Thumb Code    20  stm32f4xx_rcc.o(.text)
    RCC_APB1PeriphClockCmd                   0x08002f73   Thumb Code    20  stm32f4xx_rcc.o(.text)
    RCC_APB2PeriphClockCmd                   0x08002f87   Thumb Code    20  stm32f4xx_rcc.o(.text)
    RCC_AHB1PeriphResetCmd                   0x08002f9b   Thumb Code    20  stm32f4xx_rcc.o(.text)
    RCC_AHB2PeriphResetCmd                   0x08002faf   Thumb Code    20  stm32f4xx_rcc.o(.text)
    RCC_AHB3PeriphResetCmd                   0x08002fc3   Thumb Code    20  stm32f4xx_rcc.o(.text)
    RCC_APB1PeriphResetCmd                   0x08002fd7   Thumb Code    20  stm32f4xx_rcc.o(.text)
    RCC_APB2PeriphResetCmd                   0x08002feb   Thumb Code    20  stm32f4xx_rcc.o(.text)
    RCC_AHB1PeriphClockLPModeCmd             0x08002fff   Thumb Code    20  stm32f4xx_rcc.o(.text)
    RCC_AHB2PeriphClockLPModeCmd             0x08003013   Thumb Code    20  stm32f4xx_rcc.o(.text)
    RCC_AHB3PeriphClockLPModeCmd             0x08003027   Thumb Code    20  stm32f4xx_rcc.o(.text)
    RCC_APB1PeriphClockLPModeCmd             0x0800303b   Thumb Code    64  stm32f4xx_rcc.o(.text)
    RCC_APB2PeriphClockLPModeCmd             0x0800307b   Thumb Code    18  stm32f4xx_rcc.o(.text)
    RCC_LSEModeConfig                        0x0800308d   Thumb Code    24  stm32f4xx_rcc.o(.text)
    RCC_ITConfig                             0x080030a5   Thumb Code    20  stm32f4xx_rcc.o(.text)
    RCC_ClearFlag                            0x080030b9   Thumb Code    14  stm32f4xx_rcc.o(.text)
    RCC_GetITStatus                          0x080030c7   Thumb Code    18  stm32f4xx_rcc.o(.text)
    RCC_ClearITPendingBit                    0x080030d9   Thumb Code     8  stm32f4xx_rcc.o(.text)
    GPIO_DeInit                              0x080030e5   Thumb Code   216  stm32f4xx_gpio.o(.text)
    GPIO_Init                                0x080031bd   Thumb Code   162  stm32f4xx_gpio.o(.text)
    GPIO_StructInit                          0x0800325f   Thumb Code    18  stm32f4xx_gpio.o(.text)
    GPIO_PinLockConfig                       0x08003271   Thumb Code    24  stm32f4xx_gpio.o(.text)
    GPIO_ReadInputDataBit                    0x08003289   Thumb Code    14  stm32f4xx_gpio.o(.text)
    GPIO_ReadInputData                       0x08003297   Thumb Code     6  stm32f4xx_gpio.o(.text)
    GPIO_ReadOutputDataBit                   0x0800329d   Thumb Code    14  stm32f4xx_gpio.o(.text)
    GPIO_ReadOutputData                      0x080032ab   Thumb Code     6  stm32f4xx_gpio.o(.text)
    GPIO_SetBits                             0x080032b1   Thumb Code     4  stm32f4xx_gpio.o(.text)
    GPIO_ResetBits                           0x080032b5   Thumb Code     4  stm32f4xx_gpio.o(.text)
    GPIO_WriteBit                            0x080032b9   Thumb Code    10  stm32f4xx_gpio.o(.text)
    GPIO_Write                               0x080032c3   Thumb Code     4  stm32f4xx_gpio.o(.text)
    GPIO_ToggleBits                          0x080032c7   Thumb Code     8  stm32f4xx_gpio.o(.text)
    GPIO_PinAFConfig                         0x080032cf   Thumb Code    32  stm32f4xx_gpio.o(.text)
    SPI_I2S_DeInit                           0x0800331d   Thumb Code   108  stm32f4xx_spi.o(.text)
    SPI_Init                                 0x08003389   Thumb Code    56  stm32f4xx_spi.o(.text)
    I2S_Init                                 0x080033c1   Thumb Code   198  stm32f4xx_spi.o(.text)
    SPI_StructInit                           0x08003487   Thumb Code    24  stm32f4xx_spi.o(.text)
    I2S_StructInit                           0x0800349f   Thumb Code    18  stm32f4xx_spi.o(.text)
    SPI_Cmd                                  0x080034b1   Thumb Code    20  stm32f4xx_spi.o(.text)
    I2S_Cmd                                  0x080034c5   Thumb Code    20  stm32f4xx_spi.o(.text)
    SPI_DataSizeConfig                       0x080034d9   Thumb Code    16  stm32f4xx_spi.o(.text)
    SPI_BiDirectionalLineConfig              0x080034e9   Thumb Code    22  stm32f4xx_spi.o(.text)
    SPI_NSSInternalSoftwareConfig            0x080034ff   Thumb Code    24  stm32f4xx_spi.o(.text)
    SPI_SSOutputCmd                          0x08003517   Thumb Code    20  stm32f4xx_spi.o(.text)
    SPI_TIModeCmd                            0x0800352b   Thumb Code    20  stm32f4xx_spi.o(.text)
    I2S_FullDuplexConfig                     0x0800353f   Thumb Code    58  stm32f4xx_spi.o(.text)
    SPI_I2S_ReceiveData                      0x08003579   Thumb Code     4  stm32f4xx_spi.o(.text)
    SPI_I2S_SendData                         0x0800357d   Thumb Code     4  stm32f4xx_spi.o(.text)
    SPI_CalculateCRC                         0x08003581   Thumb Code    20  stm32f4xx_spi.o(.text)
    SPI_TransmitCRC                          0x08003595   Thumb Code    10  stm32f4xx_spi.o(.text)
    SPI_GetCRC                               0x0800359f   Thumb Code    12  stm32f4xx_spi.o(.text)
    SPI_GetCRCPolynomial                     0x080035ab   Thumb Code     4  stm32f4xx_spi.o(.text)
    SPI_I2S_DMACmd                           0x080035af   Thumb Code    16  stm32f4xx_spi.o(.text)
    SPI_I2S_ITConfig                         0x080035bf   Thumb Code    24  stm32f4xx_spi.o(.text)
    SPI_I2S_GetFlagStatus                    0x080035d7   Thumb Code    14  stm32f4xx_spi.o(.text)
    SPI_I2S_ClearFlag                        0x080035e5   Thumb Code     6  stm32f4xx_spi.o(.text)
    SPI_I2S_GetITStatus                      0x080035eb   Thumb Code    42  stm32f4xx_spi.o(.text)
    SPI_I2S_ClearITPendingBit                0x08003615   Thumb Code    14  stm32f4xx_spi.o(.text)
    USART_DeInit                             0x08003649   Thumb Code   138  stm32f4xx_usart.o(.text)
    USART_Init                               0x080036d3   Thumb Code   164  stm32f4xx_usart.o(.text)
    USART_StructInit                         0x08003777   Thumb Code    22  stm32f4xx_usart.o(.text)
    USART_ClockInit                          0x0800378d   Thumb Code    28  stm32f4xx_usart.o(.text)
    USART_ClockStructInit                    0x080037a9   Thumb Code    12  stm32f4xx_usart.o(.text)
    USART_Cmd                                0x080037b5   Thumb Code    20  stm32f4xx_usart.o(.text)
    USART_SetPrescaler                       0x080037c9   Thumb Code    16  stm32f4xx_usart.o(.text)
    USART_OverSampling8Cmd                   0x080037d9   Thumb Code    20  stm32f4xx_usart.o(.text)
    USART_OneBitMethodCmd                    0x080037ed   Thumb Code    20  stm32f4xx_usart.o(.text)
    USART_SendData                           0x08003801   Thumb Code     8  stm32f4xx_usart.o(.text)
    USART_ReceiveData                        0x08003809   Thumb Code     8  stm32f4xx_usart.o(.text)
    USART_SetAddress                         0x08003811   Thumb Code    16  stm32f4xx_usart.o(.text)
    USART_ReceiverWakeUpCmd                  0x08003821   Thumb Code    20  stm32f4xx_usart.o(.text)
    USART_WakeUpConfig                       0x08003835   Thumb Code    16  stm32f4xx_usart.o(.text)
    USART_LINBreakDetectLengthConfig         0x08003845   Thumb Code    16  stm32f4xx_usart.o(.text)
    USART_LINCmd                             0x08003855   Thumb Code    20  stm32f4xx_usart.o(.text)
    USART_SendBreak                          0x08003869   Thumb Code    10  stm32f4xx_usart.o(.text)
    USART_HalfDuplexCmd                      0x08003873   Thumb Code    20  stm32f4xx_usart.o(.text)
    USART_SetGuardTime                       0x08003887   Thumb Code    16  stm32f4xx_usart.o(.text)
    USART_SmartCardCmd                       0x08003897   Thumb Code    20  stm32f4xx_usart.o(.text)
    USART_SmartCardNACKCmd                   0x080038ab   Thumb Code    20  stm32f4xx_usart.o(.text)
    USART_IrDAConfig                         0x080038bf   Thumb Code    16  stm32f4xx_usart.o(.text)
    USART_IrDACmd                            0x080038cf   Thumb Code    20  stm32f4xx_usart.o(.text)
    USART_DMACmd                             0x080038e3   Thumb Code    16  stm32f4xx_usart.o(.text)
    USART_ITConfig                           0x080038f3   Thumb Code    48  stm32f4xx_usart.o(.text)
    USART_GetFlagStatus                      0x08003923   Thumb Code    14  stm32f4xx_usart.o(.text)
    USART_ClearFlag                          0x08003931   Thumb Code     6  stm32f4xx_usart.o(.text)
    USART_GetITStatus                        0x08003937   Thumb Code    62  stm32f4xx_usart.o(.text)
    USART_ClearITPendingBit                  0x08003975   Thumb Code    12  stm32f4xx_usart.o(.text)
    TM_USART1_ReceiveHandler                 0x08003981   Thumb Code     6  stm32f4xx_usart.o(.text)
    EXTI_DeInit                              0x080039a9   Thumb Code    28  stm32f4xx_exti.o(.text)
    EXTI_Init                                0x080039c5   Thumb Code   108  stm32f4xx_exti.o(.text)
    EXTI_StructInit                          0x08003a31   Thumb Code    14  stm32f4xx_exti.o(.text)
    EXTI_GenerateSWInterrupt                 0x08003a3f   Thumb Code    12  stm32f4xx_exti.o(.text)
    EXTI_GetFlagStatus                       0x08003a4b   Thumb Code    18  stm32f4xx_exti.o(.text)
    EXTI_ClearFlag                           0x08003a5d   Thumb Code     8  stm32f4xx_exti.o(.text)
    EXTI_GetITStatus                         0x08003a65   Thumb Code    18  stm32f4xx_exti.o(.text)
    EXTI_ClearITPendingBit                   0x08003a77   Thumb Code     8  stm32f4xx_exti.o(.text)
    SYSCFG_DeInit                            0x08003a89   Thumb Code    24  stm32f4xx_syscfg.o(.text)
    SYSCFG_MemoryRemapConfig                 0x08003aa1   Thumb Code     6  stm32f4xx_syscfg.o(.text)
    SYSCFG_MemorySwappingBank                0x08003aa7   Thumb Code     6  stm32f4xx_syscfg.o(.text)
    SYSCFG_EXTILineConfig                    0x08003aad   Thumb Code    42  stm32f4xx_syscfg.o(.text)
    SYSCFG_ETH_MediaInterfaceConfig          0x08003ad7   Thumb Code     8  stm32f4xx_syscfg.o(.text)
    SYSCFG_CompensationCellCmd               0x08003adf   Thumb Code     6  stm32f4xx_syscfg.o(.text)
    SYSCFG_GetCompensationCellStatus         0x08003ae5   Thumb Code    16  stm32f4xx_syscfg.o(.text)
    display_menu                             0x08003b05   Thumb Code   288  menu_system.o(.text)
    update_display                           0x08003c25   Thumb Code    88  menu_system.o(.text)
    init_display                             0x08003c7d   Thumb Code    76  menu_system.o(.text)
    cycle_menu                               0x08003cc9   Thumb Code   244  menu_system.o(.text)
    LED                                      0x08003dc5   Thumb Code   140  menu_functions.o(.text)
    apocalypse                               0x08003e51   Thumb Code   174  menu_functions.o(.text)
    terminal_putc                            0x08003eff   Thumb Code   106  menu_functions.o(.text)
    terminal                                 0x08003f69   Thumb Code   468  menu_functions.o(.text)
    verzija                                  0x0800413d   Thumb Code     8  menu_functions.o(.text)
    touch                                    0x08004145   Thumb Code    54  menu_functions.o(.text)
    uint16tostr                              0x0800417b   Thumb Code   320  menu_functions.o(.text)
    get_touch_coordinates                    0x080042bb   Thumb Code   156  menu_functions.o(.text)
    get_event                                0x08004375   Thumb Code    16  menu_event.o(.text)
    get_key                                  0x08004385   Thumb Code    22  menu_event.o(.text)
    read_key                                 0x0800439b   Thumb Code    16  menu_event.o(.text)
    STM_EVAL_LEDInit                         0x080043b1   Thumb Code    62  stm32f4_discovery.o(.text)
    STM_EVAL_LEDOn                           0x080043ef   Thumb Code    18  stm32f4_discovery.o(.text)
    STM_EVAL_LEDOff                          0x08004401   Thumb Code    18  stm32f4_discovery.o(.text)
    STM_EVAL_LEDToggle                       0x08004413   Thumb Code    22  stm32f4_discovery.o(.text)
    STM_EVAL_PBInit                          0x08004429   Thumb Code   148  stm32f4_discovery.o(.text)
    STM_EVAL_PBGetState                      0x080044bd   Thumb Code    20  stm32f4_discovery.o(.text)
    __use_two_region_memory                  0x080044d9   Thumb Code     2  heapauxi.o(.text)
    __rt_heap_escrow$2region                 0x080044db   Thumb Code     2  heapauxi.o(.text)
    __rt_heap_expand$2region                 0x080044dd   Thumb Code     2  heapauxi.o(.text)
    __user_setup_stackheap                   0x080044df   Thumb Code    74  sys_stackheap_outer.o(.text)
    exit                                     0x08004529   Thumb Code    12  exit.o(.text)
    __user_libspace                          0x08004535   Thumb Code     8  libspace.o(.text)
    __user_perproc_libspace                  0x08004535   Thumb Code     0  libspace.o(.text)
    __user_perthread_libspace                0x08004535   Thumb Code     0  libspace.o(.text)
    _sys_exit                                0x0800453d   Thumb Code     8  sys_exit.o(.text)
    __I$use$semihosting                      0x08004549   Thumb Code     0  use_no_semi.o(.text)
    __use_no_semihosting_swi                 0x08004549   Thumb Code     2  use_no_semi.o(.text)
    __semihosting_library_function           0x0800454b   Thumb Code     0  indicate_semi.o(.text)
    __aeabi_ddiv                             0x0800454d   Thumb Code     0  ddiv.o(x$fpl$ddiv)
    _ddiv                                    0x0800454d   Thumb Code   552  ddiv.o(x$fpl$ddiv)
    __aeabi_d2uiz                            0x080047fd   Thumb Code     0  dfixu.o(x$fpl$dfixu)
    _dfixu                                   0x080047fd   Thumb Code    90  dfixu.o(x$fpl$dfixu)
    __aeabi_i2d                              0x08004857   Thumb Code     0  dflt_clz.o(x$fpl$dflt)
    _dflt                                    0x08004857   Thumb Code    46  dflt_clz.o(x$fpl$dflt)
    __fpl_dnaninf                            0x08004885   Thumb Code   156  dnaninf.o(x$fpl$dnaninf)
    __fpl_dretinf                            0x08004921   Thumb Code    12  dretinf.o(x$fpl$dretinf)
    _fp_init                                 0x0800492d   Thumb Code    10  fpinit.o(x$fpl$fpinit)
    __fplib_config_fpu_vfp                   0x08004935   Thumb Code     0  fpinit.o(x$fpl$fpinit)
    __fplib_config_pureend_doubles           0x08004935   Thumb Code     0  fpinit.o(x$fpl$fpinit)
    TM_Font7x10                              0x08004936   Data        1900  tm_stm32f4_fonts.o(.constdata)
    __I$use$fp                               0x08004936   Number         0  usenofp.o(x$fpl$usenofp)
    TM_Font11x18                             0x080050a2   Data        3420  tm_stm32f4_fonts.o(.constdata)
    BUTTON_PORT_SOURCE                       0x08005e00   Data           1  stm32f4_discovery.o(.constdata)
    BUTTON_PIN_SOURCE                        0x08005e01   Data           1  stm32f4_discovery.o(.constdata)
    BUTTON_IRQn                              0x08005e02   Data           1  stm32f4_discovery.o(.constdata)
    BUTTON_PIN                               0x08005e04   Data           2  stm32f4_discovery.o(.constdata)
    BUTTON_EXTI_LINE                         0x08005e06   Data           2  stm32f4_discovery.o(.constdata)
    BUTTON_CLK                               0x08005e08   Data           4  stm32f4_discovery.o(.constdata)
    GPIO_PIN                                 0x08005e0c   Data           8  stm32f4_discovery.o(.constdata)
    GPIO_CLK                                 0x08005e14   Data          16  stm32f4_discovery.o(.constdata)
    Region$$Table$$Base                      0x08005e70   Number         0  anon$$obj.o(Region$$Table)
    Region$$Table$$Limit                     0x08005e90   Number         0  anon$$obj.o(Region$$Table)
    SystemCoreClock                          0x20000000   Data           4  system_stm32f4xx.o(.data)
    AHBPrescTable                            0x20000004   Data          16  system_stm32f4xx.o(.data)
    Version_Info                             0x20000014   Data         160  main.o(.data)
    Author_Info                              0x200000b4   Data         160  main.o(.data)
    LED_Main_Menu                            0x20000154   Data         160  main.o(.data)
    Info_Main_Menu                           0x200001f4   Data         160  main.o(.data)
    Voltmeter_Main_Menu                      0x20000294   Data         160  main.o(.data)
    Clock_Main_Menu                          0x20000334   Data         160  main.o(.data)
    Terminal_Main_Menu                       0x200003d4   Data         160  main.o(.data)
    Calculator_Main_Menu                     0x20000474   Data         160  main.o(.data)
    Notepad_Main_Menu                        0x20000514   Data         160  main.o(.data)
    WorldDomination_Main_Menu                0x200005b4   Data         160  main.o(.data)
    Apocalypse_Main_Menu                     0x20000654   Data         160  main.o(.data)
    Touch_Main_Menu                          0x200006f4   Data         160  main.o(.data)
    main_menu                                0x20000794   Data         160  main.o(.data)
    X_point                                  0x20000834   Data           2  xpt2046.o(.data)
    Y_point                                  0x20000836   Data           2  xpt2046.o(.data)
    ILI9341_x                                0x20000838   Data           2  tm_stm32f4_ili9341.o(.data)
    ILI9341_y                                0x2000083a   Data           2  tm_stm32f4_ili9341.o(.data)
    ILI9341_Opts                             0x2000083c   Data           6  tm_stm32f4_ili9341.o(.data)
    TM_Font_7x10                             0x2000084c   Data           8  tm_stm32f4_fonts.o(.data)
    TM_Font_11x18                            0x20000854   Data           8  tm_stm32f4_fonts.o(.data)
    pxCurrentTCB                             0x2000085c   Data           4  tasks.o(.data)
    blanks                                   0x200008d0   Data          21  menu_system.o(.data)
    LED_initialized                          0x200008e6   Data           1  menu_functions.o(.data)
    X0                                       0x200008e8   Data           2  menu_functions.o(.data)
    Y0                                       0x200008ea   Data           2  menu_functions.o(.data)
    menu_key_read                            0x200008ec   Data           1  menu_event.o(.data)
    menu_event_key                           0x200008ed   Data           1  menu_event.o(.data)
    BUTTON_PORT                              0x200008f0   Data           4  stm32f4_discovery.o(.data)
    GPIO_PORT                                0x200008f4   Data          16  stm32f4_discovery.o(.data)
    __libspace_start                         0x200095a4   Data          96  libspace.o(.bss)
    __temporary_stack_top$libspace           0x20009604   Data           0  libspace.o(.bss)



==============================================================================

Memory Map of the image

  Image Entry point : 0x08000189

  Load Region LR_IROM1 (Base: 0x08000000, Size: 0x00006794, Max: 0x00100000, ABSOLUTE, COMPRESSED[0x00005fac])

    Execution Region ER_IROM1 (Base: 0x08000000, Size: 0x00005e90, Max: 0x00100000, ABSOLUTE)

    Base Addr    Size         Type   Attr      Idx    E Section Name        Object

    0x08000000   0x00000188   Data   RO            3    RESET               startup_stm32f40xx.o
    0x08000188   0x00000008   Code   RO          989  * !!!main             c_w.l(__main.o)
    0x08000190   0x00000034   Code   RO         1174    !!!scatter          c_w.l(__scatter.o)
    0x080001c4   0x0000005a   Code   RO         1172    !!dczerorl2         c_w.l(__dczerorl2.o)
    0x0800021e   0x00000002   PAD
    0x08000220   0x0000001c   Code   RO         1176    !!handler_zi        c_w.l(__scatter_zi.o)
    0x0800023c   0x00000002   Code   RO         1043    .ARM.Collect$$libinit$$00000000  c_w.l(libinit.o)
    0x0800023e   0x00000004   Code   RO         1049    .ARM.Collect$$libinit$$00000001  c_w.l(libinit2.o)
    0x08000242   0x00000000   Code   RO         1052    .ARM.Collect$$libinit$$00000004  c_w.l(libinit2.o)
    0x08000242   0x00000000   Code   RO         1055    .ARM.Collect$$libinit$$0000000A  c_w.l(libinit2.o)
    0x08000242   0x00000000   Code   RO         1057    .ARM.Collect$$libinit$$0000000C  c_w.l(libinit2.o)
    0x08000242   0x00000000   Code   RO         1059    .ARM.Collect$$libinit$$0000000E  c_w.l(libinit2.o)
    0x08000242   0x00000000   Code   RO         1062    .ARM.Collect$$libinit$$00000011  c_w.l(libinit2.o)
    0x08000242   0x00000000   Code   RO         1064    .ARM.Collect$$libinit$$00000013  c_w.l(libinit2.o)
    0x08000242   0x00000000   Code   RO         1066    .ARM.Collect$$libinit$$00000015  c_w.l(libinit2.o)
    0x08000242   0x00000000   Code   RO         1068    .ARM.Collect$$libinit$$00000017  c_w.l(libinit2.o)
    0x08000242   0x00000000   Code   RO         1070    .ARM.Collect$$libinit$$00000019  c_w.l(libinit2.o)
    0x08000242   0x00000000   Code   RO         1072    .ARM.Collect$$libinit$$0000001B  c_w.l(libinit2.o)
    0x08000242   0x00000000   Code   RO         1074    .ARM.Collect$$libinit$$0000001D  c_w.l(libinit2.o)
    0x08000242   0x00000000   Code   RO         1076    .ARM.Collect$$libinit$$0000001F  c_w.l(libinit2.o)
    0x08000242   0x00000000   Code   RO         1078    .ARM.Collect$$libinit$$00000021  c_w.l(libinit2.o)
    0x08000242   0x00000000   Code   RO         1080    .ARM.Collect$$libinit$$00000023  c_w.l(libinit2.o)
    0x08000242   0x00000000   Code   RO         1082    .ARM.Collect$$libinit$$00000025  c_w.l(libinit2.o)
    0x08000242   0x00000000   Code   RO         1086    .ARM.Collect$$libinit$$0000002C  c_w.l(libinit2.o)
    0x08000242   0x00000000   Code   RO         1088    .ARM.Collect$$libinit$$0000002E  c_w.l(libinit2.o)
    0x08000242   0x00000000   Code   RO         1090    .ARM.Collect$$libinit$$00000030  c_w.l(libinit2.o)
    0x08000242   0x00000000   Code   RO         1092    .ARM.Collect$$libinit$$00000032  c_w.l(libinit2.o)
    0x08000242   0x00000002   Code   RO         1093    .ARM.Collect$$libinit$$00000033  c_w.l(libinit2.o)
    0x08000244   0x00000002   Code   RO         1113    .ARM.Collect$$libshutdown$$00000000  c_w.l(libshutdown.o)
    0x08000246   0x00000000   Code   RO         1127    .ARM.Collect$$libshutdown$$00000003  c_w.l(libshutdown2.o)
    0x08000246   0x00000000   Code   RO         1130    .ARM.Collect$$libshutdown$$00000006  c_w.l(libshutdown2.o)
    0x08000246   0x00000000   Code   RO         1133    .ARM.Collect$$libshutdown$$00000009  c_w.l(libshutdown2.o)
    0x08000246   0x00000000   Code   RO         1135    .ARM.Collect$$libshutdown$$0000000B  c_w.l(libshutdown2.o)
    0x08000246   0x00000000   Code   RO         1138    .ARM.Collect$$libshutdown$$0000000E  c_w.l(libshutdown2.o)
    0x08000246   0x00000002   Code   RO         1139    .ARM.Collect$$libshutdown$$0000000F  c_w.l(libshutdown2.o)
    0x08000248   0x00000000   Code   RO         1009    .ARM.Collect$$rtentry$$00000000  c_w.l(__rtentry.o)
    0x08000248   0x00000000   Code   RO         1020    .ARM.Collect$$rtentry$$00000002  c_w.l(__rtentry2.o)
    0x08000248   0x00000006   Code   RO         1032    .ARM.Collect$$rtentry$$00000004  c_w.l(__rtentry4.o)
    0x0800024e   0x00000000   Code   RO         1022    .ARM.Collect$$rtentry$$00000009  c_w.l(__rtentry2.o)
    0x0800024e   0x00000004   Code   RO         1023    .ARM.Collect$$rtentry$$0000000A  c_w.l(__rtentry2.o)
    0x08000252   0x00000000   Code   RO         1025    .ARM.Collect$$rtentry$$0000000C  c_w.l(__rtentry2.o)
    0x08000252   0x00000008   Code   RO         1026    .ARM.Collect$$rtentry$$0000000D  c_w.l(__rtentry2.o)
    0x0800025a   0x00000002   Code   RO         1047    .ARM.Collect$$rtexit$$00000000  c_w.l(rtexit.o)
    0x0800025c   0x00000000   Code   RO         1095    .ARM.Collect$$rtexit$$00000002  c_w.l(rtexit2.o)
    0x0800025c   0x00000004   Code   RO         1096    .ARM.Collect$$rtexit$$00000003  c_w.l(rtexit2.o)
    0x08000260   0x00000006   Code   RO         1097    .ARM.Collect$$rtexit$$00000004  c_w.l(rtexit2.o)
    0x08000266   0x00000002   PAD
    0x08000268   0x000000b6   Code   RO          665    .emb_text           port.o
    0x0800031e   0x00000002   PAD
    0x08000320   0x00000040   Code   RO            4    .text               startup_stm32f40xx.o
    0x08000360   0x0000017c   Code   RO           13    .text               system_stm32f4xx.o
    0x080004dc   0x000000b8   Code   RO          144    .text               main.o
    0x08000594   0x0000000e   Code   RO          276    .text               stm32f4xx_it.o
    0x080005a2   0x00000002   PAD
    0x080005a4   0x00000108   Code   RO          303    .text               usart.o
    0x080006ac   0x000001cc   Code   RO          331    .text               xpt2046.o
    0x08000878   0x0000087e   Code   RO          362    .text               tm_stm32f4_ili9341.o
    0x080010f6   0x00000002   PAD
    0x080010f8   0x000005c4   Code   RO          394    .text               tm_stm32f4_spi.o
    0x080016bc   0x00000350   Code   RO          419    .text               tm_stm32f4_gpio.o
    0x08001a0c   0x00000d10   Code   RO          579    .text               tasks.o
    0x0800271c   0x00000088   Code   RO          614    .text               list.o
    0x080027a4   0x000000f4   Code   RO          638    .text               heap_2.o
    0x08002898   0x0000031c   Code   RO          666    .text               port.o
    0x08002bb4   0x000000b0   Code   RO          701    .text               misc.o
    0x08002c64   0x00000480   Code   RO          725    .text               stm32f4xx_rcc.o
    0x080030e4   0x00000238   Code   RO          751    .text               stm32f4xx_gpio.o
    0x0800331c   0x0000032c   Code   RO          775    .text               stm32f4xx_spi.o
    0x08003648   0x00000360   Code   RO          799    .text               stm32f4xx_usart.o
    0x080039a8   0x000000e0   Code   RO          824    .text               stm32f4xx_exti.o
    0x08003a88   0x0000007c   Code   RO          848    .text               stm32f4xx_syscfg.o
    0x08003b04   0x000002c0   Code   RO          872    .text               menu_system.o
    0x08003dc4   0x000005b0   Code   RO          904    .text               menu_functions.o
    0x08004374   0x0000003c   Code   RO          936    .text               menu_event.o
    0x080043b0   0x00000128   Code   RO          957    .text               stm32f4_discovery.o
    0x080044d8   0x00000006   Code   RO          987    .text               c_w.l(heapauxi.o)
    0x080044de   0x0000004a   Code   RO         1034    .text               c_w.l(sys_stackheap_outer.o)
    0x08004528   0x0000000c   Code   RO         1036    .text               c_w.l(exit.o)
    0x08004534   0x00000008   Code   RO         1044    .text               c_w.l(libspace.o)
    0x0800453c   0x0000000c   Code   RO         1105    .text               c_w.l(sys_exit.o)
    0x08004548   0x00000002   Code   RO         1116    .text               c_w.l(use_no_semi.o)
    0x0800454a   0x00000000   Code   RO         1118    .text               c_w.l(indicate_semi.o)
    0x0800454a   0x00000002   PAD
    0x0800454c   0x000002b0   Code   RO          992    x$fpl$ddiv          fz_wm.l(ddiv.o)
    0x080047fc   0x0000005a   Code   RO          997    x$fpl$dfixu         fz_wm.l(dfixu.o)
    0x08004856   0x0000002e   Code   RO         1002    x$fpl$dflt          fz_wm.l(dflt_clz.o)
    0x08004884   0x0000009c   Code   RO         1014    x$fpl$dnaninf       fz_wm.l(dnaninf.o)
    0x08004920   0x0000000c   Code   RO         1016    x$fpl$dretinf       fz_wm.l(dretinf.o)
    0x0800492c   0x0000000a   Code   RO         1103    x$fpl$fpinit        fz_wm.l(fpinit.o)
    0x08004936   0x00000000   Code   RO         1018    x$fpl$usenofp       fz_wm.l(usenofp.o)
    0x08004936   0x0000076c   Data   RO          445    .constdata          tm_stm32f4_fonts.o
    0x080050a2   0x00000d5c   Data   RO          446    .constdata          tm_stm32f4_fonts.o
    0x08005dfe   0x00000002   PAD
    0x08005e00   0x00000024   Data   RO          958    .constdata          stm32f4_discovery.o
    0x08005e24   0x0000004b   Data   RO          905    .conststring        menu_functions.o
    0x08005e6f   0x00000001   PAD
    0x08005e70   0x00000020   Data   RO         1170    Region$$Table       anon$$obj.o


    Execution Region RW_IRAM1 (Base: 0x20000000, Size: 0x00009c08, Max: 0x00020000, ABSOLUTE, COMPRESSED[0x0000011c])

    Base Addr    Size         Type   Attr      Idx    E Section Name        Object

    0x20000000   0x00000014   Data   RW           14    .data               system_stm32f4xx.o
    0x20000014   0x000000a0   Data   RW          145    .data               main.o
    0x200000b4   0x000000a0   Data   RW          146    .data               main.o
    0x20000154   0x000000a0   Data   RW          147    .data               main.o
    0x200001f4   0x000000a0   Data   RW          148    .data               main.o
    0x20000294   0x000000a0   Data   RW          149    .data               main.o
    0x20000334   0x000000a0   Data   RW          150    .data               main.o
    0x200003d4   0x000000a0   Data   RW          151    .data               main.o
    0x20000474   0x000000a0   Data   RW          152    .data               main.o
    0x20000514   0x000000a0   Data   RW          153    .data               main.o
    0x200005b4   0x000000a0   Data   RW          154    .data               main.o
    0x20000654   0x000000a0   Data   RW          155    .data               main.o
    0x200006f4   0x000000a0   Data   RW          156    .data               main.o
    0x20000794   0x000000a0   Data   RW          157    .data               main.o
    0x20000834   0x00000004   Data   RW          332    .data               xpt2046.o
    0x20000838   0x0000000a   Data   RW          364    .data               tm_stm32f4_ili9341.o
    0x20000842   0x00000002   PAD
    0x20000844   0x00000008   Data   RW          420    .data               tm_stm32f4_gpio.o
    0x2000084c   0x00000008   Data   RW          448    .data               tm_stm32f4_fonts.o
    0x20000854   0x00000008   Data   RW          449    .data               tm_stm32f4_fonts.o
    0x2000085c   0x00000034   Data   RW          581    .data               tasks.o
    0x20000890   0x00000018   Data   RW          640    .data               heap_2.o
    0x200008a8   0x00000018   Data   RW          667    .data               port.o
    0x200008c0   0x00000010   Data   RW          726    .data               stm32f4xx_rcc.o
    0x200008d0   0x00000015   Data   RW          874    .data               menu_system.o
    0x200008e5   0x00000001   PAD
    0x200008e6   0x00000006   Data   RW          906    .data               menu_functions.o
    0x200008ec   0x00000002   Data   RW          937    .data               menu_event.o
    0x200008ee   0x00000002   PAD
    0x200008f0   0x00000014   Data   RW          959    .data               stm32f4_discovery.o
    0x20000904   0x000000a0   Zero   RW          580    .bss                tasks.o
    0x200009a4   0x00008c00   Zero   RW          639    .bss                heap_2.o
    0x200095a4   0x00000060   Zero   RW         1045    .bss                c_w.l(libspace.o)
    0x20009604   0x00000004   PAD
    0x20009608   0x00000200   Zero   RW            2    HEAP                startup_stm32f40xx.o
    0x20009808   0x00000400   Zero   RW            1    STACK               startup_stm32f40xx.o


==============================================================================

Image component sizes


      Code (inc. data)   RO Data    RW Data    ZI Data      Debug   Object Name

       244          8          0         24      35840       3164   heap_2.o
       136          0          0          0          0       1858   list.o
       184         40          0       2080          0      16541   main.o
        60          6          0          2          0       1164   menu_event.o
      1456        282         75          6          0       3544   menu_functions.o
       704          8          0         21          0       3155   menu_system.o
       176         12          0          0          0       2029   misc.o
       978         46          0         24          0       6866   port.o
         0          0          0          0          0       9288   queue.o
        64         26        392          0       1536        828   startup_stm32f40xx.o
       296          8         36         20          0       2734   stm32f4_discovery.o
       224         10          0          0          0       2431   stm32f4xx_exti.o
       568         46          0          0          0       4013   stm32f4xx_gpio.o
        14          0          0          0          0       1133   stm32f4xx_it.o
      1152         48          0         16          0      11848   stm32f4xx_rcc.o
       812         38          0          0          0       6265   stm32f4xx_spi.o
       124         16          0          0          0       1837   stm32f4xx_syscfg.o
       864         34          0          0          0       7211   stm32f4xx_usart.o
       380         36          0         20          0     281755   system_stm32f4xx.o
      3344         64          0         52        160      16459   tasks.o
         0          0       5320         16          0        717   tm_stm32f4_fonts.o
       848         54          0          8          0       3625   tm_stm32f4_gpio.o
      2174         28          0         10          0       6627   tm_stm32f4_ili9341.o
      1476         76          0          0          0       5658   tm_stm32f4_spi.o
       264         16          0          0          0       1406   usart.o
       460         30          0          4          0       2663   xpt2046.o

    ----------------------------------------------------------------------
     17008        932       5858       2308      37536     404819   Object Totals
         0          0         32          0          0          0   (incl. Generated)
         6          0          3          5          0          0   (incl. Padding)

    ----------------------------------------------------------------------

      Code (inc. data)   RO Data    RW Data    ZI Data      Debug   Library Member Name

        90          0          0          0          0          0   __dczerorl2.o
         8          0          0          0          0         68   __main.o
         0          0          0          0          0          0   __rtentry.o
        12          0          0          0          0          0   __rtentry2.o
         6          0          0          0          0          0   __rtentry4.o
        52          8          0          0          0          0   __scatter.o
        28          0          0          0          0          0   __scatter_zi.o
        12          0          0          0          0         72   exit.o
         6          0          0          0          0        152   heapauxi.o
         0          0          0          0          0          0   indicate_semi.o
         2          0          0          0          0          0   libinit.o
         6          0          0          0          0          0   libinit2.o
         2          0          0          0          0          0   libshutdown.o
         2          0          0          0          0          0   libshutdown2.o
         8          4          0          0         96         68   libspace.o
         2          0          0          0          0          0   rtexit.o
        10          0          0          0          0          0   rtexit2.o
        12          4          0          0          0         68   sys_exit.o
        74          0          0          0          0         80   sys_stackheap_outer.o
         2          0          0          0          0         68   use_no_semi.o
       688        140          0          0          0        256   ddiv.o
        90          4          0          0          0        140   dfixu.o
        46          0          0          0          0        116   dflt_clz.o
       156          4          0          0          0        140   dnaninf.o
        12          0          0          0          0        116   dretinf.o
        10          0          0          0          0        116   fpinit.o
         0          0          0          0          0          0   usenofp.o

    ----------------------------------------------------------------------
      1342        164          0          0        100       1460   Library Totals
         6          0          0          0          4          0   (incl. Padding)

    ----------------------------------------------------------------------

      Code (inc. data)   RO Data    RW Data    ZI Data      Debug   Library Name

       334         16          0          0         96        576   c_w.l
      1002        148          0          0          0        884   fz_wm.l

    ----------------------------------------------------------------------
      1342        164          0          0        100       1460   Library Totals

    ----------------------------------------------------------------------

==============================================================================


      Code (inc. data)   RO Data    RW Data    ZI Data      Debug   

     18350       1096       5858       2308      37636     399223   Grand Totals
     18350       1096       5858        284      37636     399223   ELF Image Totals (compressed)
     18350       1096       5858        284          0          0   ROM Totals

==============================================================================

    Total RO  Size (Code + RO Data)                24208 (  23.64kB)
    Total RW  Size (RW Data + ZI Data)             39944 (  39.01kB)
    Total ROM Size (Code + RO Data + RW Data)      24492 (  23.92kB)

==============================================================================

