Component: ARM Compiler 5.05 update 1 (build 106) Tool: armlink [4d0efa]

==============================================================================

Section Cross References

    startup_stm32f40xx.o(STACK) refers (Special) to heapauxi.o(.text) for __use_two_region_memory
    startup_stm32f40xx.o(HEAP) refers (Special) to heapauxi.o(.text) for __use_two_region_memory
    startup_stm32f40xx.o(RESET) refers (Special) to heapauxi.o(.text) for __use_two_region_memory
    startup_stm32f40xx.o(RESET) refers to startup_stm32f40xx.o(STACK) for __initial_sp
    startup_stm32f40xx.o(RESET) refers to startup_stm32f40xx.o(.text) for Reset_Handler
    startup_stm32f40xx.o(RESET) refers to stm32f4xx_it.o(.text) for NMI_Handler
    startup_stm32f40xx.o(RESET) refers to port.o(.emb_text) for SVC_Handler
    startup_stm32f40xx.o(RESET) refers to port.o(.text) for SysTick_Handler
    startup_stm32f40xx.o(RESET) refers to usart.o(.text) for USART1_IRQHandler
    startup_stm32f40xx.o(.text) refers (Special) to heapauxi.o(.text) for __use_two_region_memory
    startup_stm32f40xx.o(.text) refers to system_stm32f4xx.o(.text) for SystemInit
    startup_stm32f40xx.o(.text) refers to __main.o(!!!main) for __main
    startup_stm32f40xx.o(.text) refers to startup_stm32f40xx.o(HEAP) for Heap_Mem
    startup_stm32f40xx.o(.text) refers to startup_stm32f40xx.o(STACK) for Stack_Mem
    system_stm32f4xx.o(.text) refers to system_stm32f4xx.o(.data) for .data
    main.o(.text) refers to tasks.o(.text) for vTaskDelay
    main.o(.text) refers to usart.o(.text) for USART_puts
    main.o(.text) refers to menu_touch.o(.text) for menu_touch_init
    main.o(.text) refers to menu_system.o(.text) for cycle_menu
    main.o(.text) refers to tm_stm32f4_ili9341.o(.text) for TM_ILI9341_Init
    main.o(.text) refers to main.o(.data) for .data
    main.o(.text) refers to tm_stm32f4_fonts.o(.data) for TM_Font_11x18
    main.o(.data) refers to menu_functions.o(.text) for verzija
    main.o(.data) refers to menu_functions.o(.text) for LED
    main.o(.data) refers to main.o(.data) for Version_Info
    main.o(.data) refers to main.o(.data) for Author_Info
    main.o(.data) refers to menu_functions.o(.text) for terminal
    main.o(.data) refers to menu_functions.o(.text) for apocalypse
    main.o(.data) refers to menu_functions.o(.text) for touch
    main.o(.data) refers to main.o(.data) for LED_Main_Menu
    main.o(.data) refers to main.o(.data) for Voltmeter_Main_Menu
    main.o(.data) refers to main.o(.data) for Clock_Main_Menu
    main.o(.data) refers to main.o(.data) for Terminal_Main_Menu
    main.o(.data) refers to main.o(.data) for Calculator_Main_Menu
    main.o(.data) refers to main.o(.data) for Notepad_Main_Menu
    main.o(.data) refers to main.o(.data) for WorldDomination_Main_Menu
    main.o(.data) refers to main.o(.data) for Apocalypse_Main_Menu
    main.o(.data) refers to main.o(.data) for Info_Main_Menu
    main.o(.data) refers to main.o(.data) for Touch_Main_Menu
    usart.o(.text) refers to stm32f4xx_rcc.o(.text) for RCC_APB2PeriphClockCmd
    usart.o(.text) refers to stm32f4xx_gpio.o(.text) for GPIO_Init
    usart.o(.text) refers to stm32f4xx_usart.o(.text) for USART_Init
    usart.o(.text) refers to misc.o(.text) for NVIC_Init
    usart.o(.text) refers to menu_event.o(.data) for menu_event_key
    xpt2046.o(.text) refers to tm_stm32f4_gpio.o(.text) for TM_GPIO_Init
    xpt2046.o(.text) refers to stm32f4xx_gpio.o(.text) for GPIO_SetBits
    xpt2046.o(.text) refers to tm_stm32f4_spi.o(.text) for TM_SPI_Init
    xpt2046.o(.text) refers to dflt_clz.o(x$fpl$dflt) for __aeabi_i2d
    xpt2046.o(.text) refers to ddiv.o(x$fpl$ddiv) for __aeabi_ddiv
    xpt2046.o(.text) refers to dfixu.o(x$fpl$dfixu) for __aeabi_d2uiz
    xpt2046.o(.text) refers to xpt2046.o(.data) for .data
    tm_stm32f4_ili9341.o(.text) refers to stm32f4xx_gpio.o(.text) for GPIO_SetBits
    tm_stm32f4_ili9341.o(.text) refers to tm_stm32f4_spi.o(.text) for TM_SPI_Send
    tm_stm32f4_ili9341.o(.text) refers to tm_stm32f4_gpio.o(.text) for TM_GPIO_Init
    tm_stm32f4_ili9341.o(.text) refers to tm_stm32f4_ili9341.o(.data) for .data
    tm_stm32f4_spi.o(.text) refers to tm_stm32f4_gpio.o(.text) for TM_GPIO_InitAlternate
    tm_stm32f4_spi.o(.text) refers to stm32f4xx_spi.o(.text) for SPI_StructInit
    tm_stm32f4_spi.o(.text) refers to stm32f4xx_rcc.o(.text) for RCC_GetClocksFreq
    tm_stm32f4_gpio.o(.text) refers to stm32f4xx_gpio.o(.text) for GPIO_Init
    tm_stm32f4_gpio.o(.text) refers to tm_stm32f4_gpio.o(.data) for .data
    tm_stm32f4_fonts.o(.data) refers to tm_stm32f4_fonts.o(.constdata) for TM_Font7x10
    tm_stm32f4_fonts.o(.data) refers to tm_stm32f4_fonts.o(.constdata) for TM_Font11x18
    tm_stm32f4_fonts.o(.data) refers to tm_stm32f4_fonts.o(.constdata) for TM_Font16x26
    tm_stm32f4_delay.o(.text) refers to stm32f4xx_rcc.o(.text) for RCC_HSEConfig
    tm_stm32f4_delay.o(.text) refers to tm_stm32f4_delay.o(.data) for .data
[...]
    ..\\Menu\\menu_touch.c                   0x00000000   Number         0  menu_touch.o ABSOLUTE
    ..\\STM32F4_Discovery\\stm32f4_discovery.c 0x00000000   Number         0  stm32f4_discovery.o ABSOLUTE
    ..\\TM\\tm_stm32f4_delay.c               0x00000000   Number         0  tm_stm32f4_delay.o ABSOLUTE
    ..\\TM\\tm_stm32f4_fonts.c               0x00000000   Number         0  tm_stm32f4_fonts.o ABSOLUTE
    ..\\TM\\tm_stm32f4_gpio.c                0x00000000   Number         0  tm_stm32f4_gpio.o ABSOLUTE
    ..\\TM\\tm_stm32f4_ili9341.c             0x00000000   Number         0  tm_stm32f4_ili9341.o ABSOLUTE
    ..\\TM\\tm_stm32f4_spi.c                 0x00000000   Number         0  tm_stm32f4_spi.o ABSOLUTE
    ..\\TM\\tm_stm32f4_timer_properties.c    0x00000000   Number         0  tm_stm32f4_timer_properties.o ABSOLUTE
    User\USART.c                             0x00000000   Number         0  usart.o ABSOLUTE
    User\XPT2046.c                           0x00000000   Number         0  xpt2046.o ABSOLUTE
    User\\USART.c                            0x00000000   Number         0  usart.o ABSOLUTE
    User\\XPT2046.c                          0x00000000   Number         0  xpt2046.o ABSOLUTE
    User\\main.c                             0x00000000   Number         0  main.o ABSOLUTE
    User\\stm32f4xx_it.c                     0x00000000   Number         0  stm32f4xx_it.o ABSOLUTE
    User\\system_stm32f4xx.c                 0x00000000   Number         0  system_stm32f4xx.o ABSOLUTE
    User\main.c                              0x00000000   Number         0  main.o ABSOLUTE
    User\stm32f4xx_it.c                      0x00000000   Number         0  stm32f4xx_it.o ABSOLUTE
    User\system_stm32f4xx.c                  0x00000000   Number         0  system_stm32f4xx.o ABSOLUTE
    dc.s                                     0x00000000   Number         0  dc.o ABSOLUTE
    startup_stm32f40xx.s                     0x00000000   Number         0  startup_stm32f40xx.o ABSOLUTE
    RESET                                    0x08000000   Section      392  startup_stm32f40xx.o(RESET)
    !!!main                                  0x08000188   Section        8  __main.o(!!!main)
    !!!scatter                               0x08000190   Section       52  __scatter.o(!!!scatter)
    !!dczerorl2                              0x080001c4   Section       90  __dczerorl2.o(!!dczerorl2)
    !!handler_zi                             0x08000220   Section       28  __scatter_zi.o(!!handler_zi)
    .ARM.Collect$$libinit$$00000000          0x0800023c   Section        2  libinit.o(.ARM.Collect$$libinit$$00000000)
    .ARM.Collect$$libinit$$00000001          0x0800023e   Section        4  libinit2.o(.ARM.Collect$$libinit$$00000001)
    .ARM.Collect$$libinit$$00000004          0x08000242   Section        0  libinit2.o(.ARM.Collect$$libinit$$00000004)
    .ARM.Collect$$libinit$$0000000A          0x08000242   Section        0  libinit2.o(.ARM.Collect$$libinit$$0000000A)
    .ARM.Collect$$libinit$$0000000C          0x08000242   Section        0  libinit2.o(.ARM.Collect$$libinit$$0000000C)
    .ARM.Collect$$libinit$$0000000E          0x08000242   Section        0  libinit2.o(.ARM.Collect$$libinit$$0000000E)
    .ARM.Collect$$libinit$$00000011          0x08000242   Section        0  libinit2.o(.ARM.Collect$$libinit$$00000011)
    .ARM.Collect$$libinit$$00000013          0x08000242   Section        0  libinit2.o(.ARM.Collect$$libinit$$00000013)
    .ARM.Collect$$libinit$$00000015          0x08000242   Section        0  libinit2.o(.ARM.Collect$$libinit$$00000015)
    .ARM.Collect$$libinit$$00000017          0x08000242   Section        0  libinit2.o(.ARM.Collect$$libinit$$00000017)
    .ARM.Collect$$libinit$$00000019          0x08000242   Section        0  libinit2.o(.ARM.Collect$$libinit$$00000019)
    .ARM.Collect$$libinit$$0000001B          0x08000242   Section        0  libinit2.o(.ARM.Collect$$libinit$$0000001B)
    .ARM.Collect$$libinit$$0000001D          0x08000242   Section        0  libinit2.o(.ARM.Collect$$libinit$$0000001D)
    .ARM.Collect$$libinit$$0000001F          0x08000242   Section        0  libinit2.o(.ARM.Collect$$libinit$$0000001F)
    .ARM.Collect$$libinit$$00000021          0x08000242   Section        0  libinit2.o(.ARM.Collect$$libinit$$00000021)
    .ARM.Collect$$libinit$$00000023          0x08000242   Section        0  libinit2.o(.ARM.Collect$$libinit$$00000023)
    .ARM.Collect$$libinit$$00000025          0x08000242   Section        0  libinit2.o(.ARM.Collect$$libinit$$00000025)
    .ARM.Collect$$libinit$$0000002C          0x08000242   Section        0  libinit2.o(.ARM.Collect$$libinit$$0000002C)
    .ARM.Collect$$libinit$$0000002E          0x08000242   Section        0  libinit2.o(.ARM.Collect$$libinit$$0000002E)
    .ARM.Collect$$libinit$$00000030          0x08000242   Section        0  libinit2.o(.ARM.Collect$$libinit$$00000030)
    .ARM.Collect$$libinit$$00000032          0x08000242   Section        0  libinit2.o(.ARM.Collect$$libinit$$00000032)
    .ARM.Collect$$libinit$$00000033          0x08000242   Section        2  libinit2.o(.ARM.Collect$$libinit$$00000033)
    .ARM.Collect$$libshutdown$$00000000      0x08000244   Section        2  libshutdown.o(.ARM.Collect$$libshutdown$$00000000)
    .ARM.Collect$$libshutdown$$00000003      0x08000246   Section        0  libshutdown2.o(.ARM.Collect$$libshutdown$$00000003)
    .ARM.Collect$$libshutdown$$00000006      0x08000246   Section        0  libshutdown2.o(.ARM.Collect$$libshutdown$$00000006)
    .ARM.Collect$$libshutdown$$00000009      0x08000246   Section        0  libshutdown2.o(.ARM.Collect$$libshutdown$$00000009)
    .ARM.Collect$$libshutdown$$0000000B      0x08000246   Section        0  libshutdown2.o(.ARM.Collect$$libshutdown$$0000000B)
    .ARM.Collect$$libshutdown$$0000000E      0x08000246   Section        0  libshutdown2.o(.ARM.Collect$$libshutdown$$0000000E)
    .ARM.Collect$$libshutdown$$0000000F      0x08000246   Section        2  libshutdown2.o(.ARM.Collect$$libshutdown$$0000000F)
    .ARM.Collect$$rtentry$$00000000          0x08000248   Section        0  __rtentry.o(.ARM.Collect$$rtentry$$00000000)
    .ARM.Collect$$rtentry$$00000002          0x08000248   Section        0  __rtentry2.o(.ARM.Collect$$rtentry$$00000002)
    .ARM.Collect$$rtentry$$00000004          0x08000248   Section        6  __rtentry4.o(.ARM.Collect$$rtentry$$00000004)
    .ARM.Collect$$rtentry$$00000009          0x0800024e   Section        0  __rtentry2.o(.ARM.Collect$$rtentry$$00000009)
    .ARM.Collect$$rtentry$$0000000A          0x0800024e   Section        4  __rtentry2.o(.ARM.Collect$$rtentry$$0000000A)
    .ARM.Collect$$rtentry$$0000000C          0x08000252   Section        0  __rtentry2.o(.ARM.Collect$$rtentry$$0000000C)
    .ARM.Collect$$rtentry$$0000000D          0x08000252   Section        8  __rtentry2.o(.ARM.Collect$$rtentry$$0000000D)
    .ARM.Collect$$rtexit$$00000000           0x0800025a   Section        2  rtexit.o(.ARM.Collect$$rtexit$$00000000)
    .ARM.Collect$$rtexit$$00000002           0x0800025c   Section        0  rtexit2.o(.ARM.Collect$$rtexit$$00000002)
    .ARM.Collect$$rtexit$$00000003           0x0800025c   Section        4  rtexit2.o(.ARM.Collect$$rtexit$$00000003)
    .ARM.Collect$$rtexit$$00000004           0x08000260   Section        6  rtexit2.o(.ARM.Collect$$rtexit$$00000004)
    .emb_text                                0x08000268   Section      182  port.o(.emb_text)
    $v0                                      0x08000268   Number         0  port.o(.emb_text)
    .text                                    0x08000320   Section       64  startup_stm32f40xx.o(.text)
    $v0                                      0x08000320   Number         0  startup_stm32f40xx.o(.text)
    .text                                    0x08000360   Section        0  system_stm32f4xx.o(.text)
    SetSysClock                              0x08000361   Thumb Code   162  system_stm32f4xx.o(.text)
    .text                                    0x080004dc   Section        0  main.o(.text)
    .text                                    0x08000594   Section        0  stm32f4xx_it.o(.text)
    .text                                    0x080005a4   Section        0  usart.o(.text)
    .text                                    0x080006ac   Section        0  xpt2046.o(.text)
    .text                                    0x0800092c   Section        0  tm_stm32f4_ili9341.o(.text)
    .text                                    0x080011ac   Section        0  tm_stm32f4_spi.o(.text)
    TM_SPIx_Init                             0x08001323   Thumb Code   288  tm_stm32f4_spi.o(.text)
    .text                                    0x08001770   Section        0  tm_stm32f4_gpio.o(.text)
    TM_GPIO_INT_EnableClock                  0x08001771   Thumb Code   190  tm_stm32f4_gpio.o(.text)
    .text                                    0x08001ac0   Section        0  tasks.o(.text)
    prvAddCurrentTaskToDelayedList           0x08001dcd   Thumb Code    48  tasks.o(.text)
    prvTaskIsTaskSuspended                   0x08001f5b   Thumb Code    64  tasks.o(.text)
    prvGetExpectedIdleTime                   0x08002091   Thumb Code    28  tasks.o(.text)
    prvIdleTask                              0x080020ad   Thumb Code    80  tasks.o(.text)
    prvResetNextTaskUnblockTime              0x080027a9   Thumb Code    26  tasks.o(.text)
    .text                                    0x080027d0   Section        0  list.o(.text)
    .text                                    0x08002858   Section        0  heap_2.o(.text)
    .text                                    0x0800294c   Section        0  port.o(.text)
    prvTaskExitError                         0x0800294d   Thumb Code    36  port.o(.text)
    .text                                    0x08002c68   Section        0  misc.o(.text)
    .text                                    0x08002d18   Section        0  stm32f4xx_rcc.o(.text)
    .text                                    0x08003198   Section        0  stm32f4xx_gpio.o(.text)
    .text                                    0x080033d0   Section        0  stm32f4xx_spi.o(.text)
    .text                                    0x080036fc   Section        0  stm32f4xx_usart.o(.text)
    .text                                    0x08003a5c   Section        0  stm32f4xx_exti.o(.text)
    .text                                    0x08003b3c   Section        0  stm32f4xx_syscfg.o(.text)
    .text                                    0x08003bb8   Section        0  menu_system.o(.text)
    .text                                    0x08003ef8   Section        0  menu_functions.o(.text)
    .text                                    0x08004480   Section        0  menu_event.o(.text)
    .text                                    0x080044bc   Section        0  menu_button.o(.text)
    .text                                    0x08004670   Section        0  menu_touch.o(.text)
    .text                                    0x08004720   Section        0  menu_display.o(.text)
    .text                                    0x08004774   Section        0  stm32f4_discovery.o(.text)
    .text                                    0x0800489c   Section        0  heapauxi.o(.text)
    .text                                    0x080048a2   Section       74  sys_stackheap_outer.o(.text)
    .text                                    0x080048ec   Section        0  exit.o(.text)
    .text                                    0x080048f8   Section        8  libspace.o(.text)
    .text                                    0x08004900   Section        0  sys_exit.o(.text)
    .text                                    0x0800490c   Section        2  use_no_semi.o(.text)
    .text                                    0x0800490e   Section        0  indicate_semi.o(.text)
    i.__hardfp_fabs                          0x0800490e   Section        0  fabs.o(i.__hardfp_fabs)
    x$fpl$dcmpinf                            0x08004922   Section       24  dcmpi.o(x$fpl$dcmpinf)
    $v0                                      0x08004922   Number         0  dcmpi.o(x$fpl$dcmpinf)
    x$fpl$ddiv                               0x0800493c   Section      688  ddiv.o(x$fpl$ddiv)
    $v0                                      0x0800493c   Number         0  ddiv.o(x$fpl$ddiv)
    ddiv_entry                               0x08004943   Thumb Code     0  ddiv.o(x$fpl$ddiv)
    x$fpl$dfixu                              0x08004bec   Section       90  dfixu.o(x$fpl$dfixu)
    $v0                                      0x08004bec   Number         0  dfixu.o(x$fpl$dfixu)
    x$fpl$dflt                               0x08004c46   Section       46  dflt_clz.o(x$fpl$dflt)
    $v0                                      0x08004c46   Number         0  dflt_clz.o(x$fpl$dflt)
    x$fpl$dleqf                              0x08004c74   Section      120  dleqf.o(x$fpl$dleqf)
    $v0                                      0x08004c74   Number         0  dleqf.o(x$fpl$dleqf)
    x$fpl$dnaninf                            0x08004cec   Section      156  dnaninf.o(x$fpl$dnaninf)
    $v0                                      0x08004cec   Number         0  dnaninf.o(x$fpl$dnaninf)
    x$fpl$dretinf                            0x08004d88   Section       12  dretinf.o(x$fpl$dretinf)
    $v0                                      0x08004d88   Number         0  dretinf.o(x$fpl$dretinf)
    x$fpl$drleqf                             0x08004d94   Section      108  drleqf.o(x$fpl$drleqf)
    $v0                                      0x08004d94   Number         0  drleqf.o(x$fpl$drleqf)
    x$fpl$fpinit                             0x08004e00   Section       10  fpinit.o(x$fpl$fpinit)
    $v0                                      0x08004e00   Number         0  fpinit.o(x$fpl$fpinit)
    .constdata                               0x08004e0a   Section     1900  tm_stm32f4_fonts.o(.constdata)
    x$fpl$usenofp                            0x08004e0a   Section        0  usenofp.o(x$fpl$usenofp)
    .constdata                               0x08005576   Section     3420  tm_stm32f4_fonts.o(.constdata)
    .constdata                               0x080062d4   Section       36  stm32f4_discovery.o(.constdata)
    .conststring                             0x080062f8   Section       75  menu_functions.o(.conststring)
    .data                                    0x20000000   Section       20  system_stm32f4xx.o(.data)
    .data                                    0x20000014   Section      152  main.o(.data)
    .data                                    0x200000ac   Section      152  main.o(.data)
    .data                                    0x20000144   Section      152  main.o(.data)
    .data                                    0x200001dc   Section      152  main.o(.data)
    .data                                    0x20000274   Section      152  main.o(.data)
    .data                                    0x2000030c   Section      152  main.o(.data)
    .data                                    0x200003a4   Section      152  main.o(.data)
    .data                                    0x2000043c   Section      152  main.o(.data)
    .data                                    0x200004d4   Section      152  main.o(.data)
    .data                                    0x2000056c   Section      152  main.o(.data)
    .data                                    0x20000604   Section      152  main.o(.data)
    .data                                    0x2000069c   Section      152  main.o(.data)
    .data                                    0x20000734   Section      152  main.o(.data)
    .data                                    0x200007cc   Section       10  xpt2046.o(.data)
    .data                                    0x200007d6   Section       10  tm_stm32f4_ili9341.o(.data)
    .data                                    0x200007e0   Section        8  tm_stm32f4_gpio.o(.data)
    GPIO_InitStruct                          0x200007e0   Data           8  tm_stm32f4_gpio.o(.data)
    .data                                    0x200007e8   Section        8  tm_stm32f4_fonts.o(.data)
    .data                                    0x200007f0   Section        8  tm_stm32f4_fonts.o(.data)
    .data                                    0x200007f8   Section       52  tasks.o(.data)
    uxCurrentNumberOfTasks                   0x200007fc   Data           4  tasks.o(.data)
    xTickCount                               0x20000800   Data           4  tasks.o(.data)
    uxTopReadyPriority                       0x20000804   Data           4  tasks.o(.data)
    xSchedulerRunning                        0x20000808   Data           4  tasks.o(.data)
    uxPendedTicks                            0x2000080c   Data           4  tasks.o(.data)
    xYieldPending                            0x20000810   Data           4  tasks.o(.data)
    xNumOfOverflows                          0x20000814   Data           4  tasks.o(.data)
    uxTaskNumber                             0x20000818   Data           4  tasks.o(.data)
    xNextTaskUnblockTime                     0x2000081c   Data           4  tasks.o(.data)
    uxSchedulerSuspended                     0x20000820   Data           4  tasks.o(.data)
    pxDelayedTaskList                        0x20000824   Data           4  tasks.o(.data)
    pxOverflowDelayedTaskList                0x20000828   Data           4  tasks.o(.data)
    .data                                    0x2000082c   Section       24  heap_2.o(.data)
    xFreeBytesRemaining                      0x2000082c   Data           4  heap_2.o(.data)
    xHeapHasBeenInitialised                  0x20000830   Data           4  heap_2.o(.data)
    xStart                                   0x20000834   Data           8  heap_2.o(.data)
    xEnd                                     0x2000083c   Data           8  heap_2.o(.data)
    .data                                    0x20000844   Section       24  port.o(.data)
    ucMaxSysCallPriority                     0x20000844   Data           1  port.o(.data)
    uxCriticalNesting                        0x20000848   Data           4  port.o(.data)
    ulTimerCountsForOneTick                  0x2000084c   Data           4  port.o(.data)
    xMaximumPossibleSuppressedTicks          0x20000850   Data           4  port.o(.data)
    ulStoppedTimerCompensation               0x20000854   Data           4  port.o(.data)
    ulMaxPRIGROUPValue                       0x20000858   Data           4  port.o(.data)
    .data                                    0x2000085c   Section       16  stm32f4xx_rcc.o(.data)
    APBAHBPrescTable                         0x2000085c   Data          16  stm32f4xx_rcc.o(.data)
    .data                                    0x2000086c   Section       21  menu_system.o(.data)
    .data                                    0x20000881   Section        1  menu_functions.o(.data)
    .data                                    0x20000882   Section        2  menu_event.o(.data)
    .data                                    0x20000884   Section       20  stm32f4_discovery.o(.data)
    .bss                                     0x20000898   Section      160  tasks.o(.bss)
    pxReadyTasksLists                        0x20000898   Data          80  tasks.o(.bss)
    xDelayedTaskList1                        0x200008e8   Data          20  tasks.o(.bss)
    xDelayedTaskList2                        0x200008fc   Data          20  tasks.o(.bss)
    xPendingReadyList                        0x20000910   Data          20  tasks.o(.bss)
    xSuspendedTaskList                       0x20000924   Data          20  tasks.o(.bss)
    .bss                                     0x20000938   Section    35840  heap_2.o(.bss)
    ucHeap                                   0x20000938   Data       35840  heap_2.o(.bss)
    .bss                                     0x20009538   Section       96  libspace.o(.bss)
    HEAP                                     0x20009598   Section      512  startup_stm32f40xx.o(HEAP)
    Heap_Mem                                 0x20009598   Data         512  startup_stm32f40xx.o(HEAP)
    STACK                                    0x20009798   Section     1024  startup_stm32f40xx.o(STACK)
    Stack_Mem                                0x20009798   Data        1024  startup_stm32f40xx.o(STACK)
    __initial_sp                             0x20009b98   Data           0  startup_stm32f40xx.o(STACK)

    Global Symbols

    Symbol Name                              Value     Ov Type        Size  Object(Section)

    BuildAttributes$$THM_ISAv4$E$P$D$K$B$S$7EM$VFPi3$EXTD16$VFPS$VFMA$PE$A:L22UL41UL21$X:L11$S22US41US21$IEEE1$IW$USESV6$~STKCKD$USESV7$~SHL$OTIME$ROPI$IEEEJ$EBA8$UX$STANDARDLIB$REQ8$PRES8$EABIv2 0x00000000   Number         0  anon$$obj.o ABSOLUTE
    __ARM_use_no_argv                        0x00000000   Number         0  main.o ABSOLUTE
    TM_DELAY_1msHandler                       - Undefined Weak Reference
    TM_SPI_InitCustomPinsCallback             - Undefined Weak Reference
    __ARM_exceptions_init                     - Undefined Weak Reference
    __alloca_initialize                       - Undefined Weak Reference
    __arm_preinit_                            - Undefined Weak Reference
    __cpp_initialize__aeabi_                  - Undefined Weak Reference
    __cxa_finalize                            - Undefined Weak Reference
    __rt_locale                               - Undefined Weak Reference
    __sigvec_lookup                           - Undefined Weak Reference
    _atexit_init                              - Undefined Weak Reference
    _call_atexit_fns                          - Undefined Weak Reference
    _clock_init                               - Undefined Weak Reference
    _fp_trap_init                             - Undefined Weak Reference
    _fp_trap_shutdown                         - Undefined Weak Reference
    _get_lc_collate                           - Undefined Weak Reference
    _get_lc_ctype                             - Undefined Weak Reference
    _get_lc_monetary                          - Undefined Weak Reference
    _get_lc_numeric                           - Undefined Weak Reference
    _get_lc_time                              - Undefined Weak Reference
    _getenv_init                              - Undefined Weak Reference
    _handle_redirection                       - Undefined Weak Reference
    _init_alloc                               - Undefined Weak Reference
    _init_user_alloc                          - Undefined Weak Reference
    _initio                                   - Undefined Weak Reference
    _rand_init                                - Undefined Weak Reference
    _signal_finish                            - Undefined Weak Reference
    _signal_init                              - Undefined Weak Reference
    _terminate_alloc                          - Undefined Weak Reference
    _terminate_user_alloc                     - Undefined Weak Reference
    _terminateio                              - Undefined Weak Reference
    __Vectors_Size                           0x00000188   Number         0  startup_stm32f40xx.o ABSOLUTE
    __Vectors                                0x08000000   Data           4  startup_stm32f40xx.o(RESET)
    __Vectors_End                            0x08000188   Data           0  startup_stm32f40xx.o(RESET)
    __main                                   0x08000189   Thumb Code     8  __main.o(!!!main)
    __scatterload                            0x08000191   Thumb Code     0  __scatter.o(!!!scatter)
    __scatterload_rt2                        0x08000191   Thumb Code    44  __scatter.o(!!!scatter)
    __scatterload_rt2_thumb_only             0x08000191   Thumb Code     0  __scatter.o(!!!scatter)
    __scatterload_null                       0x0800019f   Thumb Code     0  __scatter.o(!!!scatter)
    __decompress                             0x080001c5   Thumb Code    90  __dczerorl2.o(!!dczerorl2)
    __decompress1                            0x080001c5   Thumb Code     0  __dczerorl2.o(!!dczerorl2)
    __scatterload_zeroinit                   0x08000221   Thumb Code    28  __scatter_zi.o(!!handler_zi)
    __rt_lib_init                            0x0800023d   Thumb Code     0  libinit.o(.ARM.Collect$$libinit$$00000000)
    __rt_lib_init_fp_1                       0x0800023f   Thumb Code     0  libinit2.o(.ARM.Collect$$libinit$$00000001)
    __rt_lib_init_alloca_1                   0x08000243   Thumb Code     0  libinit2.o(.ARM.Collect$$libinit$$0000002E)
    __rt_lib_init_argv_1                     0x08000243   Thumb Code     0  libinit2.o(.ARM.Collect$$libinit$$0000002C)
    __rt_lib_init_atexit_1                   0x08000243   Thumb Code     0  libinit2.o(.ARM.Collect$$libinit$$0000001B)
    __rt_lib_init_clock_1                    0x08000243   Thumb Code     0  libinit2.o(.ARM.Collect$$libinit$$00000021)
    __rt_lib_init_cpp_1                      0x08000243   Thumb Code     0  libinit2.o(.ARM.Collect$$libinit$$00000032)
    __rt_lib_init_exceptions_1               0x08000243   Thumb Code     0  libinit2.o(.ARM.Collect$$libinit$$00000030)
    __rt_lib_init_fp_trap_1                  0x08000243   Thumb Code     0  libinit2.o(.ARM.Collect$$libinit$$0000001F)
    __rt_lib_init_getenv_1                   0x08000243   Thumb Code     0  libinit2.o(.ARM.Collect$$libinit$$00000023)
    __rt_lib_init_heap_1                     0x08000243   Thumb Code     0  libinit2.o(.ARM.Collect$$libinit$$0000000A)
    __rt_lib_init_lc_collate_1               0x08000243   Thumb Code     0  libinit2.o(.ARM.Collect$$libinit$$00000011)
    __rt_lib_init_lc_ctype_1                 0x08000243   Thumb Code     0  libinit2.o(.ARM.Collect$$libinit$$00000013)
    __rt_lib_init_lc_monetary_1              0x08000243   Thumb Code     0  libinit2.o(.ARM.Collect$$libinit$$00000015)
    __rt_lib_init_lc_numeric_1               0x08000243   Thumb Code     0  libinit2.o(.ARM.Collect$$libinit$$00000017)
    __rt_lib_init_lc_time_1                  0x08000243   Thumb Code     0  libinit2.o(.ARM.Collect$$libinit$$00000019)
    __rt_lib_init_preinit_1                  0x08000243   Thumb Code     0  libinit2.o(.ARM.Collect$$libinit$$00000004)
    __rt_lib_init_rand_1                     0x08000243   Thumb Code     0  libinit2.o(.ARM.Collect$$libinit$$0000000E)
    __rt_lib_init_return                     0x08000243   Thumb Code     0  libinit2.o(.ARM.Collect$$libinit$$00000033)
    __rt_lib_init_signal_1                   0x08000243   Thumb Code     0  libinit2.o(.ARM.Collect$$libinit$$0000001D)
    __rt_lib_init_stdio_1                    0x08000243   Thumb Code     0  libinit2.o(.ARM.Collect$$libinit$$00000025)
    __rt_lib_init_user_alloc_1               0x08000243   Thumb Code     0  libinit2.o(.ARM.Collect$$libinit$$0000000C)
    __rt_lib_shutdown                        0x08000245   Thumb Code     0  libshutdown.o(.ARM.Collect$$libshutdown$$00000000)
    __rt_lib_shutdown_fp_trap_1              0x08000247   Thumb Code     0  libshutdown2.o(.ARM.Collect$$libshutdown$$00000006)
    __rt_lib_shutdown_heap_1                 0x08000247   Thumb Code     0  libshutdown2.o(.ARM.Collect$$libshutdown$$0000000E)
    __rt_lib_shutdown_return                 0x08000247   Thumb Code     0  libshutdown2.o(.ARM.Collect$$libshutdown$$0000000F)
    __rt_lib_shutdown_signal_1               0x08000247   Thumb Code     0  libshutdown2.o(.ARM.Collect$$libshutdown$$00000009)
    __rt_lib_shutdown_stdio_1                0x08000247   Thumb Code     0  libshutdown2.o(.ARM.Collect$$libshutdown$$00000003)
    __rt_lib_shutdown_user_alloc_1           0x08000247   Thumb Code     0  libshutdown2.o(.ARM.Collect$$libshutdown$$0000000B)
    __rt_entry                               0x08000249   Thumb Code     0  __rtentry.o(.ARM.Collect$$rtentry$$00000000)
    __rt_entry_presh_1                       0x08000249   Thumb Code     0  __rtentry2.o(.ARM.Collect$$rtentry$$00000002)
    __rt_entry_sh                            0x08000249   Thumb Code     0  __rtentry4.o(.ARM.Collect$$rtentry$$00000004)
    __rt_entry_li                            0x0800024f   Thumb Code     0  __rtentry2.o(.ARM.Collect$$rtentry$$0000000A)
    __rt_entry_postsh_1                      0x0800024f   Thumb Code     0  __rtentry2.o(.ARM.Collect$$rtentry$$00000009)
    __rt_entry_main                          0x08000253   Thumb Code     0  __rtentry2.o(.ARM.Collect$$rtentry$$0000000D)
    __rt_entry_postli_1                      0x08000253   Thumb Code     0  __rtentry2.o(.ARM.Collect$$rtentry$$0000000C)
    __rt_exit                                0x0800025b   Thumb Code     0  rtexit.o(.ARM.Collect$$rtexit$$00000000)
    __rt_exit_ls                             0x0800025d   Thumb Code     0  rtexit2.o(.ARM.Collect$$rtexit$$00000003)
    __rt_exit_prels_1                        0x0800025d   Thumb Code     0  rtexit2.o(.ARM.Collect$$rtexit$$00000002)
    __rt_exit_exit                           0x08000261   Thumb Code     0  rtexit2.o(.ARM.Collect$$rtexit$$00000004)
    SVC_Handler                              0x08000269   Thumb Code    28  port.o(.emb_text)
    __asm___6_port_c_39a90d8d__prvStartFirstTask 0x08000289   Thumb Code    28  port.o(.emb_text)
    __asm___6_port_c_39a90d8d__prvEnableVFP  0x080002a9   Thumb Code    16  port.o(.emb_text)
    PendSV_Handler                           0x080002bd   Thumb Code    88  port.o(.emb_text)
    vPortGetIPSR                             0x08000319   Thumb Code     6  port.o(.emb_text)
    Reset_Handler                            0x08000321   Thumb Code     8  startup_stm32f40xx.o(.text)
    ADC_IRQHandler                           0x0800033b   Thumb Code     0  startup_stm32f40xx.o(.text)
    CAN1_RX0_IRQHandler                      0x0800033b   Thumb Code     0  startup_stm32f40xx.o(.text)
    CAN1_RX1_IRQHandler                      0x0800033b   Thumb Code     0  startup_stm32f40xx.o(.text)
    CAN1_SCE_IRQHandler                      0x0800033b   Thumb Code     0  startup_stm32f40xx.o(.text)
    CAN1_TX_IRQHandler                       0x0800033b   Thumb Code     0  startup_stm32f40xx.o(.text)
    CAN2_RX0_IRQHandler                      0x0800033b   Thumb Code     0  startup_stm32f40xx.o(.text)
    CAN2_RX1_IRQHandler                      0x0800033b   Thumb Code     0  startup_stm32f40xx.o(.text)
    CAN2_SCE_IRQHandler                      0x0800033b   Thumb Code     0  startup_stm32f40xx.o(.text)
    CAN2_TX_IRQHandler                       0x0800033b   Thumb Code     0  startup_stm32f40xx.o(.text)
    CRYP_IRQHandler                          0x0800033b   Thumb Code     0  startup_stm32f40xx.o(.text)
    DCMI_IRQHandler                          0x0800033b   Thumb Code     0  startup_stm32f40xx.o(.text)
    DMA1_Stream0_IRQHandler                  0x0800033b   Thumb Code     0  startup_stm32f40xx.o(.text)
    DMA1_Stream1_IRQHandler                  0x0800033b   Thumb Code     0  startup_stm32f40xx.o(.text)
    DMA1_Stream2_IRQHandler                  0x0800033b   Thumb Code     0  startup_stm32f40xx.o(.text)
    DMA1_Stream3_IRQHandler                  0x0800033b   Thumb Code     0  startup_stm32f40xx.o(.text)
    DMA1_Stream4_IRQHandler                  0x0800033b   Thumb Code     0  startup_stm32f40xx.o(.text)
    DMA1_Stream5_IRQHandler                  0x0800033b   Thumb Code     0  startup_stm32f40xx.o(.text)
    DMA1_Stream6_IRQHandler                  0x0800033b   Thumb Code     0  startup_stm32f40xx.o(.text)
    DMA1_Stream7_IRQHandler                  0x0800033b   Thumb Code     0  startup_stm32f40xx.o(.text)
    DMA2_Stream0_IRQHandler                  0x0800033b   Thumb Code     0  startup_stm32f40xx.o(.text)
    DMA2_Stream1_IRQHandler                  0x0800033b   Thumb Code     0  startup_stm32f40xx.o(.text)
    DMA2_Stream2_IRQHandler                  0x0800033b   Thumb Code     0  startup_stm32f40xx.o(.text)
    DMA2_Stream3_IRQHandler                  0x0800033b   Thumb Code     0  startup_stm32f40xx.o(.text)
    DMA2_Stream4_IRQHandler                  0x0800033b   Thumb Code     0  startup_stm32f40xx.o(.text)
    DMA2_Stream5_IRQHandler                  0x0800033b   Thumb Code     0  startup_stm32f40xx.o(.text)
    DMA2_Stream6_IRQHandler                  0x0800033b   Thumb Code     0  startup_stm32f40xx.o(.text)
    DMA2_Stream7_IRQHandler                  0x0800033b   Thumb Code     0  startup_stm32f40xx.o(.text)
    ETH_IRQHandler                           0x0800033b   Thumb Code     0  startup_stm32f40xx.o(.text)
    ETH_WKUP_IRQHandler                      0x0800033b   Thumb Code     0  startup_stm32f40xx.o(.text)
    EXTI0_IRQHandler                         0x0800033b   Thumb Code     0  startup_stm32f40xx.o(.text)
    EXTI15_10_IRQHandler                     0x0800033b   Thumb Code     0  startup_stm32f40xx.o(.text)
    EXTI1_IRQHandler                         0x0800033b   Thumb Code     0  startup_stm32f40xx.o(.text)
    EXTI2_IRQHandler                         0x0800033b   Thumb Code     0  startup_stm32f40xx.o(.text)
    EXTI3_IRQHandler                         0x0800033b   Thumb Code     0  startup_stm32f40xx.o(.text)
    EXTI4_IRQHandler                         0x0800033b   Thumb Code     0  startup_stm32f40xx.o(.text)
    EXTI9_5_IRQHandler                       0x0800033b   Thumb Code     0  startup_stm32f40xx.o(.text)
    FLASH_IRQHandler                         0x0800033b   Thumb Code     0  startup_stm32f40xx.o(.text)
    FPU_IRQHandler                           0x0800033b   Thumb Code     0  startup_stm32f40xx.o(.text)
    FSMC_IRQHandler                          0x0800033b   Thumb Code     0  startup_stm32f40xx.o(.text)
    HASH_RNG_IRQHandler                      0x0800033b   Thumb Code     0  startup_stm32f40xx.o(.text)
    I2C1_ER_IRQHandler                       0x0800033b   Thumb Code     0  startup_stm32f40xx.o(.text)
    I2C1_EV_IRQHandler                       0x0800033b   Thumb Code     0  startup_stm32f40xx.o(.text)
    I2C2_ER_IRQHandler                       0x0800033b   Thumb Code     0  startup_stm32f40xx.o(.text)
    I2C2_EV_IRQHandler                       0x0800033b   Thumb Code     0  startup_stm32f40xx.o(.text)
    I2C3_ER_IRQHandler                       0x0800033b   Thumb Code     0  startup_stm32f40xx.o(.text)
    I2C3_EV_IRQHandler                       0x0800033b   Thumb Code     0  startup_stm32f40xx.o(.text)
    OTG_FS_IRQHandler                        0x0800033b   Thumb Code     0  startup_stm32f40xx.o(.text)
    OTG_FS_WKUP_IRQHandler                   0x0800033b   Thumb Code     0  startup_stm32f40xx.o(.text)
    OTG_HS_EP1_IN_IRQHandler                 0x0800033b   Thumb Code     0  startup_stm32f40xx.o(.text)
    OTG_HS_EP1_OUT_IRQHandler                0x0800033b   Thumb Code     0  startup_stm32f40xx.o(.text)
    OTG_HS_IRQHandler                        0x0800033b   Thumb Code     0  startup_stm32f40xx.o(.text)
    OTG_HS_WKUP_IRQHandler                   0x0800033b   Thumb Code     0  startup_stm32f40xx.o(.text)
    PVD_IRQHandler                           0x0800033b   Thumb Code     0  startup_stm32f40xx.o(.text)
    RCC_IRQHandler                           0x0800033b   Thumb Code     0  startup_stm32f40xx.o(.text)
    RTC_Alarm_IRQHandler                     0x0800033b   Thumb Code     0  startup_stm32f40xx.o(.text)
    RTC_WKUP_IRQHandler                      0x0800033b   Thumb Code     0  startup_stm32f40xx.o(.text)
    SDIO_IRQHandler                          0x0800033b   Thumb Code     0  startup_stm32f40xx.o(.text)
    SPI1_IRQHandler                          0x0800033b   Thumb Code     0  startup_stm32f40xx.o(.text)
    SPI2_IRQHandler                          0x0800033b   Thumb Code     0  startup_stm32f40xx.o(.text)
    SPI3_IRQHandler                          0x0800033b   Thumb Code     0  startup_stm32f40xx.o(.text)
    TAMP_STAMP_IRQHandler                    0x0800033b   Thumb Code     0  startup_stm32f40xx.o(.text)
    TIM1_BRK_TIM9_IRQHandler                 0x0800033b   Thumb Code     0  startup_stm32f40xx.o(.text)
    TIM1_CC_IRQHandler                       0x0800033b   Thumb Code     0  startup_stm32f40xx.o(.text)
    TIM1_TRG_COM_TIM11_IRQHandler            0x0800033b   Thumb Code     0  startup_stm32f40xx.o(.text)
    TIM1_UP_TIM10_IRQHandler                 0x0800033b   Thumb Code     0  startup_stm32f40xx.o(.text)
    TIM2_IRQHandler                          0x0800033b   Thumb Code     0  startup_stm32f40xx.o(.text)
    TIM3_IRQHandler                          0x0800033b   Thumb Code     0  startup_stm32f40xx.o(.text)
    TIM4_IRQHandler                          0x0800033b   Thumb Code     0  startup_stm32f40xx.o(.text)
    TIM5_IRQHandler                          0x0800033b   Thumb Code     0  startup_stm32f40xx.o(.text)
    TIM6_DAC_IRQHandler                      0x0800033b   Thumb Code     0  startup_stm32f40xx.o(.text)
    TIM7_IRQHandler                          0x0800033b   Thumb Code     0  startup_stm32f40xx.o(.text)
    TIM8_BRK_TIM12_IRQHandler                0x0800033b   Thumb Code     0  startup_stm32f40xx.o(.text)
    TIM8_CC_IRQHandler                       0x0800033b   Thumb Code     0  startup_stm32f40xx.o(.text)
    TIM8_TRG_COM_TIM14_IRQHandler            0x0800033b   Thumb Code     0  startup_stm32f40xx.o(.text)
    TIM8_UP_TIM13_IRQHandler                 0x0800033b   Thumb Code     0  startup_stm32f40xx.o(.text)
    UART4_IRQHandler                         0x0800033b   Thumb Code     0  startup_stm32f40xx.o(.text)
    UART5_IRQHandler                         0x0800033b   Thumb Code     0  startup_stm32f40xx.o(.text)
    USART2_IRQHandler                        0x0800033b   Thumb Code     0  startup_stm32f40xx.o(.text)
    USART3_IRQHandler                        0x0800033b   Thumb Code     0  startup_stm32f40xx.o(.text)
    USART6_IRQHandler                        0x0800033b   Thumb Code     0  startup_stm32f40xx.o(.text)
    WWDG_IRQHandler                          0x0800033b   Thumb Code     0  startup_stm32f40xx.o(.text)
    __user_initial_stackheap                 0x0800033d   Thumb Code     0  startup_stm32f40xx.o(.text)
    SystemInit                               0x08000403   Thumb Code    74  system_stm32f4xx.o(.text)
    SystemCoreClockUpdate                    0x0800044d   Thumb Code   108  system_stm32f4xx.o(.text)
    RTOS_test                                0x080004dd   Thumb Code    18  main.o(.text)
    menu_task                                0x080004ef   Thumb Code    12  main.o(.text)
    main                                     0x080004fb   Thumb Code   114  main.o(.text)
    NMI_Handler                              0x08000595   Thumb Code     2  stm32f4xx_it.o(.text)
    HardFault_Handler                        0x08000597   Thumb Code     2  stm32f4xx_it.o(.text)
    MemManage_Handler                        0x08000599   Thumb Code     2  stm32f4xx_it.o(.text)
    BusFault_Handler                         0x0800059b   Thumb Code     2  stm32f4xx_it.o(.text)
    UsageFault_Handler                       0x0800059d   Thumb Code     2  stm32f4xx_it.o(.text)
    DebugMon_Handler                         0x0800059f   Thumb Code     2  stm32f4xx_it.o(.text)
    USART1_Init                              0x080005a5   Thumb Code   174  usart.o(.text)
    USART_puts                               0x08000653   Thumb Code    30  usart.o(.text)
    USART_putc                               0x08000671   Thumb Code    10  usart.o(.text)
    USART1_IRQHandler                        0x0800067b   Thumb Code    34  usart.o(.text)
    XPT2046_Init                             0x080006ad   Thumb Code    64  xpt2046.o(.text)
    XPT2046_GetCoordinates                   0x080006ed   Thumb Code    56  xpt2046.o(.text)
    XPT2046_read_x                           0x08000725   Thumb Code    40  xpt2046.o(.text)
    XPT2046_read_y                           0x0800074d   Thumb Code    40  xpt2046.o(.text)
    XPT2046_read                             0x08000775   Thumb Code    20  xpt2046.o(.text)
    XPT2046_pressed                          0x08000789   Thumb Code    14  xpt2046.o(.text)
    XPT2046_round_read                       0x08000797   Thumb Code   108  xpt2046.o(.text)
    XPT2046_to_240_320                       0x08000803   Thumb Code    92  xpt2046.o(.text)
    get_touch_coordinates                    0x0800085f   Thumb Code   178  xpt2046.o(.text)
    TM_ILI9341_SendData                      0x0800092d   Thumb Code    42  tm_stm32f4_ili9341.o(.text)
    TM_ILI9341_SendCommand                   0x08000957   Thumb Code    42  tm_stm32f4_ili9341.o(.text)
    TM_ILI9341_SetCursorPosition             0x08000981   Thumb Code    74  tm_stm32f4_ili9341.o(.text)
    TM_ILI9341_Fill                          0x080009cb   Thumb Code    64  tm_stm32f4_ili9341.o(.text)
    TM_ILI9341_Delay                         0x08000a0b   Thumb Code    16  tm_stm32f4_ili9341.o(.text)
    TM_ILI9341_InitLCD                       0x08000a1b   Thumb Code   588  tm_stm32f4_ili9341.o(.text)
    TM_ILI9341_Init                          0x08000c67   Thumb Code   112  tm_stm32f4_ili9341.o(.text)
    TM_ILI9341_DisplayOn                     0x08000cd7   Thumb Code     4  tm_stm32f4_ili9341.o(.text)
    TM_ILI9341_DisplayOff                    0x08000cdb   Thumb Code     4  tm_stm32f4_ili9341.o(.text)
    TM_ILI9341_DrawPixel                     0x08000cdf   Thumb Code    34  tm_stm32f4_ili9341.o(.text)
    TM_ILI9341_Rotate                        0x08000d01   Thumb Code    98  tm_stm32f4_ili9341.o(.text)
    TM_ILI9341_Putc                          0x08000d63   Thumb Code   142  tm_stm32f4_ili9341.o(.text)
    TM_ILI9341_Puts                          0x08000df1   Thumb Code    86  tm_stm32f4_ili9341.o(.text)
    TM_ILI9341_GetStringSize                 0x08000e47   Thumb Code    28  tm_stm32f4_ili9341.o(.text)
    TM_ILI9341_DrawLine                      0x08000e63   Thumb Code   190  tm_stm32f4_ili9341.o(.text)
    TM_ILI9341_DrawRectangle                 0x08000f21   Thumb Code    68  tm_stm32f4_ili9341.o(.text)
    TM_ILI9341_DrawFilledRectangle           0x08000f65   Thumb Code    40  tm_stm32f4_ili9341.o(.text)
    TM_ILI9341_DrawCircle                    0x08000f8d   Thumb Code   272  tm_stm32f4_ili9341.o(.text)
    TM_ILI9341_DrawFilledCircle              0x0800109d   Thumb Code   266  tm_stm32f4_ili9341.o(.text)
    TM_ILI9341_SendCommand2                  0x080011a7   Thumb Code     4  tm_stm32f4_ili9341.o(.text)
    TM_SPI6_INT_InitPins                     0x080011ad   Thumb Code    40  tm_stm32f4_spi.o(.text)
    TM_SPI5_INT_InitPins                     0x080011d5   Thumb Code    74  tm_stm32f4_spi.o(.text)
    TM_SPI4_INT_InitPins                     0x0800121f   Thumb Code    58  tm_stm32f4_spi.o(.text)
    TM_SPI3_INT_InitPins                     0x08001259   Thumb Code    58  tm_stm32f4_spi.o(.text)
    TM_SPI2_INT_InitPins                     0x08001293   Thumb Code    88  tm_stm32f4_spi.o(.text)
    TM_SPI1_INT_InitPins                     0x080012eb   Thumb Code    56  tm_stm32f4_spi.o(.text)
    TM_SPI_Init                              0x08001443   Thumb Code   136  tm_stm32f4_spi.o(.text)
    TM_SPI_InitWithMode                      0x080014cb   Thumb Code   142  tm_stm32f4_spi.o(.text)
    TM_SPI_InitFull                          0x08001559   Thumb Code   206  tm_stm32f4_spi.o(.text)
    TM_SPI_GetPrescalerFromMaxFrequency      0x08001627   Thumb Code    78  tm_stm32f4_spi.o(.text)
    TM_SPI_Send                              0x08001675   Thumb Code    26  tm_stm32f4_spi.o(.text)
    TM_SPI_SendMulti                         0x0800168f   Thumb Code    30  tm_stm32f4_spi.o(.text)
    TM_SPI_WriteMulti                        0x080016ad   Thumb Code    28  tm_stm32f4_spi.o(.text)
    TM_SPI_ReadMulti                         0x080016c9   Thumb Code    30  tm_stm32f4_spi.o(.text)
    TM_SPI_Send16                            0x080016e7   Thumb Code    24  tm_stm32f4_spi.o(.text)
    TM_SPI_SendMulti16                       0x080016ff   Thumb Code    34  tm_stm32f4_spi.o(.text)
    TM_SPI_WriteMulti16                      0x08001721   Thumb Code    32  tm_stm32f4_spi.o(.text)
    TM_SPI_ReadMulti16                       0x08001741   Thumb Code    32  tm_stm32f4_spi.o(.text)
    TM_GPIO_Init                             0x0800182f   Thumb Code    52  tm_stm32f4_gpio.o(.text)
    TM_GPIO_InitAlternate                    0x08001863   Thumb Code    96  tm_stm32f4_gpio.o(.text)
    TM_GPIO_DeInit                           0x080018c3   Thumb Code    40  tm_stm32f4_gpio.o(.text)
    TM_GPIO_SetPinAsInput                    0x080018eb   Thumb Code    40  tm_stm32f4_gpio.o(.text)
    TM_GPIO_SetPinAsOutput                   0x08001913   Thumb Code    46  tm_stm32f4_gpio.o(.text)
    TM_GPIO_GetPortSource                    0x08001941   Thumb Code   124  tm_stm32f4_gpio.o(.text)
    TM_GPIO_GetPinSource                     0x080019bd   Thumb Code    18  tm_stm32f4_gpio.o(.text)
    TM_GPIO_INT_DisableClock                 0x080019cf   Thumb Code   188  tm_stm32f4_gpio.o(.text)
    xTaskGenericCreate                       0x08001ac1   Thumb Code   402  tasks.o(.text)
    xTaskIncrementTick                       0x08001c53   Thumb Code   194  tasks.o(.text)
    xTaskResumeAll                           0x08001d15   Thumb Code   184  tasks.o(.text)
    vTaskSuspendAll                          0x08001dfd   Thumb Code    10  tasks.o(.text)
    vTaskDelay                               0x08001e07   Thumb Code    94  tasks.o(.text)
    vTaskSwitchContext                       0x08001e65   Thumb Code    82  tasks.o(.text)
    vTaskSuspend                             0x08001eb7   Thumb Code   164  tasks.o(.text)
    vTaskResume                              0x08001f9b   Thumb Code   116  tasks.o(.text)
    xTaskResumeFromISR                       0x0800200f   Thumb Code   130  tasks.o(.text)
    vTaskStartScheduler                      0x080020fd   Thumb Code    80  tasks.o(.text)
    vTaskEndScheduler                        0x0800214d   Thumb Code    24  tasks.o(.text)
    xTaskGetTickCount                        0x08002165   Thumb Code     6  tasks.o(.text)
    xTaskGetTickCountFromISR                 0x0800216b   Thumb Code    12  tasks.o(.text)
    uxTaskGetNumberOfTasks                   0x08002177   Thumb Code     6  tasks.o(.text)
    vTaskStepTick                            0x0800217d   Thumb Code    36  tasks.o(.text)
    vTaskPlaceOnEventList                    0x080021a1   Thumb Code    90  tasks.o(.text)
    vTaskPlaceOnUnorderedEventList           0x080021fb   Thumb Code   118  tasks.o(.text)
    xTaskRemoveFromEventList                 0x08002271   Thumb Code   114  tasks.o(.text)
    xTaskRemoveFromUnorderedEventList        0x080022e3   Thumb Code   110  tasks.o(.text)
    vTaskSetTimeOutState                     0x08002351   Thumb Code    30  tasks.o(.text)
    xTaskCheckForTimeOut                     0x0800236f   Thumb Code   128  tasks.o(.text)
    vTaskMissedYield                         0x080023ef   Thumb Code     8  tasks.o(.text)
    eTaskConfirmSleepModeStatus              0x080023f7   Thumb Code    38  tasks.o(.text)
    uxTaskResetEventItemValue                0x0800241d   Thumb Code    20  tasks.o(.text)
    ulTaskNotifyTake                         0x08002431   Thumb Code   142  tasks.o(.text)
    xTaskNotifyWait                          0x080024bf   Thumb Code   170  tasks.o(.text)
    xTaskGenericNotify                       0x08002569   Thumb Code   190  tasks.o(.text)
    xTaskNotifyFromISR                       0x08002627   Thumb Code   218  tasks.o(.text)
    vTaskNotifyGiveFromISR                   0x08002701   Thumb Code   168  tasks.o(.text)
    vListInitialise                          0x080027d1   Thumb Code    22  list.o(.text)
    vListInitialiseItem                      0x080027e7   Thumb Code     6  list.o(.text)
    vListInsertEnd                           0x080027ed   Thumb Code    24  list.o(.text)
    vListInsert                              0x08002805   Thumb Code    48  list.o(.text)
    uxListRemove                             0x08002835   Thumb Code    36  list.o(.text)
    pvPortMalloc                             0x08002859   Thumb Code   172  heap_2.o(.text)
    vPortFree                                0x08002905   Thumb Code    56  heap_2.o(.text)
    xPortGetFreeHeapSize                     0x0800293d   Thumb Code     6  heap_2.o(.text)
    vPortInitialiseBlocks                    0x08002943   Thumb Code     2  heap_2.o(.text)
    pxPortInitialiseStack                    0x08002971   Thumb Code    36  port.o(.text)
    vPortSetupTimerInterrupt                 0x08002995   Thumb Code    58  port.o(.text)
    xPortStartScheduler                      0x080029cf   Thumb Code   204  port.o(.text)
    vPortEndScheduler                        0x08002a9b   Thumb Code    28  port.o(.text)
    vPortEnterCritical                       0x08002ab7   Thumb Code    56  port.o(.text)
    vPortExitCritical                        0x08002aef   Thumb Code    34  port.o(.text)
    SysTick_Handler                          0x08002b11   Thumb Code    40  port.o(.text)
    vPortSuppressTicksAndSleep               0x08002b39   Thumb Code   198  port.o(.text)
    vPortValidateInterruptPriority           0x08002bff   Thumb Code    76  port.o(.text)
    NVIC_PriorityGroupConfig                 0x08002c69   Thumb Code    10  misc.o(.text)
    NVIC_Init                                0x08002c73   Thumb Code    96  misc.o(.text)
    NVIC_SetVectorTable                      0x08002cd3   Thumb Code    14  misc.o(.text)
    NVIC_SystemLPConfig                      0x08002ce1   Thumb Code    20  misc.o(.text)
    SysTick_CLKSourceConfig                  0x08002cf5   Thumb Code    24  misc.o(.text)
    RCC_DeInit                               0x08002d19   Thumb Code    68  stm32f4xx_rcc.o(.text)
    RCC_HSEConfig                            0x08002d5d   Thumb Code    12  stm32f4xx_rcc.o(.text)
    RCC_GetFlagStatus                        0x08002d69   Thumb Code    46  stm32f4xx_rcc.o(.text)
    RCC_WaitForHSEStartUp                    0x08002d97   Thumb Code    44  stm32f4xx_rcc.o(.text)
    RCC_AdjustHSICalibrationValue            0x08002dc3   Thumb Code    16  stm32f4xx_rcc.o(.text)
    RCC_HSICmd                               0x08002dd3   Thumb Code     6  stm32f4xx_rcc.o(.text)
    RCC_LSEConfig                            0x08002dd9   Thumb Code    24  stm32f4xx_rcc.o(.text)
    RCC_LSICmd                               0x08002df1   Thumb Code     6  stm32f4xx_rcc.o(.text)
    RCC_PLLConfig                            0x08002df7   Thumb Code    32  stm32f4xx_rcc.o(.text)
    RCC_PLLCmd                               0x08002e17   Thumb Code     6  stm32f4xx_rcc.o(.text)
    RCC_PLLI2SConfig                         0x08002e1d   Thumb Code    14  stm32f4xx_rcc.o(.text)
    RCC_PLLI2SCmd                            0x08002e2b   Thumb Code     6  stm32f4xx_rcc.o(.text)
    RCC_PLLSAIConfig                         0x08002e31   Thumb Code    18  stm32f4xx_rcc.o(.text)
    RCC_PLLSAICmd                            0x08002e43   Thumb Code     6  stm32f4xx_rcc.o(.text)
    RCC_ClockSecuritySystemCmd               0x08002e49   Thumb Code     6  stm32f4xx_rcc.o(.text)
    RCC_MCO1Config                           0x08002e4f   Thumb Code    18  stm32f4xx_rcc.o(.text)
    RCC_MCO2Config                           0x08002e61   Thumb Code    18  stm32f4xx_rcc.o(.text)
    RCC_SYSCLKConfig                         0x08002e73   Thumb Code    16  stm32f4xx_rcc.o(.text)
    RCC_GetSYSCLKSource                      0x08002e83   Thumb Code    12  stm32f4xx_rcc.o(.text)
    RCC_HCLKConfig                           0x08002e8f   Thumb Code    16  stm32f4xx_rcc.o(.text)
    RCC_PCLK1Config                          0x08002e9f   Thumb Code    16  stm32f4xx_rcc.o(.text)
    RCC_PCLK2Config                          0x08002eaf   Thumb Code    18  stm32f4xx_rcc.o(.text)
    RCC_GetClocksFreq                        0x08002ec1   Thumb Code   134  stm32f4xx_rcc.o(.text)
    RCC_RTCCLKConfig                         0x08002f47   Thumb Code    42  stm32f4xx_rcc.o(.text)
    RCC_RTCCLKCmd                            0x08002f71   Thumb Code     8  stm32f4xx_rcc.o(.text)
    RCC_BackupResetCmd                       0x08002f79   Thumb Code     8  stm32f4xx_rcc.o(.text)
    RCC_I2SCLKConfig                         0x08002f81   Thumb Code     8  stm32f4xx_rcc.o(.text)
    RCC_SAIBlockACLKConfig                   0x08002f89   Thumb Code    16  stm32f4xx_rcc.o(.text)
    RCC_SAIBlockBCLKConfig                   0x08002f99   Thumb Code    16  stm32f4xx_rcc.o(.text)
    RCC_SAIPLLI2SClkDivConfig                0x08002fa9   Thumb Code    18  stm32f4xx_rcc.o(.text)
    RCC_SAIPLLSAIClkDivConfig                0x08002fbb   Thumb Code    24  stm32f4xx_rcc.o(.text)
    RCC_LTDCCLKDivConfig                     0x08002fd3   Thumb Code    16  stm32f4xx_rcc.o(.text)
    RCC_TIMCLKPresConfig                     0x08002fe3   Thumb Code     8  stm32f4xx_rcc.o(.text)
    RCC_AHB1PeriphClockCmd                   0x08002feb   Thumb Code    20  stm32f4xx_rcc.o(.text)
    RCC_AHB2PeriphClockCmd                   0x08002fff   Thumb Code    20  stm32f4xx_rcc.o(.text)
    RCC_AHB3PeriphClockCmd                   0x08003013   Thumb Code    20  stm32f4xx_rcc.o(.text)
    RCC_APB1PeriphClockCmd                   0x08003027   Thumb Code    20  stm32f4xx_rcc.o(.text)
    RCC_APB2PeriphClockCmd                   0x0800303b   Thumb Code    20  stm32f4xx_rcc.o(.text)
    RCC_AHB1PeriphResetCmd                   0x0800304f   Thumb Code    20  stm32f4xx_rcc.o(.text)
    RCC_AHB2PeriphResetCmd                   0x08003063   Thumb Code    20  stm32f4xx_rcc.o(.text)
    RCC_AHB3PeriphResetCmd                   0x08003077   Thumb Code    20  stm32f4xx_rcc.o(.text)
    RCC_APB1PeriphResetCmd                   0x0800308b   Thumb Code    20  stm32f4xx_rcc.o(.text)
    RCC_APB2PeriphResetCmd                   0x0800309f   Thumb Code    20  stm32f4xx_rcc.o(.text)
    RCC_AHB1PeriphClockLPModeCmd             0x080030b3   Thumb Code    20  stm32f4xx_rcc.o(.text)
    RCC_AHB2PeriphClockLPModeCmd             0x080030c7   Thumb Code    20  stm32f4xx_rcc.o(.text)
    RCC_AHB3PeriphClockLPModeCmd             0x080030db   Thumb Code    20  stm32f4xx_rcc.o(.text)
    RCC_APB1PeriphClockLPModeCmd             0x080030ef   Thumb Code    64  stm32f4xx_rcc.o(.text)
    RCC_APB2PeriphClockLPModeCmd             0x0800312f   Thumb Code    18  stm32f4xx_rcc.o(.text)
    RCC_LSEModeConfig                        0x08003141   Thumb Code    24  stm32f4xx_rcc.o(.text)
    RCC_ITConfig                             0x08003159   Thumb Code    20  stm32f4xx_rcc.o(.text)
    RCC_ClearFlag                            0x0800316d   Thumb Code    14  stm32f4xx_rcc.o(.text)
    RCC_GetITStatus                          0x0800317b   Thumb Code    18  stm32f4xx_rcc.o(.text)
    RCC_ClearITPendingBit                    0x0800318d   Thumb Code     8  stm32f4xx_rcc.o(.text)
    GPIO_DeInit                              0x08003199   Thumb Code   216  stm32f4xx_gpio.o(.text)
    GPIO_Init                                0x08003271   Thumb Code   162  stm32f4xx_gpio.o(.text)
    GPIO_StructInit                          0x08003313   Thumb Code    18  stm32f4xx_gpio.o(.text)
    GPIO_PinLockConfig                       0x08003325   Thumb Code    24  stm32f4xx_gpio.o(.text)
    GPIO_ReadInputDataBit                    0x0800333d   Thumb Code    14  stm32f4xx_gpio.o(.text)
    GPIO_ReadInputData                       0x0800334b   Thumb Code     6  stm32f4xx_gpio.o(.text)
    GPIO_ReadOutputDataBit                   0x08003351   Thumb Code    14  stm32f4xx_gpio.o(.text)
    GPIO_ReadOutputData                      0x0800335f   Thumb Code     6  stm32f4xx_gpio.o(.text)
    GPIO_SetBits                             0x08003365   Thumb Code     4  stm32f4xx_gpio.o(.text)
    GPIO_ResetBits                           0x08003369   Thumb Code     4  stm32f4xx_gpio.o(.text)
    GPIO_WriteBit                            0x0800336d   Thumb Code    10  stm32f4xx_gpio.o(.text)
    GPIO_Write                               0x08003377   Thumb Code     4  stm32f4xx_gpio.o(.text)
    GPIO_ToggleBits                          0x0800337b   Thumb Code     8  stm32f4xx_gpio.o(.text)
    GPIO_PinAFConfig                         0x08003383   Thumb Code    32  stm32f4xx_gpio.o(.text)
    SPI_I2S_DeInit                           0x080033d1   Thumb Code   108  stm32f4xx_spi.o(.text)
    SPI_Init                                 0x0800343d   Thumb Code    56  stm32f4xx_spi.o(.text)
    I2S_Init                                 0x08003475   Thumb Code   198  stm32f4xx_spi.o(.text)
    SPI_StructInit                           0x0800353b   Thumb Code    24  stm32f4xx_spi.o(.text)
    I2S_StructInit                           0x08003553   Thumb Code    18  stm32f4xx_spi.o(.text)
    SPI_Cmd                                  0x08003565   Thumb Code    20  stm32f4xx_spi.o(.text)
    I2S_Cmd                                  0x08003579   Thumb Code    20  stm32f4xx_spi.o(.text)
    SPI_DataSizeConfig                       0x0800358d   Thumb Code    16  stm32f4xx_spi.o(.text)
    SPI_BiDirectionalLineConfig              0x0800359d   Thumb Code    22  stm32f4xx_spi.o(.text)
    SPI_NSSInternalSoftwareConfig            0x080035b3   Thumb Code    24  stm32f4xx_spi.o(.text)
    SPI_SSOutputCmd                          0x080035cb   Thumb Code    20  stm32f4xx_spi.o(.text)
    SPI_TIModeCmd                            0x080035df   Thumb Code    20  stm32f4xx_spi.o(.text)
    I2S_FullDuplexConfig                     0x080035f3   Thumb Code    58  stm32f4xx_spi.o(.text)
    SPI_I2S_ReceiveData                      0x0800362d   Thumb Code     4  stm32f4xx_spi.o(.text)
    SPI_I2S_SendData                         0x08003631   Thumb Code     4  stm32f4xx_spi.o(.text)
    SPI_CalculateCRC                         0x08003635   Thumb Code    20  stm32f4xx_spi.o(.text)
    SPI_TransmitCRC                          0x08003649   Thumb Code    10  stm32f4xx_spi.o(.text)
    SPI_GetCRC                               0x08003653   Thumb Code    12  stm32f4xx_spi.o(.text)
    SPI_GetCRCPolynomial                     0x0800365f   Thumb Code     4  stm32f4xx_spi.o(.text)
    SPI_I2S_DMACmd                           0x08003663   Thumb Code    16  stm32f4xx_spi.o(.text)
    SPI_I2S_ITConfig                         0x08003673   Thumb Code    24  stm32f4xx_spi.o(.text)
    SPI_I2S_GetFlagStatus                    0x0800368b   Thumb Code    14  stm32f4xx_spi.o(.text)
    SPI_I2S_ClearFlag                        0x08003699   Thumb Code     6  stm32f4xx_spi.o(.text)
    SPI_I2S_GetITStatus                      0x0800369f   Thumb Code    42  stm32f4xx_spi.o(.text)
    SPI_I2S_ClearITPendingBit                0x080036c9   Thumb Code    14  stm32f4xx_spi.o(.text)
    USART_DeInit                             0x080036fd   Thumb Code   138  stm32f4xx_usart.o(.text)
    USART_Init                               0x08003787   Thumb Code   164  stm32f4xx_usart.o(.text)
    USART_StructInit                         0x0800382b   Thumb Code    22  stm32f4xx_usart.o(.text)
    USART_ClockInit                          0x08003841   Thumb Code    28  stm32f4xx_usart.o(.text)
    USART_ClockStructInit                    0x0800385d   Thumb Code    12  stm32f4xx_usart.o(.text)
    USART_Cmd                                0x08003869   Thumb Code    20  stm32f4xx_usart.o(.text)
    USART_SetPrescaler                       0x0800387d   Thumb Code    16  stm32f4xx_usart.o(.text)
    USART_OverSampling8Cmd                   0x0800388d   Thumb Code    20  stm32f4xx_usart.o(.text)
    USART_OneBitMethodCmd                    0x080038a1   Thumb Code    20  stm32f4xx_usart.o(.text)
    USART_SendData                           0x080038b5   Thumb Code     8  stm32f4xx_usart.o(.text)
    USART_ReceiveData                        0x080038bd   Thumb Code     8  stm32f4xx_usart.o(.text)
    USART_SetAddress                         0x080038c5   Thumb Code    16  stm32f4xx_usart.o(.text)
    USART_ReceiverWakeUpCmd                  0x080038d5   Thumb Code    20  stm32f4xx_usart.o(.text)
    USART_WakeUpConfig                       0x080038e9   Thumb Code    16  stm32f4xx_usart.o(.text)
    USART_LINBreakDetectLengthConfig         0x080038f9   Thumb Code    16  stm32f4xx_usart.o(.text)
    USART_LINCmd                             0x08003909   Thumb Code    20  stm32f4xx_usart.o(.text)
    USART_SendBreak                          0x0800391d   Thumb Code    10  stm32f4xx_usart.o(.text)
    USART_HalfDuplexCmd                      0x08003927   Thumb Code    20  stm32f4xx_usart.o(.text)
    USART_SetGuardTime                       0x0800393b   Thumb Code    16  stm32f4xx_usart.o(.text)
    USART_SmartCardCmd                       0x0800394b   Thumb Code    20  stm32f4xx_usart.o(.text)
    USART_SmartCardNACKCmd                   0x0800395f   Thumb Code    20  stm32f4xx_usart.o(.text)
    USART_IrDAConfig                         0x08003973   Thumb Code    16  stm32f4xx_usart.o(.text)
    USART_IrDACmd                            0x08003983   Thumb Code    20  stm32f4xx_usart.o(.text)
    USART_DMACmd                             0x08003997   Thumb Code    16  stm32f4xx_usart.o(.text)
    USART_ITConfig                           0x080039a7   Thumb Code    48  stm32f4xx_usart.o(.text)
    USART_GetFlagStatus                      0x080039d7   Thumb Code    14  stm32f4xx_usart.o(.text)
    USART_ClearFlag                          0x080039e5   Thumb Code     6  stm32f4xx_usart.o(.text)
    USART_GetITStatus                        0x080039eb   Thumb Code    62  stm32f4xx_usart.o(.text)
    USART_ClearITPendingBit                  0x08003a29   Thumb Code    12  stm32f4xx_usart.o(.text)
    TM_USART1_ReceiveHandler                 0x08003a35   Thumb Code     6  stm32f4xx_usart.o(.text)
    EXTI_DeInit                              0x08003a5d   Thumb Code    28  stm32f4xx_exti.o(.text)
    EXTI_Init                                0x08003a79   Thumb Code   108  stm32f4xx_exti.o(.text)
    EXTI_StructInit                          0x08003ae5   Thumb Code    14  stm32f4xx_exti.o(.text)
    EXTI_GenerateSWInterrupt                 0x08003af3   Thumb Code    12  stm32f4xx_exti.o(.text)
    EXTI_GetFlagStatus                       0x08003aff   Thumb Code    18  stm32f4xx_exti.o(.text)
    EXTI_ClearFlag                           0x08003b11   Thumb Code     8  stm32f4xx_exti.o(.text)
    EXTI_GetITStatus                         0x08003b19   Thumb Code    18  stm32f4xx_exti.o(.text)
    EXTI_ClearITPendingBit                   0x08003b2b   Thumb Code     8  stm32f4xx_exti.o(.text)
    SYSCFG_DeInit                            0x08003b3d   Thumb Code    24  stm32f4xx_syscfg.o(.text)
    SYSCFG_MemoryRemapConfig                 0x08003b55   Thumb Code     6  stm32f4xx_syscfg.o(.text)
    SYSCFG_MemorySwappingBank                0x08003b5b   Thumb Code     6  stm32f4xx_syscfg.o(.text)
    SYSCFG_EXTILineConfig                    0x08003b61   Thumb Code    42  stm32f4xx_syscfg.o(.text)
    SYSCFG_ETH_MediaInterfaceConfig          0x08003b8b   Thumb Code     8  stm32f4xx_syscfg.o(.text)
    SYSCFG_CompensationCellCmd               0x08003b93   Thumb Code     6  stm32f4xx_syscfg.o(.text)
    SYSCFG_GetCompensationCellStatus         0x08003b99   Thumb Code    16  stm32f4xx_syscfg.o(.text)
    display_menu                             0x08003bb9   Thumb Code   288  menu_system.o(.text)
    update_display                           0x08003cd9   Thumb Code    88  menu_system.o(.text)
    init_display                             0x08003d31   Thumb Code    76  menu_system.o(.text)
    cycle_menu                               0x08003d7d   Thumb Code   372  menu_system.o(.text)
    LED                                      0x08003ef9   Thumb Code   148  menu_functions.o(.text)
    apocalypse                               0x08003f8d   Thumb Code   174  menu_functions.o(.text)
    terminal_putc                            0x0800403b   Thumb Code   106  menu_functions.o(.text)
    terminal                                 0x080040a5   Thumb Code   468  menu_functions.o(.text)
    verzija                                  0x08004279   Thumb Code     8  menu_functions.o(.text)
    touch                                    0x08004281   Thumb Code   444  menu_functions.o(.text)
    uint16tostr                              0x0800443d   Thumb Code    62  menu_functions.o(.text)
    get_event                                0x08004481   Thumb Code    16  menu_event.o(.text)
    get_key                                  0x08004491   Thumb Code    22  menu_event.o(.text)
    read_key                                 0x080044a7   Thumb Code    16  menu_event.o(.text)
    button_pressed                           0x080044bd   Thumb Code    60  menu_button.o(.text)
    menu_draw_button                         0x080044f9   Thumb Code    42  menu_button.o(.text)
    menu_draw_slider                         0x08004523   Thumb Code   220  menu_button.o(.text)
    slider_pressed                           0x080045ff   Thumb Code   108  menu_button.o(.text)
    menu_touch_init                          0x08004671   Thumb Code     4  menu_touch.o(.text)
    menu_get_touch_coordinates               0x08004675   Thumb Code     4  menu_touch.o(.text)
    menu_touch_pressed                       0x08004679   Thumb Code     4  menu_touch.o(.text)
    menu_touch_gesture                       0x0800467d   Thumb Code   164  menu_touch.o(.text)
    menu_display_init                        0x08004721   Thumb Code     4  menu_display.o(.text)
    menu_display_draw_pixel                  0x08004725   Thumb Code     4  menu_display.o(.text)
    menu_display_draw_rectangle              0x08004729   Thumb Code    12  menu_display.o(.text)
    menu_display_draw_filled_rectangle       0x08004735   Thumb Code    12  menu_display.o(.text)
    menu_display_draw_circle                 0x08004741   Thumb Code    10  menu_display.o(.text)
    menu_display_draw_filled_circle          0x0800474b   Thumb Code    10  menu_display.o(.text)
    menu_display_draw_line                   0x08004755   Thumb Code    12  menu_display.o(.text)
    menu_display_fill                        0x08004761   Thumb Code     4  menu_display.o(.text)
    menu_display_puts                        0x08004765   Thumb Code    16  menu_display.o(.text)
    STM_EVAL_LEDInit                         0x08004775   Thumb Code    62  stm32f4_discovery.o(.text)
    STM_EVAL_LEDOn                           0x080047b3   Thumb Code    18  stm32f4_discovery.o(.text)
    STM_EVAL_LEDOff                          0x080047c5   Thumb Code    18  stm32f4_discovery.o(.text)
    STM_EVAL_LEDToggle                       0x080047d7   Thumb Code    22  stm32f4_discovery.o(.text)
    STM_EVAL_PBInit                          0x080047ed   Thumb Code   148  stm32f4_discovery.o(.text)
    STM_EVAL_PBGetState                      0x08004881   Thumb Code    20  stm32f4_discovery.o(.text)
    __use_two_region_memory                  0x0800489d   Thumb Code     2  heapauxi.o(.text)
    __rt_heap_escrow$2region                 0x0800489f   Thumb Code     2  heapauxi.o(.text)
    __rt_heap_expand$2region                 0x080048a1   Thumb Code     2  heapauxi.o(.text)
    __user_setup_stackheap                   0x080048a3   Thumb Code    74  sys_stackheap_outer.o(.text)
    exit                                     0x080048ed   Thumb Code    12  exit.o(.text)
    __user_libspace                          0x080048f9   Thumb Code     8  libspace.o(.text)
    __user_perproc_libspace                  0x080048f9   Thumb Code     0  libspace.o(.text)
    __user_perthread_libspace                0x080048f9   Thumb Code     0  libspace.o(.text)
    _sys_exit                                0x08004901   Thumb Code     8  sys_exit.o(.text)
    __I$use$semihosting                      0x0800490d   Thumb Code     0  use_no_semi.o(.text)
    __use_no_semihosting_swi                 0x0800490d   Thumb Code     2  use_no_semi.o(.text)
    __hardfp_fabs                            0x0800490f   Thumb Code    20  fabs.o(i.__hardfp_fabs)
    __semihosting_library_function           0x0800490f   Thumb Code     0  indicate_semi.o(.text)
    __fpl_dcmp_Inf                           0x08004923   Thumb Code    24  dcmpi.o(x$fpl$dcmpinf)
    __aeabi_ddiv                             0x0800493d   Thumb Code     0  ddiv.o(x$fpl$ddiv)
    _ddiv                                    0x0800493d   Thumb Code   552  ddiv.o(x$fpl$ddiv)
    __aeabi_d2uiz                            0x08004bed   Thumb Code     0  dfixu.o(x$fpl$dfixu)
    _dfixu                                   0x08004bed   Thumb Code    90  dfixu.o(x$fpl$dfixu)
    __aeabi_i2d                              0x08004c47   Thumb Code     0  dflt_clz.o(x$fpl$dflt)
    _dflt                                    0x08004c47   Thumb Code    46  dflt_clz.o(x$fpl$dflt)
    __aeabi_cdcmple                          0x08004c75   Thumb Code     0  dleqf.o(x$fpl$dleqf)
    _dcmple                                  0x08004c75   Thumb Code   120  dleqf.o(x$fpl$dleqf)
    __fpl_dcmple_InfNaN                      0x08004cd7   Thumb Code     0  dleqf.o(x$fpl$dleqf)
    __fpl_dnaninf                            0x08004ced   Thumb Code   156  dnaninf.o(x$fpl$dnaninf)
    __fpl_dretinf                            0x08004d89   Thumb Code    12  dretinf.o(x$fpl$dretinf)
    __aeabi_cdrcmple                         0x08004d95   Thumb Code     0  drleqf.o(x$fpl$drleqf)
    _drcmple                                 0x08004d95   Thumb Code   108  drleqf.o(x$fpl$drleqf)
    _fp_init                                 0x08004e01   Thumb Code    10  fpinit.o(x$fpl$fpinit)
    __fplib_config_fpu_vfp                   0x08004e09   Thumb Code     0  fpinit.o(x$fpl$fpinit)
    __fplib_config_pureend_doubles           0x08004e09   Thumb Code     0  fpinit.o(x$fpl$fpinit)
    TM_Font7x10                              0x08004e0a   Data        1900  tm_stm32f4_fonts.o(.constdata)
    __I$use$fp                               0x08004e0a   Number         0  usenofp.o(x$fpl$usenofp)
    TM_Font11x18                             0x08005576   Data        3420  tm_stm32f4_fonts.o(.constdata)
    BUTTON_PORT_SOURCE                       0x080062d4   Data           1  stm32f4_discovery.o(.constdata)
    BUTTON_PIN_SOURCE                        0x080062d5   Data           1  stm32f4_discovery.o(.constdata)
    BUTTON_IRQn                              0x080062d6   Data           1  stm32f4_discovery.o(.constdata)
    BUTTON_PIN                               0x080062d8   Data           2  stm32f4_discovery.o(.constdata)
    BUTTON_EXTI_LINE                         0x080062da   Data           2  stm32f4_discovery.o(.constdata)
    BUTTON_CLK                               0x080062dc   Data           4  stm32f4_discovery.o(.constdata)
    GPIO_PIN                                 0x080062e0   Data           8  stm32f4_discovery.o(.constdata)
    GPIO_CLK                                 0x080062e8   Data          16  stm32f4_discovery.o(.constdata)
    Region$$Table$$Base                      0x08006344   Number         0  anon$$obj.o(Region$$Table)
    Region$$Table$$Limit                     0x08006364   Number         0  anon$$obj.o(Region$$Table)
    SystemCoreClock                          0x20000000   Data           4  system_stm32f4xx.o(.data)
    AHBPrescTable                            0x20000004   Data          16  system_stm32f4xx.o(.data)
    Version_Info                             0x20000014   Data         152  main.o(.data)
    Author_Info                              0x200000ac   Data         152  main.o(.data)
    LED_Main_Menu                            0x20000144   Data         152  main.o(.data)
    Info_Main_Menu                           0x200001dc   Data         152  main.o(.data)
    Voltmeter_Main_Menu                      0x20000274   Data         152  main.o(.data)
    Clock_Main_Menu                          0x2000030c   Data         152  main.o(.data)
    Terminal_Main_Menu                       0x200003a4   Data         152  main.o(.data)
    Calculator_Main_Menu                     0x2000043c   Data         152  main.o(.data)
    Notepad_Main_Menu                        0x200004d4   Data         152  main.o(.data)
    WorldDomination_Main_Menu                0x2000056c   Data         152  main.o(.data)
    Apocalypse_Main_Menu                     0x20000604   Data         152  main.o(.data)
    Touch_Main_Menu                          0x2000069c   Data         152  main.o(.data)
    main_menu                                0x20000734   Data         152  main.o(.data)
    pen_up_flag                              0x200007cc   Data           1  xpt2046.o(.data)
    X_point                                  0x200007ce   Data           2  xpt2046.o(.data)
    Y_point                                  0x200007d0   Data           2  xpt2046.o(.data)
    X0                                       0x200007d2   Data           2  xpt2046.o(.data)
    Y0                                       0x200007d4   Data           2  xpt2046.o(.data)
    ILI9341_x                                0x200007d6   Data           2  tm_stm32f4_ili9341.o(.data)
    ILI9341_y                                0x200007d8   Data           2  tm_stm32f4_ili9341.o(.data)
    ILI9341_Opts                             0x200007da   Data           6  tm_stm32f4_ili9341.o(.data)
    TM_Font_7x10                             0x200007e8   Data           8  tm_stm32f4_fonts.o(.data)
    TM_Font_11x18                            0x200007f0   Data           8  tm_stm32f4_fonts.o(.data)
    pxCurrentTCB                             0x200007f8   Data           4  tasks.o(.data)
    blanks                                   0x2000086c   Data          21  menu_system.o(.data)
    LED_initialized                          0x20000881   Data           1  menu_functions.o(.data)
    menu_key_read                            0x20000882   Data           1  menu_event.o(.data)
    menu_event_key                           0x20000883   Data           1  menu_event.o(.data)
    BUTTON_PORT                              0x20000884   Data           4  stm32f4_discovery.o(.data)
    GPIO_PORT                                0x20000888   Data          16  stm32f4_discovery.o(.data)
    __libspace_start                         0x20009538   Data          96  libspace.o(.bss)
    __temporary_stack_top$libspace           0x20009598   Data           0  libspace.o(.bss)



==============================================================================

Memory Map of the image

  Image Entry point : 0x08000189

  Load Region LR_IROM1 (Base: 0x08000000, Size: 0x00006bfc, Max: 0x00100000, ABSOLUTE, COMPRESSED[0x00006480])

    Execution Region ER_IROM1 (Base: 0x08000000, Size: 0x00006364, Max: 0x00100000, ABSOLUTE)

    Base Addr    Size         Type   Attr      Idx    E Section Name        Object

    0x08000000   0x00000188   Data   RO            3    RESET               startup_stm32f40xx.o
    0x08000188   0x00000008   Code   RO         1082  * !!!main             c_w.l(__main.o)
    0x08000190   0x00000034   Code   RO         1275    !!!scatter          c_w.l(__scatter.o)
    0x080001c4   0x0000005a   Code   RO         1273    !!dczerorl2         c_w.l(__dczerorl2.o)
    0x0800021e   0x00000002   PAD
    0x08000220   0x0000001c   Code   RO         1277    !!handler_zi        c_w.l(__scatter_zi.o)
    0x0800023c   0x00000002   Code   RO         1144    .ARM.Collect$$libinit$$00000000  c_w.l(libinit.o)
    0x0800023e   0x00000004   Code   RO         1150    .ARM.Collect$$libinit$$00000001  c_w.l(libinit2.o)
    0x08000242   0x00000000   Code   RO         1153    .ARM.Collect$$libinit$$00000004  c_w.l(libinit2.o)
    0x08000242   0x00000000   Code   RO         1156    .ARM.Collect$$libinit$$0000000A  c_w.l(libinit2.o)
    0x08000242   0x00000000   Code   RO         1158    .ARM.Collect$$libinit$$0000000C  c_w.l(libinit2.o)
    0x08000242   0x00000000   Code   RO         1160    .ARM.Collect$$libinit$$0000000E  c_w.l(libinit2.o)
    0x08000242   0x00000000   Code   RO         1163    .ARM.Collect$$libinit$$00000011  c_w.l(libinit2.o)
    0x08000242   0x00000000   Code   RO         1165    .ARM.Collect$$libinit$$00000013  c_w.l(libinit2.o)
    0x08000242   0x00000000   Code   RO         1167    .ARM.Collect$$libinit$$00000015  c_w.l(libinit2.o)
    0x08000242   0x00000000   Code   RO         1169    .ARM.Collect$$libinit$$00000017  c_w.l(libinit2.o)
    0x08000242   0x00000000   Code   RO         1171    .ARM.Collect$$libinit$$00000019  c_w.l(libinit2.o)
    0x08000242   0x00000000   Code   RO         1173    .ARM.Collect$$libinit$$0000001B  c_w.l(libinit2.o)
    0x08000242   0x00000000   Code   RO         1175    .ARM.Collect$$libinit$$0000001D  c_w.l(libinit2.o)
    0x08000242   0x00000000   Code   RO         1177    .ARM.Collect$$libinit$$0000001F  c_w.l(libinit2.o)
    0x08000242   0x00000000   Code   RO         1179    .ARM.Collect$$libinit$$00000021  c_w.l(libinit2.o)
    0x08000242   0x00000000   Code   RO         1181    .ARM.Collect$$libinit$$00000023  c_w.l(libinit2.o)
    0x08000242   0x00000000   Code   RO         1183    .ARM.Collect$$libinit$$00000025  c_w.l(libinit2.o)
    0x08000242   0x00000000   Code   RO         1187    .ARM.Collect$$libinit$$0000002C  c_w.l(libinit2.o)
    0x08000242   0x00000000   Code   RO         1189    .ARM.Collect$$libinit$$0000002E  c_w.l(libinit2.o)
    0x08000242   0x00000000   Code   RO         1191    .ARM.Collect$$libinit$$00000030  c_w.l(libinit2.o)
    0x08000242   0x00000000   Code   RO         1193    .ARM.Collect$$libinit$$00000032  c_w.l(libinit2.o)
    0x08000242   0x00000002   Code   RO         1194    .ARM.Collect$$libinit$$00000033  c_w.l(libinit2.o)
    0x08000244   0x00000002   Code   RO         1214    .ARM.Collect$$libshutdown$$00000000  c_w.l(libshutdown.o)
    0x08000246   0x00000000   Code   RO         1228    .ARM.Collect$$libshutdown$$00000003  c_w.l(libshutdown2.o)
    0x08000246   0x00000000   Code   RO         1231    .ARM.Collect$$libshutdown$$00000006  c_w.l(libshutdown2.o)
    0x08000246   0x00000000   Code   RO         1234    .ARM.Collect$$libshutdown$$00000009  c_w.l(libshutdown2.o)
    0x08000246   0x00000000   Code   RO         1236    .ARM.Collect$$libshutdown$$0000000B  c_w.l(libshutdown2.o)
    0x08000246   0x00000000   Code   RO         1239    .ARM.Collect$$libshutdown$$0000000E  c_w.l(libshutdown2.o)
    0x08000246   0x00000002   Code   RO         1240    .ARM.Collect$$libshutdown$$0000000F  c_w.l(libshutdown2.o)
    0x08000248   0x00000000   Code   RO         1110    .ARM.Collect$$rtentry$$00000000  c_w.l(__rtentry.o)
    0x08000248   0x00000000   Code   RO         1121    .ARM.Collect$$rtentry$$00000002  c_w.l(__rtentry2.o)
    0x08000248   0x00000006   Code   RO         1133    .ARM.Collect$$rtentry$$00000004  c_w.l(__rtentry4.o)
    0x0800024e   0x00000000   Code   RO         1123    .ARM.Collect$$rtentry$$00000009  c_w.l(__rtentry2.o)
    0x0800024e   0x00000004   Code   RO         1124    .ARM.Collect$$rtentry$$0000000A  c_w.l(__rtentry2.o)
    0x08000252   0x00000000   Code   RO         1126    .ARM.Collect$$rtentry$$0000000C  c_w.l(__rtentry2.o)
    0x08000252   0x00000008   Code   RO         1127    .ARM.Collect$$rtentry$$0000000D  c_w.l(__rtentry2.o)
    0x0800025a   0x00000002   Code   RO         1148    .ARM.Collect$$rtexit$$00000000  c_w.l(rtexit.o)
    0x0800025c   0x00000000   Code   RO         1196    .ARM.Collect$$rtexit$$00000002  c_w.l(rtexit2.o)
    0x0800025c   0x00000004   Code   RO         1197    .ARM.Collect$$rtexit$$00000003  c_w.l(rtexit2.o)
    0x08000260   0x00000006   Code   RO         1198    .ARM.Collect$$rtexit$$00000004  c_w.l(rtexit2.o)
    0x08000266   0x00000002   PAD
    0x08000268   0x000000b6   Code   RO          671    .emb_text           port.o
    0x0800031e   0x00000002   PAD
    0x08000320   0x00000040   Code   RO            4    .text               startup_stm32f40xx.o
    0x08000360   0x0000017c   Code   RO           13    .text               system_stm32f4xx.o
    0x080004dc   0x000000b8   Code   RO          144    .text               main.o
    0x08000594   0x0000000e   Code   RO          282    .text               stm32f4xx_it.o
    0x080005a2   0x00000002   PAD
    0x080005a4   0x00000108   Code   RO          309    .text               usart.o
    0x080006ac   0x00000280   Code   RO          337    .text               xpt2046.o
    0x0800092c   0x0000087e   Code   RO          368    .text               tm_stm32f4_ili9341.o
    0x080011aa   0x00000002   PAD
    0x080011ac   0x000005c4   Code   RO          400    .text               tm_stm32f4_spi.o
    0x08001770   0x00000350   Code   RO          425    .text               tm_stm32f4_gpio.o
    0x08001ac0   0x00000d10   Code   RO          585    .text               tasks.o
    0x080027d0   0x00000088   Code   RO          620    .text               list.o
    0x08002858   0x000000f4   Code   RO          644    .text               heap_2.o
    0x0800294c   0x0000031c   Code   RO          672    .text               port.o
    0x08002c68   0x000000b0   Code   RO          707    .text               misc.o
    0x08002d18   0x00000480   Code   RO          731    .text               stm32f4xx_rcc.o
    0x08003198   0x00000238   Code   RO          757    .text               stm32f4xx_gpio.o
    0x080033d0   0x0000032c   Code   RO          781    .text               stm32f4xx_spi.o
    0x080036fc   0x00000360   Code   RO          805    .text               stm32f4xx_usart.o
    0x08003a5c   0x000000e0   Code   RO          830    .text               stm32f4xx_exti.o
    0x08003b3c   0x0000007c   Code   RO          854    .text               stm32f4xx_syscfg.o
    0x08003bb8   0x00000340   Code   RO          878    .text               menu_system.o
    0x08003ef8   0x00000588   Code   RO          914    .text               menu_functions.o
    0x08004480   0x0000003c   Code   RO          949    .text               menu_event.o
    0x080044bc   0x000001b4   Code   RO          970    .text               menu_button.o
    0x08004670   0x000000b0   Code   RO          994    .text               menu_touch.o
    0x08004720   0x00000054   Code   RO         1023    .text               menu_display.o
    0x08004774   0x00000128   Code   RO         1050    .text               stm32f4_discovery.o
    0x0800489c   0x00000006   Code   RO         1080    .text               c_w.l(heapauxi.o)
    0x080048a2   0x0000004a   Code   RO         1135    .text               c_w.l(sys_stackheap_outer.o)
    0x080048ec   0x0000000c   Code   RO         1137    .text               c_w.l(exit.o)
    0x080048f8   0x00000008   Code   RO         1145    .text               c_w.l(libspace.o)
    0x08004900   0x0000000c   Code   RO         1206    .text               c_w.l(sys_exit.o)
    0x0800490c   0x00000002   Code   RO         1217    .text               c_w.l(use_no_semi.o)
    0x0800490e   0x00000000   Code   RO         1219    .text               c_w.l(indicate_semi.o)
    0x0800490e   0x00000014   Code   RO         1104    i.__hardfp_fabs     m_wm.l(fabs.o)
    0x08004922   0x00000018   Code   RO         1113    x$fpl$dcmpinf       fz_wm.l(dcmpi.o)
    0x0800493a   0x00000002   PAD
    0x0800493c   0x000002b0   Code   RO         1085    x$fpl$ddiv          fz_wm.l(ddiv.o)
    0x08004bec   0x0000005a   Code   RO         1090    x$fpl$dfixu         fz_wm.l(dfixu.o)
    0x08004c46   0x0000002e   Code   RO         1095    x$fpl$dflt          fz_wm.l(dflt_clz.o)
    0x08004c74   0x00000078   Code   RO         1100    x$fpl$dleqf         fz_wm.l(dleqf.o)
    0x08004cec   0x0000009c   Code   RO         1115    x$fpl$dnaninf       fz_wm.l(dnaninf.o)
    0x08004d88   0x0000000c   Code   RO         1117    x$fpl$dretinf       fz_wm.l(dretinf.o)
    0x08004d94   0x0000006c   Code   RO         1102    x$fpl$drleqf        fz_wm.l(drleqf.o)
    0x08004e00   0x0000000a   Code   RO         1204    x$fpl$fpinit        fz_wm.l(fpinit.o)
    0x08004e0a   0x00000000   Code   RO         1119    x$fpl$usenofp       fz_wm.l(usenofp.o)
    0x08004e0a   0x0000076c   Data   RO          451    .constdata          tm_stm32f4_fonts.o
    0x08005576   0x00000d5c   Data   RO          452    .constdata          tm_stm32f4_fonts.o
    0x080062d2   0x00000002   PAD
    0x080062d4   0x00000024   Data   RO         1051    .constdata          stm32f4_discovery.o
    0x080062f8   0x0000004b   Data   RO          915    .conststring        menu_functions.o
    0x08006343   0x00000001   PAD
    0x08006344   0x00000020   Data   RO         1271    Region$$Table       anon$$obj.o


    Execution Region RW_IRAM1 (Base: 0x20000000, Size: 0x00009b98, Max: 0x00020000, ABSOLUTE, COMPRESSED[0x0000011c])

    Base Addr    Size         Type   Attr      Idx    E Section Name        Object

    0x20000000   0x00000014   Data   RW           14    .data               system_stm32f4xx.o
    0x20000014   0x00000098   Data   RW          145    .data               main.o
    0x200000ac   0x00000098   Data   RW          146    .data               main.o
    0x20000144   0x00000098   Data   RW          147    .data               main.o
    0x200001dc   0x00000098   Data   RW          148    .data               main.o
    0x20000274   0x00000098   Data   RW          149    .data               main.o
    0x2000030c   0x00000098   Data   RW          150    .data               main.o
    0x200003a4   0x00000098   Data   RW          151    .data               main.o
    0x2000043c   0x00000098   Data   RW          152    .data               main.o
    0x200004d4   0x00000098   Data   RW          153    .data               main.o
    0x2000056c   0x00000098   Data   RW          154    .data               main.o
    0x20000604   0x00000098   Data   RW          155    .data               main.o
    0x2000069c   0x00000098   Data   RW          156    .data               main.o
    0x20000734   0x00000098   Data   RW          157    .data               main.o
    0x200007cc   0x0000000a   Data   RW          338    .data               xpt2046.o
    0x200007d6   0x0000000a   Data   RW          370    .data               tm_stm32f4_ili9341.o
    0x200007e0   0x00000008   Data   RW          426    .data               tm_stm32f4_gpio.o
    0x200007e8   0x00000008   Data   RW          454    .data               tm_stm32f4_fonts.o
    0x200007f0   0x00000008   Data   RW          455    .data               tm_stm32f4_fonts.o
    0x200007f8   0x00000034   Data   RW          587    .data               tasks.o
    0x2000082c   0x00000018   Data   RW          646    .data               heap_2.o
    0x20000844   0x00000018   Data   RW          673    .data               port.o
    0x2000085c   0x00000010   Data   RW          732    .data               stm32f4xx_rcc.o
    0x2000086c   0x00000015   Data   RW          880    .data               menu_system.o
    0x20000881   0x00000001   Data   RW          916    .data               menu_functions.o
    0x20000882   0x00000002   Data   RW          950    .data               menu_event.o
    0x20000884   0x00000014   Data   RW         1052    .data               stm32f4_discovery.o
    0x20000898   0x000000a0   Zero   RW          586    .bss                tasks.o
    0x20000938   0x00008c00   Zero   RW          645    .bss                heap_2.o
    0x20009538   0x00000060   Zero   RW         1146    .bss                c_w.l(libspace.o)
    0x20009598   0x00000200   Zero   RW            2    HEAP                startup_stm32f40xx.o
    0x20009798   0x00000400   Zero   RW            1    STACK               startup_stm32f40xx.o


==============================================================================

Image component sizes


      Code (inc. data)   RO Data    RW Data    ZI Data      Debug   Object Name

       244          8          0         24      35840       3164   heap_2.o
       136          0          0          0          0       1858   list.o
       184         40          0       1976          0      17429   main.o
       436          6          0          0          0       1506   menu_button.o
        84          0          0          0          0       2195   menu_display.o
        60          6          0          2          0       1164   menu_event.o
      1416        250         75          1          0       3580   menu_functions.o
       832          8          0         21          0       3267   menu_system.o
       176          0          0          0          0       1637   menu_touch.o
       176         12          0          0          0       2029   misc.o
       978         46          0         24          0       6866   port.o
         0          0          0          0          0       9288   queue.o
        64         26        392          0       1536        828   startup_stm32f40xx.o
       296          8         36         20          0       2734   stm32f4_discovery.o
       224         10          0          0          0       2431   stm32f4xx_exti.o
       568         46          0          0          0       4013   stm32f4xx_gpio.o
        14          0          0          0          0       1133   stm32f4xx_it.o
      1152         48          0         16          0      11848   stm32f4xx_rcc.o
       812         38          0          0          0       6265   stm32f4xx_spi.o
       124         16          0          0          0       1837   stm32f4xx_syscfg.o
       864         34          0          0          0       7211   stm32f4xx_usart.o
       380         36          0         20          0     281755   system_stm32f4xx.o
      3344         64          0         52        160      16459   tasks.o
         0          0       5320         16          0        717   tm_stm32f4_fonts.o
       848         54          0          8          0       3625   tm_stm32f4_gpio.o
      2174         28          0         10          0       6627   tm_stm32f4_ili9341.o
      1476         76          0          0          0       5658   tm_stm32f4_spi.o
       264         16          0          0          0       1406   usart.o
       640         28          0         10          0       3127   xpt2046.o

    ----------------------------------------------------------------------
     17972        904       5858       2200      37536     411657   Object Totals
         0          0         32          0          0          0   (incl. Generated)
         6          0          3          0          0          0   (incl. Padding)

    ----------------------------------------------------------------------

      Code (inc. data)   RO Data    RW Data    ZI Data      Debug   Library Member Name

        90          0          0          0          0          0   __dczerorl2.o
         8          0          0          0          0         68   __main.o
         0          0          0          0          0          0   __rtentry.o
        12          0          0          0          0          0   __rtentry2.o
         6          0          0          0          0          0   __rtentry4.o
        52          8          0          0          0          0   __scatter.o
        28          0          0          0          0          0   __scatter_zi.o
        12          0          0          0          0         72   exit.o
         6          0          0          0          0        152   heapauxi.o
         0          0          0          0          0          0   indicate_semi.o
         2          0          0          0          0          0   libinit.o
         6          0          0          0          0          0   libinit2.o
         2          0          0          0          0          0   libshutdown.o
         2          0          0          0          0          0   libshutdown2.o
         8          4          0          0         96         68   libspace.o
         2          0          0          0          0          0   rtexit.o
        10          0          0          0          0          0   rtexit2.o
        12          4          0          0          0         68   sys_exit.o
        74          0          0          0          0         80   sys_stackheap_outer.o
         2          0          0          0          0         68   use_no_semi.o
        24          0          0          0          0        116   dcmpi.o
       688        140          0          0          0        256   ddiv.o
        90          4          0          0          0        140   dfixu.o
        46          0          0          0          0        116   dflt_clz.o
       120          4          0          0          0        140   dleqf.o
       156          4          0          0          0        140   dnaninf.o
        12          0          0          0          0        116   dretinf.o
       108          0          0          0          0        128   drleqf.o
        10          0          0          0          0        116   fpinit.o
         0          0          0          0          0          0   usenofp.o
        20          0          0          0          0        124   fabs.o

    ----------------------------------------------------------------------
      1614        168          0          0         96       1968   Library Totals
         6          0          0          0          0          0   (incl. Padding)

    ----------------------------------------------------------------------

      Code (inc. data)   RO Data    RW Data    ZI Data      Debug   Library Name

       334         16          0          0         96        576   c_w.l
      1254        152          0          0          0       1268   fz_wm.l
        20          0          0          0          0        124   m_wm.l

    ----------------------------------------------------------------------
      1614        168          0          0         96       1968   Library Totals

    ----------------------------------------------------------------------

==============================================================================


      Code (inc. data)   RO Data    RW Data    ZI Data      Debug   

     19586       1072       5858       2200      37632     405869   Grand Totals
     19586       1072       5858        284      37632     405869   ELF Image Totals (compressed)
     19586       1072       5858        284          0          0   ROM Totals

==============================================================================

    Total RO  Size (Code + RO Data)                25444 (  24.85kB)
    Total RW  Size (RW Data + ZI Data)             39832 (  38.90kB)
    Total ROM Size (Code + RO Data + RW Data)      25728 (  25.13kB)

==============================================================================

