<html>
<body>
<pre>
<h1>µVision Build Log</h1>
<h2>Project:</h2>
C:\Users\Ivan47\Desktop\Završni rad\Project\LCD_menu.uvproj
Project File Date:  04/04/2015

<h2>Output:</h2>
Build target 'Target 1'
compiling main.c...
..\00-STM32F4xx_STANDARD_PERIPHERAL_DRIVERS\CMSIS\Device\ST\STM32F4xx\Include\stm32f4xx.h(93): warning:  #47-D: incompatible redefinition of macro "STM32F40_41xxx"
    #define STM32F40_41xxx
..\Menu\menu_system.h(21): warning:  #1-D: last line of file ends without a newline
  void display_menu(menu* menu);
User\main.c: 2 warnings, 0 errors
compiling tm_stm32f4_ili9341.c...
..\00-STM32F4xx_STANDARD_PERIPHERAL_DRIVERS\CMSIS\Device\ST\STM32F4xx\Include\stm32f4xx.h(93): warning:  #47-D: incompatible redefinition of macro "STM32F40_41xxx"
    #define STM32F40_41xxx
..\TM\tm_stm32f4_ili9341.c: 1 warning, 0 errors
compiling tm_stm32f4_spi.c...
..\00-STM32F4xx_STANDARD_PERIPHERAL_DRIVERS\CMSIS\Device\ST\STM32F4xx\Include\stm32f4xx.h(93): warning:  #47-D: incompatible redefinition of macro "STM32F40_41xxx"
    #define STM32F40_41xxx
..\TM\tm_stm32f4_spi.c: 1 warning, 0 errors
compiling tm_stm32f4_gpio.c...
..\00-STM32F4xx_STANDARD_PERIPHERAL_DRIVERS\CMSIS\Device\ST\STM32F4xx\Include\stm32f4xx.h(93): warning:  #47-D: incompatible redefinition of macro "STM32F40_41xxx"
    #define STM32F40_41xxx
..\TM\tm_stm32f4_gpio.c: 1 warning, 0 errors
compiling tm_stm32f4_usart.c...
..\00-STM32F4xx_STANDARD_PERIPHERAL_DRIVERS\CMSIS\Device\ST\STM32F4xx\Include\stm32f4xx.h(93): warning:  #47-D: incompatible redefinition of macro "STM32F40_41xxx"
    #define STM32F40_41xxx
..\TM\tm_stm32f4_usart.c: 1 warning, 0 errors
compiling tm_stm32f4_fonts.c...
..\00-STM32F4xx_STANDARD_PERIPHERAL_DRIVERS\CMSIS\Device\ST\STM32F4xx\Include\stm32f4xx.h(93): warning:  #47-D: incompatible redefinition of macro "STM32F40_41xxx"
    #define STM32F40_41xxx
..\TM\tm_stm32f4_fonts.c: 1 warning, 0 errors
compiling tm_stm32f4_delay.c...
..\00-STM32F4xx_STANDARD_PERIPHERAL_DRIVERS\CMSIS\Device\ST\STM32F4xx\Include\stm32f4xx.h(93): warning:  #47-D: incompatible redefinition of macro "STM32F40_41xxx"
    #define STM32F40_41xxx
..\TM\tm_stm32f4_delay.c: 1 warning, 0 errors
compiling menu_system.c...
..\Menu\menu_system.h(21): warning:  #1-D: last line of file ends without a newline
  void display_menu(menu* menu);
..\00-STM32F4xx_STANDARD_PERIPHERAL_DRIVERS\CMSIS\Device\ST\STM32F4xx\Include\stm32f4xx.h(93): warning:  #47-D: incompatible redefinition of macro "STM32F40_41xxx"
    #define STM32F40_41xxx
..\Menu\menu_system.c(23): warning:  #1-D: last line of file ends without a newline
  }
..\Menu\menu_system.c: 3 warnings, 0 errors
linking...
Program Size: Code=19192 RO-data=10684 RW-data=1204 ZI-data=37828  
FromELF: creating hex file...
".\Build\LCD_menu.axf" - 0 Error(s), 11 Warning(s).
Load "C:\\Users\\Ivan47\\Desktop\\Završni rad\\Project\\Build\\LCD_menu.axf" 
Erase Done.
Programming Done.
Verify OK.
Application running ...
</pre>
</body>
</html>
rogramming Done.
Verify OK.
Application running ...
s), 12 Warning(s).
Target not created
ng list.c...
..\00-STM32F4xx_STANDARD_PERIPHERAL_DRIVERS\CMSIS\Device\ST\STM32F4xx\Include\stm32f4xx.h(93): warning:  #47-D: incompatible redefinition of macro "STM32F40_41xxx"
    #define STM32F40_41xxx
..\FreeRTOSV8.2.1\FreeRTOS\Source\list.c: 1 warning, 0 errors
compiling heap_2.c...
..\00-STM32F4xx_STANDARD_PERIPHERAL_DRIVERS\CMSIS\Device\ST\STM32F4xx\Include\stm32f4xx.h(93): warning:  #47-D: incompatible redefinition of macro "STM32F40_41xxx"
    #define STM32F40_41xxx
..\FreeRTOSV8.2.1\FreeRTOS\Source\portable\MemMang\heap_2.c: 1 warning, 0 errors
compiling port.c...
..\00-STM32F4xx_STANDARD_PERIPHERAL_DRIVERS\CMSIS\Device\ST\STM32F4xx\Include\stm32f4xx.h(93): warning:  #47-D: incompatible redefinition of macro "STM32F40_41xxx"
    #define STM32F40_41xxx
..\FreeRTOSV8.2.1\FreeRTOS\Source\portable\RVDS\ARM_CM4F\port.c: 1 warning, 0 errors
compiling misc.c...
..\00-STM32F4xx_STANDARD_PERIPHERAL_DRIVERS\CMSIS\Device\ST\STM32F4xx\Include\stm32f4xx.h(93): warning:  #47-D: incompatible redefinition of macro "STM32F40_41xxx"
    #define STM32F40_41xxx
..\00-STM32F4xx_STANDARD_PERIPHERAL_DRIVERS\STM32F4xx_StdPeriph_Driver\src\misc.c: 1 warning, 0 errors
compiling stm32f4xx_rcc.c...
..\00-STM32F4xx_STANDARD_PERIPHERAL_DRIVERS\CMSIS\Device\ST\STM32F4xx\Include\stm32f4xx.h(93): warning:  #47-D: incompatible redefinition of macro "STM32F40_41xxx"
    #define STM32F40_41xxx
..\00-STM32F4xx_STANDARD_PERIPHERAL_DRIVERS\STM32F4xx_StdPeriph_Driver\src\stm32f4xx_rcc.c: 1 warning, 0 errors
compiling stm32f4xx_gpio.c...
..\00-STM32F4xx_STANDARD_PERIPHERAL_DRIVERS\CMSIS\Device\ST\STM32F4xx\Include\stm32f4xx.h(93): warning:  #47-D: incompatible redefinition of macro "STM32F40_41xxx"
    #define STM32F40_41xxx
..\00-STM32F4xx_STANDARD_PERIPHERAL_DRIVERS\STM32F4xx_StdPeriph_Driver\src\stm32f4xx_gpio.c: 1 warning, 0 errors
compiling stm32f4xx_spi.c...
..\00-STM32F4xx_STANDARD_PERIPHERAL_DRIVERS\CMSIS\Device\ST\STM32F4xx\Include\stm32f4xx.h(93): warning:  #47-D: incompatible redefinition of macro "STM32F40_41xxx"
    #define STM32F40_41xxx
..\00-STM32F4xx_STANDARD_PERIPHERAL_DRIVERS\STM32F4xx_StdPeriph_Driver\src\stm32f4xx_spi.c: 1 warning, 0 errors
compiling stm32f4xx_usart.c...
..\00-STM32F4xx_STANDARD_PERIPHERAL_DRIVERS\CMSIS\Device\ST\STM32F4xx\Include\stm32f4xx.h(93): warning:  #47-D: incompatible redefinition of macro "STM32F40_41xxx"
    #define STM32F40_41xxx
..\00-STM32F4xx_STANDARD_PERIPHERAL_DRIVERS\STM32F4xx_StdPeriph_Driver\src\stm32f4xx_usart.c: 1 warning, 0 errors
linking...
.\Build\LCD_menu.axf: Error: L6218E: Undefined symbol display_menu (referred from main.o).
Not enough information to list image symbols.
Finished: 1 information, 0 warning and 1 error messages.
".\Build\LCD_menu.axf" - 1 Error(s), 20 Warning(s).
Target not created
